Archive member included because of file (symbol)

/cygdrive/c/TWESDK/Wks_ToCoNet/Samp_Monitor_2/../../Wks_libToCoNet/libToCoNet/lib/libToCoNet_JN5164.a(ToCoNet_event.o)
                              objs_JN5164/EndDevice_Input.o (_PRSEV_u8Register)
/cygdrive/c/TWESDK/Wks_ToCoNet/Samp_Monitor_2/../../Wks_libToCoNet/libToCoNet/lib/libToCoNet_JN5164.a(ToCoNet_main.o)
                              objs_JN5164/EndDevice_Input.o (_ToCoNet_vDebugInit)
/cygdrive/c/TWESDK/Wks_ToCoNet/Samp_Monitor_2/../../Wks_libToCoNet/libToCoNet/lib/libToCoNet_JN5164.a(ToCoNet_utils.o)
                              objs_JN5164/EndDevice_Input.o (_ToCoNet_u32GetVersion)
/cygdrive/c/TWESDK/Wks_ToCoNet/Samp_Monitor_2/../../Wks_libToCoNet/libToCoNet/lib/libToCoNet_JN5164.a(ToCoNet_mod_Tx.o)
                              objs_JN5164/EndDevice_Input.o (_ToCoNet_vReg_mod_Tx_Standard)
/cygdrive/c/TWESDK/Wks_ToCoNet/Samp_Monitor_2/../../Wks_libToCoNet/libToCoNet/lib/libToCoNet_JN5164.a(ToCoNet_mod_TxRxQueue.o)
                              objs_JN5164/EndDevice_Input.o (_ToCoNet_vReg_mod_TxRxQueueMid)
/cygdrive/c/TWESDK/Wks_ToCoNet/Samp_Monitor_2/../../Wks_libToCoNet/libToCoNet/lib/libToCoNet_JN5164.a(ToCoNet_mod_Nwk_Common.o)
                              /cygdrive/c/TWESDK/Wks_ToCoNet/Samp_Monitor_2/../../Wks_libToCoNet/libToCoNet/lib/libToCoNet_JN5164.a(ToCoNet_main.o) (_ToCoNet_vRxProc_App)
/cygdrive/c/TWESDK/Wks_ToCoNet/Samp_Monitor_2/../../Wks_libToCoNet/libToCoNet/lib/libToCoNet_JN5164.a(ToCoNet_mod_Nwk_LayerTree_MiniNodes.o)
                              objs_JN5164/ProcessEv_Standard.o (_ToCoNet_NwkLyTr_psConfig_MiniNodes)
/cygdrive/c/TWESDK/Wks_ToCoNet/Samp_Monitor_2/../../Wks_libToCoNet/libToCoNet/lib/libToCoNet_JN5164.a(ToCoNet_mod_Channel_Mgr.o)
                              /cygdrive/c/TWESDK/Wks_ToCoNet/Samp_Monitor_2/../../Wks_libToCoNet/libToCoNet/lib/libToCoNet_JN5164.a(ToCoNet_main.o) (_ToCoNet_ChMgr_bCh_Reconfig)
/cygdrive/c/TWESDK/Wks_ToCoNet/Samp_Monitor_2/../../Wks_libToCoNet/libToCoNet/lib/libToCoNet_JN5164.a(Version.o)
                              /cygdrive/c/TWESDK/Wks_ToCoNet/Samp_Monitor_2/../../Wks_libToCoNet/libToCoNet/lib/libToCoNet_JN5164.a(ToCoNet_utils.o) (_au8ToCoNetVersionInfo)
/cygdrive/c/TWESDK/Wks_ToCoNet/Samp_Monitor_2/../../Wks_libToCoNet/libToCoNet/lib/libToCoNet_JN5164.a(AppQueueApi_ToCoNet.o)
                              /cygdrive/c/TWESDK/Wks_ToCoNet/Samp_Monitor_2/../../Wks_libToCoNet/libToCoNet/lib/libToCoNet_JN5164.a(ToCoNet_main.o) (_psAppQApiReadHwIndT)
/cygdrive/c/TWESDK/Wks_ToCoNet/Samp_Monitor_2/../../Wks_libToCoNet/libToCoNet/lib/libToCoNet_JN5164.a(ToCoNet_mod_Nwk_LayerTree.o)
                              /cygdrive/c/TWESDK/Wks_ToCoNet/Samp_Monitor_2/../../Wks_libToCoNet/libToCoNet/lib/libToCoNet_JN5164.a(ToCoNet_mod_Nwk_LayerTree_MiniNodes.o) (_ToCoNet_NwkLyTr_psConfig)
/cygdrive/c/TWESDK/Wks_ToCoNet/Samp_Monitor_2/../../Wks_libToCoNet/libToCoNet/lib/libToCoNet_JN5164.a(ToCoNet_mod_NbScan.o)
                              /cygdrive/c/TWESDK/Wks_ToCoNet/Samp_Monitor_2/../../Wks_libToCoNet/libToCoNet/lib/libToCoNet_JN5164.a(ToCoNet_mod_Nwk_LayerTree.o) (_ToCoNet_NbScan_bStartToFindRole)
/cygdrive/c/TWESDK/Wks_ToCoNet/Samp_Monitor_2/../../Wks_libToCoNet/libToCoNet/lib/libToCoNetExt_JN5164.a(AppStart.o)
                              /cygdrive/c/TWESDK/Wks_ToCoNet/Samp_Monitor_2/../../Wks_libToCoNet/libToCoNet/lib/libToCoNet_JN5164.a(ToCoNet_mod_Channel_Mgr.o) (__ToCoNet_bRfChChannel)
/cygdrive/c/TWESDK/Wks_ToCoNet/Samp_Monitor_2/../../Wks_libToCoNet/libToCoNet/lib/libToCoNetExt_JN5164.a(getMacAddr.o)
                              /cygdrive/c/TWESDK/Wks_ToCoNet/Samp_Monitor_2/../../Wks_libToCoNet/libToCoNet/lib/libToCoNet_JN5164.a(ToCoNet_main.o) (_ToCoNet_u32GetSerialOnBoot)
/cygdrive/c/TWESDK/Wks_ToCoNet/Samp_Monitor_2/../../Wks_libToCoNet/libToCoNet/lib/libToCoNetExt_JN5164.a(mac.o)
                              /cygdrive/c/TWESDK/Wks_ToCoNet/Samp_Monitor_2/../../Wks_libToCoNet/libToCoNet/lib/libToCoNet_JN5164.a(ToCoNet_main.o) (_Mac_bRxQueueReg)
/cygdrive/c/TWESDK/Wks_ToCoNet/Samp_Monitor_2/../../Wks_libToCoNet/libToCoNet/lib/libToCoNetExt_JN5164.a(AES_CCM.o)
                              /cygdrive/c/TWESDK/Wks_ToCoNet/Samp_Monitor_2/../../Wks_libToCoNet/libToCoNet/lib/libToCoNetExt_JN5164.a(mac.o) (_bAES_CCM_Encode)
/cygdrive/c/TWESDK/Wks_ToCoNet/Samp_Monitor_2/../../Wks_libToCoNet/libToCoNet/lib/libToCoNetExt_JN5164.a(eeprom_6x.o)
                              objs_JN5164/flash.o (_EEP_6x_bRead)
/cygdrive/c/TWESDK/Wks_ToCoNet/Samp_Monitor_2/../../Wks_libToCoNet/libToCoNet/lib/libToCoNetExt_JN5164.a(no_ack_handler.o)
                              /cygdrive/c/TWESDK/Wks_ToCoNet/Samp_Monitor_2/../../Wks_libToCoNet/libToCoNet/lib/libToCoNetExt_JN5164.a(AppStart.o) (_vInstallNoAckHandler)
/cygdrive/c/TWESDK/Wks_ToCoNet/Samp_Monitor_2/../../Wks_libToCoNet/libToCoNet/lib/libToCoNetExt_JN5164.a(Version.o)
[...]
Memory Configuration

Name             Origin             Length             Attributes
flash            0x00080000         0x00028000
ram              0x0400004c         0x00007fb4
*default*        0x00000000         0xffffffff

Linker script and memory map

LOAD objs_JN5164/EndDevice_Input.o
LOAD objs_JN5164/common.o
LOAD objs_JN5164/flash.o
LOAD objs_JN5164/adc.o
LOAD objs_JN5164/SMBus.o
LOAD objs_JN5164/BH1715.o
LOAD objs_JN5164/SHT21.o
LOAD objs_JN5164/ADT7410.o
LOAD objs_JN5164/MPL115A2.o
LOAD objs_JN5164/LIS3DH.o
LOAD objs_JN5164/sensor_driver.o
LOAD objs_JN5164/Interactive.o
LOAD objs_JN5164/input_string.o
LOAD objs_JN5164/sercmd_ascii.o
LOAD objs_JN5164/sercmd_chat.o
LOAD objs_JN5164/sercmd_plus3.o
LOAD objs_JN5164/sercmd_binary.o
LOAD objs_JN5164/ProcessEv_Standard.o
LOAD objs_JN5164/ProcessEv_Botton.o
LOAD objs_JN5164/ProcessEv_Config.o
LOAD objs_JN5164/ProcessEv_Door_Timer.o
LOAD objs_JN5164/ProcessEv_Door_Timer_Nwk.o
LOAD objs_JN5164/ProcessEv_SHT21.o
LOAD objs_JN5164/ProcessEv_ADT7410.o
LOAD objs_JN5164/ProcessEv_MPL115A2.o
LOAD objs_JN5164/ProcessEv_LIS3DH.o
LOAD objs_JN5164/ProcessEv_UART.o
LOAD /cygdrive/c/TWESDK/Wks_ToCoNet/Samp_Monitor_2/../../Wks_libToCoNet/libToCoNet/lib/libToCoNet_JN5164.a
LOAD /cygdrive/c/TWESDK/Wks_ToCoNet/Samp_Monitor_2/../../Wks_libToCoNet/libToCoNet/lib/libToCoNetExt_JN5164.a
LOAD /cygdrive/c/TWESDK/Wks_ToCoNet/Samp_Monitor_2/../../Wks_libToCoNet/libToCoNet/lib/libToCoNetUtils_JN5164.a
START GROUP
LOAD /cygdrive/c/TWESDK/516x/Components/Library/libAppApi_JN516x.a
LOAD /cygdrive/c/TWESDK/516x/Components/Library/libMac_JN516x.a
LOAD /cygdrive/c/TWESDK/516x/Components/Library/libTof_JN516x.a
LOAD /cygdrive/c/TWESDK/516x/Components/Library/libXcv_JN516x.a
LOAD /cygdrive/c/TWESDK/516x/Components/Library/libAES_CCM_SW_PATCH_JN516x.a
LOAD /cygdrive/c/TWESDK/516x/Components/Library/libAes_JN516x.a
LOAD /cygdrive/c/TWESDK/516x/Components/Library/libTimerServer_JN516x.a
LOAD /cygdrive/c/TWESDK/516x/Components/Library/libHardwareApi_JN516x.a
LOAD /cygdrive/c/TWESDK/516x/Components/Library/libMicroSpecific_JN516x.a
LOAD /cygdrive/c/TWESDK/516x/Components/Library/libBoot_JN516x.a
LOAD /cygdrive/c/TWESDK/516x/Components/Library/libMaths_JN516x.a
LOAD /cygdrive/c/TWESDK/Wks_ToCoNet/Samp_Monitor_2/../../Wks_libToCoNet/libToCoNet/lib/libToCoNet_JN5164.a
LOAD /cygdrive/c/TWESDK/Wks_ToCoNet/Samp_Monitor_2/../../Wks_libToCoNet/libToCoNet/lib/libToCoNetExt_JN5164.a
LOAD /cygdrive/c/TWESDK/Wks_ToCoNet/Samp_Monitor_2/../../Wks_libToCoNet/libToCoNet/lib/libToCoNetUtils_JN5164.a
END GROUP
LOAD /cygdrive/c/TWESDK/Tools/ba-elf-ba2/bin/../lib/gcc/ba-elf/4.1.2/ba2/libgcc.a
LOAD /cygdrive/c/TWESDK/Tools/ba-elf-ba2/bin/../lib/gcc/ba-elf/4.1.2/../../../../ba-elf/lib/ba2/libc.a
LOAD /cygdrive/c/TWESDK/Tools/ba-elf-ba2/bin/../lib/gcc/ba-elf/4.1.2/ba2/libgcc.a
                0x00001000                _stack_size = 0x1000
                0x00080038                __exception_vsr_table = 0x80038
                0x04000000                _pSPIflashFncTable = 0x4000000
                0x00001000                _stack_size = 0x1000
                0x00000044                restore_state = 0x44
                0x0000004a                _bZSPIWaitWIPClear = 0x4a
                0x00000050                _u16ZSPIflashRDID = 0x50
                0x00000056                _u8SelectFlashChipType = 0x56
                0x0000005c                _memcpy = 0x5c
                0x00000066                _vBootFlashProg = 0x66
                [0x00000d16]                _minimum_heap_size = DEFINED (_minimum_heap_size)?_minimum_heap_size:0xd16
                0x00000000                _SwConfig = (DEFINED (g_bSWConf_Debug) | (DEFINED (g_bSWConf_AltDebugPort) << 0x1))

.version        0x0007fffc        0x4
                0x0007fffc        0x4 LONG 0x4030008

.bir            0x00080000       0x10
                0x00080000                _flash_start = <code 342> (.)
                0x00080000                _flash_beg = <code 342> (.)
                0x00080000        0x4 LONG 0x12345678
                0x00080004        0x4 LONG 0x11223344
                0x00080008        0x4 LONG 0x55667788
                0x0008000c        0x1 BYTE 0x8
                0x0008000d        0x1 BYTE 0x1
                0x0008000e        0x2 SHORT 0x0

.flashheader    0x00080010       0x28
                0x00080010        0x4 LONG 0x0
                0x00080014        0x4 LONG 0x0
                0x00080018        0x4 LONG 0x0
                0x0008001c        0x2 SHORT 0x0
                0x0008001e        0x2 SHORT 0x0 <code 342> (_SwConfig)
                0x00080020                _enc_start = <code 342> (.)
                0x00080020        0x4 LONG 0x15c04 <code 342> (_image_len)
                0x00000000                _enc_offset = (_enc_start & 0xf)
                [0x00000020]                _enc_start = (_enc_start - _flash_beg)
                0x00080024        0x4 LONG 0x956f0 <code 342> (_flash_data_start)
                0x00080028        0x2 SHORT 0x13 ((<code 342> (_ram_data_start) / 0x4) & 0xffff)
                0x0008002a        0x2 SHORT 0x145 ((<code 342> (_ram_data_len) / 0x4) & 0xffff)
                0x0008002c        0x2 SHORT 0x158 ((<code 342> (_bss_start) / 0x4) & 0xffff)
                0x0008002e        0x2 SHORT 0x8da ((<code 342> (_bss_len) / 0x4) & 0xffff)
                0x00080030        0x4 LONG 0x89b54 <code 342> (_AppWarmStart)
                0x00080034        0x4 LONG 0x89d00 <code 342> (_AppColdStart)
                0x00000044                PROVIDE (_vException_BusError, restore_state)
                0x00000044                PROVIDE (_vException_UnalignedAccess, restore_state)
                0x00000044                PROVIDE (_vException_IllegalInstruction, restore_state)
                0x00000044                PROVIDE (_vException_SysCall, restore_state)
                0x00000044                PROVIDE (_vException_Trap, restore_state)
                0x00000044                PROVIDE (_vException_StackOverflow, restore_state)
                0x00080038                . = <code 342> (__exception_vsr_table)

.vsr_table      0x00080038       0x18
                0x00080038        0x4 LONG 0x44 <code 342> (_vException_BusError)
                0x0008003c        0x4 LONG 0x44 <code 342> (_vException_UnalignedAccess)
                0x00080040        0x4 LONG 0x44 <code 342> (_vException_IllegalInstruction)
                0x00080044        0x4 LONG 0x44 <code 342> (_vException_SysCall)
                0x00080048        0x4 LONG 0x44 <code 342> (_vException_Trap)
                0x0008004c        0x4 LONG 0x44 <code 342> (_vException_StackOverflow)

.vsr_handlers   0x00080050       0xab
 *(.vsr_handlers)
 .vsr_handlers  0x00080050       0xab /cygdrive/c/TWESDK/516x/Components/Library/libBoot_JN516x.a(ExceptionHandler.o)
                0x00080050                __exception_external_interrupt
                0x000800f9                __default_vsr_dummy

.rodata         0x00080100     0x1201
 *(.rodata*)
 .rodata.str1.1
                0x00080100       0x95 objs_JN5164/EndDevice_Input.o
                                 0x98 (size before relaxing)
 *fill*         0x00080195        0x3 00
 .rodata.u32DioPortWakeUp
                0x00080198        0x4 objs_JN5164/common.o
                0x00080198                _u32DioPortWakeUp
 .rodata.au8EncKey
                0x0008019c       0x10 objs_JN5164/common.o
                0x0008019c                _au8EncKey
 .rodata.au8AdcSrcTable
                0x000801ac        0x6 objs_JN5164/adc.o
 .rodata.au8TickWait
                0x000801b2        0x2 objs_JN5164/SHT21.o
                0x000801b2                _au8TickWait
 .rodata.au8TrigCmd
                0x000801b4        0x2 objs_JN5164/SHT21.o
                0x000801b4                _au8TrigCmd
 .rodata.LIS3DH_AXIS
                0x000801b6        0x3 objs_JN5164/LIS3DH.o
                0x000801b6                _LIS3DH_AXIS
 .rodata.str1.1
                0x000801b9      0x55f objs_JN5164/Interactive.o
                                0x576 (size before relaxing)
 .rodata.au8tbl.2209
                0x00080718       0x11 objs_JN5164/sercmd_ascii.o
 .rodata.u8tbl.2152
                0x00080729       0x17 objs_JN5164/sercmd_ascii.o
 .rodata.str1.1
                0x00080740       0xc6 objs_JN5164/ProcessEv_Standard.o
 *fill*         0x00080806        0x2 00
 .rodata.asStateFuncTbl
                0x00080808       0x28 objs_JN5164/ProcessEv_Standard.o
 .rodata.str1.1
                0x00080830       0x15 objs_JN5164/ProcessEv_Botton.o
                                 0xd6 (size before relaxing)
 *fill*         0x00080845        0x3 00
 .rodata.asStateFuncTbl
                0x00080848       0x30 objs_JN5164/ProcessEv_Botton.o
 .rodata.C.8.4725
                0x00080878        0x4 objs_JN5164/ProcessEv_Botton.o
 .rodata.str1.1
                0x0008087c       0x21 objs_JN5164/ProcessEv_Config.o
 .rodata.str1.1
                0x0008089d       0x4e objs_JN5164/ProcessEv_Door_Timer.o
                                 0xdb (size before relaxing)
 *fill*         0x000808eb        0x1 00
 .rodata.asStateFuncTbl
                0x000808ec       0x20 objs_JN5164/ProcessEv_Door_Timer.o
 .rodata.str1.1
                0x0008090c       0x69 objs_JN5164/ProcessEv_Door_Timer_Nwk.o
 *fill*         0x00080975        0x3 00
 .rodata.asStateFuncTbl
                0x00080978       0x18 objs_JN5164/ProcessEv_Door_Timer_Nwk.o
 .rodata.str1.1
                0x00080990       0xbf objs_JN5164/ProcessEv_SHT21.o
                                0x155 (size before relaxing)
 *fill*         0x00080a4f        0x1 00
 .rodata.asStateFuncTbl
                0x00080a50       0x28 objs_JN5164/ProcessEv_SHT21.o
 .rodata.str1.1
                0x00080a78       0x2d objs_JN5164/ProcessEv_ADT7410.o
                                0x14f (size before relaxing)
 *fill*         0x00080aa5        0x3 00
 .rodata.asStateFuncTbl
                0x00080aa8       0x28 objs_JN5164/ProcessEv_ADT7410.o
 .rodata.str1.1
                0x00080ad0       0x2c objs_JN5164/ProcessEv_MPL115A2.o
                                0x14e (size before relaxing)
 .rodata.asStateFuncTbl
                0x00080afc       0x28 objs_JN5164/ProcessEv_MPL115A2.o
 .rodata.str1.1
                0x00080b24       0x39 objs_JN5164/ProcessEv_LIS3DH.o
                                0x15b (size before relaxing)
 *fill*         0x00080b5d        0x3 00
 .rodata.asStateFuncTbl
                0x00080b60       0x28 objs_JN5164/ProcessEv_LIS3DH.o
 .rodata.C.14.4803
                0x00080b88        0x4 objs_JN5164/ProcessEv_LIS3DH.o
 .rodata.str1.1
                0x00080b8c       0x77 objs_JN5164/ProcessEv_UART.o
                                0x149 (size before relaxing)
 *fill*         0x00080c03        0x1 00
 .rodata.asStateFuncTbl
                0x00080c04       0x38 objs_JN5164/ProcessEv_UART.o
 .rodata.str1.1
                0x00080c3c       0x11 /cygdrive/c/TWESDK/Wks_ToCoNet/Samp_Monitor_2/../../Wks_libToCoNet/libToCoNet/lib/libToCoNet_JN5164.a(ToCoNet_mod_Tx.o)
 *fill*         0x00080c4d        0x3 00
 .rodata.asStateFuncTbl
                0x00080c50       0x38 /cygdrive/c/TWESDK/Wks_ToCoNet/Samp_Monitor_2/../../Wks_libToCoNet/libToCoNet/lib/libToCoNet_JN5164.a(ToCoNet_mod_Tx.o)
 .rodata.au8ToCoNetVersionInfo
                0x00080c88        0xc /cygdrive/c/TWESDK/Wks_ToCoNet/Samp_Monitor_2/../../Wks_libToCoNet/libToCoNet/lib/libToCoNet_JN5164.a(Version.o)
                0x00080c88                _au8ToCoNetVersionInfo
 .rodata.str1.1
                0x00080c94       0x11 /cygdrive/c/TWESDK/Wks_ToCoNet/Samp_Monitor_2/../../Wks_libToCoNet/libToCoNet/lib/libToCoNetExt_JN5164.a(AppStart.o)
 .rodata        0x00080ca5       0x11 /cygdrive/c/TWESDK/Wks_ToCoNet/Samp_Monitor_2/../../Wks_libToCoNet/libToCoNet/lib/libToCoNetExt_JN5164.a(AppStart.o)
 .rodata.au8k.5340
                0x00080cb6       0x20 /cygdrive/c/TWESDK/Wks_ToCoNet/Samp_Monitor_2/../../Wks_libToCoNet/libToCoNet/lib/libToCoNetExt_JN5164.a(AppStart.o)
 .rodata.au8k.5378
                0x00080cd6       0x20 /cygdrive/c/TWESDK/Wks_ToCoNet/Samp_Monitor_2/../../Wks_libToCoNet/libToCoNet/lib/libToCoNetExt_JN5164.a(AppStart.o)
 .rodata.str1.1
                0x00080cf6       0x11 /cygdrive/c/TWESDK/Wks_ToCoNet/Samp_Monitor_2/../../Wks_libToCoNet/libToCoNet/lib/libToCoNetExt_JN5164.a(mac.o)
 *fill*         0x00080d07        0x1 00
 .rodata.u32MacHigh_TOCOS
                0x00080d08        0x4 /cygdrive/c/TWESDK/Wks_ToCoNet/Samp_Monitor_2/../../Wks_libToCoNet/libToCoNet/lib/libToCoNetExt_JN5164.a(mac.o)
                0x00080d08                _u32MacHigh_TOCOS
 .rodata.u32MacLow_TOCOS
                0x00080d0c        0x4 /cygdrive/c/TWESDK/Wks_ToCoNet/Samp_Monitor_2/../../Wks_libToCoNet/libToCoNet/lib/libToCoNetExt_JN5164.a(mac.o)
                0x00080d0c                _u32MacLow_TOCOS
 .rodata.au8ToCoNetExtVersionInfo
                0x00080d10        0xc /cygdrive/c/TWESDK/Wks_ToCoNet/Samp_Monitor_2/../../Wks_libToCoNet/libToCoNet/lib/libToCoNetExt_JN5164.a(Version.o)
                0x00080d10                _au8ToCoNetExtVersionInfo
 .rodata.au8SpeedCodeToEepromClkDivisors
                0x00080d1c        0x8 /cygdrive/c/TWESDK/Wks_ToCoNet/Samp_Monitor_2/../../Wks_libToCoNet/libToCoNet/lib/libToCoNetExt_JN5164.a(PDM_EEPROM.o)
 .rodata.u8CRCTable
                0x00080d24      0x100 /cygdrive/c/TWESDK/Wks_ToCoNet/Samp_Monitor_2/../../Wks_libToCoNet/libToCoNet/lib/libToCoNetUtils_JN5164.a(ccitt8.o)
 .rodata.str1.1
                0x00080e24        0x7 /cygdrive/c/TWESDK/Wks_ToCoNet/Samp_Monitor_2/../../Wks_libToCoNet/libToCoNet/lib/libToCoNetUtils_JN5164.a(fprintf.o)
 .rodata.au8ToCoNetUtilsVersionInfo
                0x00080e2b        0xc /cygdrive/c/TWESDK/Wks_ToCoNet/Samp_Monitor_2/../../Wks_libToCoNet/libToCoNet/lib/libToCoNetUtils_JN5164.a(Version.o)
                0x00080e2b                _au8ToCoNetUtilsVersionInfo
 *fill*         0x00080e37        0x1 00
 .rodata.s_sPibInit
                0x00080e38       0x18 /cygdrive/c/TWESDK/516x/Components/Library/libMac_JN516x.a(mac_pib_mlme.o)
 .rodata.aeXcvPhyEvtToScanEvt.4240
                0x00080e50       0x18 /cygdrive/c/TWESDK/516x/Components/Library/libMac_JN516x.a(mac_scan.o)
 .rodata.aeXcvBbcEvtToScanEvt.4230
                0x00080e68        0xa /cygdrive/c/TWESDK/516x/Components/Library/libMac_JN516x.a(mac_scan.o)
 .rodata.s_atScanEvtST
                0x00080e72       0x31 /cygdrive/c/TWESDK/516x/Components/Library/libMac_JN516x.a(mac_scan.o)
 *fill*         0x00080ea3        0x1 00
 .rodata.s_aprScanHandleEvt
                0x00080ea4       0x30 /cygdrive/c/TWESDK/516x/Components/Library/libMac_JN516x.a(mac_scan.o)
 .rodata.psTAMcontext
                0x00080ed4        0x4 /cygdrive/c/TWESDK/516x/Components/Library/libMac_JN516x.a(TAM.o)
                0x00080ed4                _psTAMcontext
 .rodata.psTamMacContext
                0x00080ed8        0x4 /cygdrive/c/TWESDK/516x/Components/Library/libMac_JN516x.a(TAM.o)
                0x00080ed8                _psTamMacContext
 .rodata.psTamXcvContext
                0x00080edc        0x4 /cygdrive/c/TWESDK/516x/Components/Library/libMac_JN516x.a(TAM.o)
                0x00080edc                _psTamXcvContext
 .rodata.au8XcvToTAMevent.4757
                0x00080ee0        0xa /cygdrive/c/TWESDK/516x/Components/Library/libMac_JN516x.a(TAM.o)
 .rodata.au8HeaderSize.4215
                0x00080eea        0xe /cygdrive/c/TWESDK/516x/Components/Library/libMac_JN516x.a(TAMcommon.o)
 .rodata.apvActionCalls
                0x00080ef8       0x88 /cygdrive/c/TWESDK/516x/Components/Library/libMac_JN516x.a(TAMevent.o)
                0x00080ef8                _apvActionCalls
 .rodata.au8StateActions
                0x00080f80       0x8c /cygdrive/c/TWESDK/516x/Components/Library/libMac_JN516x.a(TAMevent.o)
                0x00080f80                _au8StateActions
 .rodata.au8SizeInc.4433
                0x0008100c        0x9 /cygdrive/c/TWESDK/516x/Components/Library/libMac_JN516x.a(TAMsecurity.o)
 .rodata.au8MICLenLUT.3714
                0x00081015        0x4 /cygdrive/c/TWESDK/516x/Components/Library/libMac_JN516x.a(TAMsecurity.o)
 .rodata.au8FlashWaitStates32MXO
                0x00081019        0x8 /cygdrive/c/TWESDK/516x/Components/Library/libHardwareApi_JN516x.a(AHI_System.o)
 .rodata.au8FlashWaitStatesHSRCO
                0x00081021        0x8 /cygdrive/c/TWESDK/516x/Components/Library/libHardwareApi_JN516x.a(AHI_System.o)
 *fill*         0x00081029        0x3 00
 .rodata.au32TimerBaseAddress
                0x0008102c       0x14 /cygdrive/c/TWESDK/516x/Components/Library/libHardwareApi_JN516x.a(AHI_Timer.o)
 .rodata.au32UartAddrOffset
                0x00081040        0x8 /cygdrive/c/TWESDK/516x/Components/Library/libHardwareApi_JN516x.a(AHI_Uart.o)
                0x00081040                _au32UartAddrOffset
 .rodata.au8dataSizeTable
                0x00081048        0xd /cygdrive/c/TWESDK/516x/Components/Library/libAes_JN516x.a(AEScoprocessorAPI.o)
                0x00081048                _au8dataSizeTable
 *fill*         0x00081055        0x3 00
 .rodata        0x00081058       0x10 /cygdrive/c/TWESDK/Tools/ba-elf-ba2/bin/../lib/gcc/ba-elf/4.1.2/ba2/libgcc.a(fp-bit.o)
                0x00081058                ___thenan_sf
 .rodata        0x00081068       0x18 /cygdrive/c/TWESDK/Tools/ba-elf-ba2/bin/../lib/gcc/ba-elf/4.1.2/ba2/libgcc.a(dp-bit.o)
                0x00081068                ___thenan_df
 .rodata        0x00081080      0x281 /cygdrive/c/TWESDK/Tools/ba-elf-ba2/bin/../lib/gcc/ba-elf/4.1.2/../../../../ba-elf/lib/ba2/libc.a(ctype_.o)
                0x00081080                __ctype_
 .rodata.str1.1
                0x00000000        0x7 /cygdrive/c/TWESDK/Tools/ba-elf-ba2/bin/../lib/gcc/ba-elf/4.1.2/../../../../ba-elf/lib/ba2/libc.a(impure.o)
                                  0x2 (size before relaxing)

.text           0x00081304    0x143ec
 *(.text*)
 .text.cbToCoNet_vMain
                0x00081304       0x18 objs_JN5164/EndDevice_Input.o
                0x00081304                _cbToCoNet_vMain
 .text.cbToCoNet_vRxEvent
                0x0008131c       0x18 objs_JN5164/EndDevice_Input.o
                0x0008131c                _cbToCoNet_vRxEvent
 .text.cbToCoNet_vNwkEvent
                0x00081334       0x18 objs_JN5164/EndDevice_Input.o
                0x00081334                _cbToCoNet_vNwkEvent
 .text.cbToCoNet_vHwEvent
                0x0008134c       0x18 objs_JN5164/EndDevice_Input.o
                0x0008134c                _cbToCoNet_vHwEvent
 .text.cbToCoNet_u8HwInt
                0x00081364       0x1c objs_JN5164/EndDevice_Input.o
                0x00081364                _cbToCoNet_u8HwInt
 .text.vProcessSerialCmd
                0x00081380       0x12 objs_JN5164/EndDevice_Input.o
                0x00081380                _vProcessSerialCmd
 .text.vPortSetSns
                0x00081392       0x2c objs_JN5164/EndDevice_Input.o
                0x00081392                _vPortSetSns
 .text.cbToCoNet_vTxEvent
                0x000813be       0x64 objs_JN5164/EndDevice_Input.o
                0x000813be                _cbToCoNet_vTxEvent
 .text.vSerInitMessage
                0x00081422       0x85 objs_JN5164/EndDevice_Input.o
                0x00081422                _vSerInitMessage
 .text.vSerialInit
                0x000814a7       0x76 objs_JN5164/EndDevice_Input.o
 .text.vInitADC
                0x0008151d       0x2b objs_JN5164/EndDevice_Input.o
 .text.vInitHardware
                0x00081548       0xfb objs_JN5164/EndDevice_Input.o
 .text.cbAppWarmStart
                0x00081643       0xcb objs_JN5164/EndDevice_Input.o
                0x00081643                _cbAppWarmStart
 .text.vProcessEvCore
                0x0008170e       0x2a objs_JN5164/EndDevice_Input.o
 .text.cbAppColdStart
                0x00081738      0x36f objs_JN5164/EndDevice_Input.o
                0x00081738                _cbAppColdStart
 .text.vSleep   0x00081aa7       0x4c objs_JN5164/common.o
                0x00081aa7                _vSleep
 .text.bRegAesKey
                0x00081af3       0x3e objs_JN5164/common.o
                0x00081af3                _bRegAesKey
 .text.bFlash_Erase
                0x00081b31       0x38 objs_JN5164/flash.o
                0x00081b31                _bFlash_Erase
 .text.bFlash_Write
                0x00081b69       0x35 objs_JN5164/flash.o
                0x00081b69                _bFlash_Write
 .text.bFlash_Read
                0x00081b9e       0x49 objs_JN5164/flash.o
                0x00081b9e                _bFlash_Read
 .text.vADC_WaitInit
                0x00081be7        0xf objs_JN5164/adc.o
                0x00081be7                _vADC_WaitInit
 .text.vADC_Init
                0x00081bf6       0x62 objs_JN5164/adc.o
                0x00081bf6                _vADC_Init
 .text.vProcessSnsObj_ADC
                0x00081c58      0x173 objs_JN5164/adc.o
 .text.bSMBusWait
                0x00081dcb       0x3c objs_JN5164/SMBus.o
 .text.bSMBusSequentialRead
                0x00081e07       0x73 objs_JN5164/SMBus.o
                0x00081e07                _bSMBusSequentialRead
 .text.bSMBusWrite
                0x00081e7a       0x7a objs_JN5164/SMBus.o
                0x00081e7a                _bSMBusWrite
 .text.vSMBusInit
                0x00081ef4        0xd objs_JN5164/SMBus.o
                0x00081ef4                _vSMBusInit
 .text.i16SHT21readResult
                0x00081f01       0x8f objs_JN5164/SHT21.o
                0x00081f01                _i16SHT21readResult
 .text.bSHT21startRead
                0x00081f90       0x7c objs_JN5164/SHT21.o
                0x00081f90                _bSHT21startRead
 .text.vProcessSnsObj_SHT21
                0x0008200c      0x100 objs_JN5164/SHT21.o
 .text.vSHT21_Init
                0x0008210c       0x24 objs_JN5164/SHT21.o
                0x0008210c                _vSHT21_Init
 .text.i16ADT7410readResult
                0x00082130       0x7c objs_JN5164/ADT7410.o
                0x00082130                _i16ADT7410readResult
 .text.bADT7410startRead
                0x000821ac       0x18 objs_JN5164/ADT7410.o
                0x000821ac                _bADT7410startRead
 .text.vProcessSnsObj_ADT7410
                0x000821c4       0x9a objs_JN5164/ADT7410.o
 .text.vADT7410_Init
                0x0008225e       0x24 objs_JN5164/ADT7410.o
                0x0008225e                _vADT7410_Init
 .text.bMPL115startRead
                0x00082282       0x1d objs_JN5164/MPL115A2.o
                0x00082282                _bMPL115startRead
 .text.i16MPL115readResult
                0x0008229f      0x1e4 objs_JN5164/MPL115A2.o
                0x0008229f                _i16MPL115readResult
 .text.vProcessSnsObj_MPL115A2
                0x00082483       0x98 objs_JN5164/MPL115A2.o
 .text.vMPL115A2_Init
                0x0008251b       0x24 objs_JN5164/MPL115A2.o
                0x0008251b                _vMPL115A2_Init
 .text.bLIS3DHstartRead
                0x0008253f       0x20 objs_JN5164/LIS3DH.o
                0x0008253f                _bLIS3DHstartRead
 .text.bGetAxis
                0x0008255f       0x48 objs_JN5164/LIS3DH.o
 .text.i16LIS3DHreadResult
                0x000825a7       0x44 objs_JN5164/LIS3DH.o
                0x000825a7                _i16LIS3DHreadResult
 .text.vProcessSnsObj_LIS3DH
                0x000825eb       0xb7 objs_JN5164/LIS3DH.o
 .text.vLIS3DH_Init
                0x000826a2       0x2b objs_JN5164/LIS3DH.o
                0x000826a2                _vLIS3DH_Init
 .text.vSnsObj_Process
                0x000826cd       0x27 objs_JN5164/sensor_driver.o
                0x000826cd                _vSnsObj_Process
 .text.vSnsObj_Init
                0x000826f4       0x26 objs_JN5164/sensor_driver.o
                0x000826f4                _vSnsObj_Init
 .text.Interactive_bGetMode
                0x0008271a        0x9 objs_JN5164/Interactive.o
                0x0008271a                _Interactive_bGetMode
 .text.Interactive_vSetMode
                0x00082723       0x24 objs_JN5164/Interactive.o
                0x00082723                _Interactive_vSetMode
 .text.Config_vSetDefaults
                0x00082747       0x4e objs_JN5164/Interactive.o
 .text.Config_bLoad
                0x00082795       0x40 objs_JN5164/Interactive.o
                0x00082795                _Config_bLoad
 .text.Interactive_vReInit
                0x000827d5       0x2f objs_JN5164/Interactive.o
                0x000827d5                _Interactive_vReInit
 .text.vSerUpdateScreen
                0x00082804      0x4fd objs_JN5164/Interactive.o
 .text.vProcessInputByte_Command
                0x00082d01      0x105 objs_JN5164/Interactive.o
 .text.Interactive_vInit
                0x00082e06       0xb8 objs_JN5164/Interactive.o
                0x00082e06                _Interactive_vInit
 *fill*         0x00082ebe        0x2 00
 .text.vHandleSerialInput
                0x00082ec0      0xf08 objs_JN5164/Interactive.o
                0x00082ec0                _vHandleSerialInput
 .text.INPSTR_vStart
                0x00083dc8       0x14 objs_JN5164/input_string.o
                0x00083dc8                _INPSTR_vStart
 .text.INPSTR_u8InputByte
                0x00083ddc       0xd9 objs_JN5164/input_string.o
                0x00083ddc                _INPSTR_u8InputByte
 .text.INPSTR_vInit
                0x00083eb5       0x18 objs_JN5164/input_string.o
                0x00083eb5                _INPSTR_vInit
 .text.SerCmdAscii_u8Parse
                0x00083ecd      0x12e objs_JN5164/sercmd_ascii.o
                0x00083ecd                _SerCmdAscii_u8Parse
 .text.vPutByte
                0x00083ffb       0x43 objs_JN5164/sercmd_ascii.o
 .text.SerCmdAscii_Output
                0x0008403e       0x67 objs_JN5164/sercmd_ascii.o
 .text.SerCmdAscii_vInit
                0x000840a5       0x2f objs_JN5164/sercmd_ascii.o
                0x000840a5                _SerCmdAscii_vInit
 .text.SerCmdPlus3_u8Parse
                0x000840d4       0xaa objs_JN5164/sercmd_plus3.o
                0x000840d4                _SerCmdPlus3_u8Parse
 *fill*         0x0008417e        0x2 00
 .text.SerCmdBinary_u8Parse
                0x00084180      0x114 objs_JN5164/sercmd_binary.o
 .text.SerCmdBinary_Output
                0x00084294       0x82 objs_JN5164/sercmd_binary.o
 .text.SerCmdBinary_vInit
                0x00084316       0x2f objs_JN5164/sercmd_binary.o
                0x00084316                _SerCmdBinary_vInit
 .text.vInitAppStandard
                0x00084345       0x1b objs_JN5164/ProcessEv_Standard.o
                0x00084345                _vInitAppStandard
 .text.cbAppToCoNet_vTxEvent
                0x00084360       0x11 objs_JN5164/ProcessEv_Standard.o
 .text.cbAppToCoNet_vHwEvent
                0x00084371      0x11c objs_JN5164/ProcessEv_Standard.o
 .text.vProcessEvCore
                0x0008448d       0x16 objs_JN5164/ProcessEv_Standard.o
 .text.vHnd_E_STATE_APP_SLEEP
                0x000844a3       0xa4 objs_JN5164/ProcessEv_Standard.o
 .text.vHnd_E_STATE_APP_WAIT_TX
                0x00084547       0x16 objs_JN5164/ProcessEv_Standard.o
 .text.vHnd_E_STATE_RUNNING
                0x0008455d      0x25c objs_JN5164/ProcessEv_Standard.o
 .text.vHnd_E_STATE_IDLE
                0x000847b9      0x19e objs_JN5164/ProcessEv_Standard.o
 .text.vInitAppBotton
                0x00084957       0x1b objs_JN5164/ProcessEv_Botton.o
                0x00084957                _vInitAppBotton
 .text.cbAppToCoNet_vTxEvent
                0x00084972       0x11 objs_JN5164/ProcessEv_Botton.o
 .text.cbAppToCoNet_vHwEvent
                0x00084983      0x11c objs_JN5164/ProcessEv_Botton.o
 .text.vProcessEvCore
                0x00084a9f       0x16 objs_JN5164/ProcessEv_Botton.o
 .text.vHnd_E_STATE_APP_CHAT_SLEEP
                0x00084ab5       0xbc objs_JN5164/ProcessEv_Botton.o
 .text.vHnd_E_STATE_APP_WAIT_TX
                0x00084b71       0x16 objs_JN5164/ProcessEv_Botton.o
 .text.vHnd_E_STATE_APP_SLEEP
                0x00084b87       0xd4 objs_JN5164/ProcessEv_Botton.o
 .text.vHnd_E_STATE_RUNNING
                0x00084c5b      0x22a objs_JN5164/ProcessEv_Botton.o
 .text.vHnd_E_STATE_IDLE
                0x00084e85      0x151 objs_JN5164/ProcessEv_Botton.o
 .text.vInitAppConfig
                0x00084fd6       0x1b objs_JN5164/ProcessEv_Config.o
                0x00084fd6                _vInitAppConfig
 .text.cbAppToCoNet_vMain
                0x00084ff1        0x6 objs_JN5164/ProcessEv_Config.o
 .text.vProcessEvCore
                0x00084ff7       0x4e objs_JN5164/ProcessEv_Config.o
 .text.cbAppToCoNet_vTxEvent
                0x00085045       0x15 objs_JN5164/ProcessEv_Door_Timer.o
 .text.vInitAppDoorTimer
                0x0008505a       0x1e objs_JN5164/ProcessEv_Door_Timer.o
                0x0008505a                _vInitAppDoorTimer
 .text.vProcessEvCore
                0x00085078       0x16 objs_JN5164/ProcessEv_Door_Timer.o
 .text.vSleep_IO_Timer
                0x0008508e       0x57 objs_JN5164/ProcessEv_Door_Timer.o
 .text.vHnd_E_STATE_APP_SLEEP
                0x000850e5      0x16c objs_JN5164/ProcessEv_Door_Timer.o
 .text.vHnd_E_STATE_RUNNING
                0x00085251      0x1c5 objs_JN5164/ProcessEv_Door_Timer.o
 .text.vHnd_E_STATE_IDLE
                0x00085416      0x19b objs_JN5164/ProcessEv_Door_Timer.o
 .text.vInitAppDoorTimerSub
                0x000855b1        0xf objs_JN5164/ProcessEv_Door_Timer_Nwk.o
                0x000855b1                _vInitAppDoorTimerSub
 .text.vProcessEvCore
                0x000855c0       0x16 objs_JN5164/ProcessEv_Door_Timer_Nwk.o
 .text.vHnd_E_STATE_APP_WAIT_TX
                0x000855d6      0x1f3 objs_JN5164/ProcessEv_Door_Timer_Nwk.o
 .text.vHnd_E_STATE_IDLE
                0x000857c9       0x9c objs_JN5164/ProcessEv_Door_Timer_Nwk.o
 .text.vInitAppSHT21
                0x00085865       0x1b objs_JN5164/ProcessEv_SHT21.o
                0x00085865                _vInitAppSHT21
 .text.cbAppToCoNet_vTxEvent
                0x00085880       0x45 objs_JN5164/ProcessEv_SHT21.o
 .text.vProcessSHT21
                0x000858c5       0xd4 objs_JN5164/ProcessEv_SHT21.o
 .text.cbAppToCoNet_vHwEvent
                0x00085999      0x100 objs_JN5164/ProcessEv_SHT21.o
 .text.vProcessEvCore
                0x00085a99       0x16 objs_JN5164/ProcessEv_SHT21.o
 .text.vHnd_E_STATE_APP_SLEEP
                0x00085aaf       0xb1 objs_JN5164/ProcessEv_SHT21.o
 .text.vHnd_E_STATE_APP_WAIT_TX
                0x00085b60      0x29f objs_JN5164/ProcessEv_SHT21.o
 .text.vHnd_E_STATE_RUNNING
                0x00085dff       0xdd objs_JN5164/ProcessEv_SHT21.o
 .text.vHnd_E_STATE_IDLE
                0x00085edc      0x179 objs_JN5164/ProcessEv_SHT21.o
 .text.vInitAppADT7410
                0x00086055       0x1b objs_JN5164/ProcessEv_ADT7410.o
                0x00086055                _vInitAppADT7410
 .text.cbAppToCoNet_vTxEvent
                0x00086070       0x45 objs_JN5164/ProcessEv_ADT7410.o
 .text.vProcessADT7410
                0x000860b5       0xab objs_JN5164/ProcessEv_ADT7410.o
 .text.cbAppToCoNet_vHwEvent
                0x00086160      0x100 objs_JN5164/ProcessEv_ADT7410.o
 .text.vProcessEvCore
                0x00086260       0x16 objs_JN5164/ProcessEv_ADT7410.o
 .text.vHnd_E_STATE_APP_SLEEP
                0x00086276       0xb1 objs_JN5164/ProcessEv_ADT7410.o
 .text.vHnd_E_STATE_APP_WAIT_TX
                0x00086327      0x28d objs_JN5164/ProcessEv_ADT7410.o
 .text.vHnd_E_STATE_RUNNING
                0x000865b4       0xdd objs_JN5164/ProcessEv_ADT7410.o
 .text.vHnd_E_STATE_IDLE
                0x00086691      0x179 objs_JN5164/ProcessEv_ADT7410.o
 .text.vInitAppMPL115A2
                0x0008680a       0x1b objs_JN5164/ProcessEv_MPL115A2.o
                0x0008680a                _vInitAppMPL115A2
 .text.cbAppToCoNet_vTxEvent
                0x00086825       0x45 objs_JN5164/ProcessEv_MPL115A2.o
 .text.vProcessMPL115A2
                0x0008686a       0x8d objs_JN5164/ProcessEv_MPL115A2.o
 .text.cbAppToCoNet_vHwEvent
                0x000868f7      0x100 objs_JN5164/ProcessEv_MPL115A2.o
 .text.vProcessEvCore
                0x000869f7       0x16 objs_JN5164/ProcessEv_MPL115A2.o
 .text.vHnd_E_STATE_APP_SLEEP
                0x00086a0d       0xb1 objs_JN5164/ProcessEv_MPL115A2.o
 .text.vHnd_E_STATE_APP_WAIT_TX
                0x00086abe      0x28d objs_JN5164/ProcessEv_MPL115A2.o
 .text.vHnd_E_STATE_RUNNING
                0x00086d4b       0xdd objs_JN5164/ProcessEv_MPL115A2.o
 .text.vHnd_E_STATE_IDLE
                0x00086e28      0x179 objs_JN5164/ProcessEv_MPL115A2.o
 .text.vInitAppLIS3DH
                0x00086fa1       0x1b objs_JN5164/ProcessEv_LIS3DH.o
                0x00086fa1                _vInitAppLIS3DH
 .text.cbAppToCoNet_vTxEvent
                0x00086fbc       0x45 objs_JN5164/ProcessEv_LIS3DH.o
 .text.vProcessLIS3DH
                0x00087001       0x9f objs_JN5164/ProcessEv_LIS3DH.o
 .text.cbAppToCoNet_vHwEvent
                0x000870a0      0x100 objs_JN5164/ProcessEv_LIS3DH.o
 .text.vProcessEvCore
                0x000871a0       0x16 objs_JN5164/ProcessEv_LIS3DH.o
 .text.vHnd_E_STATE_APP_SLEEP
                0x000871b6       0xb1 objs_JN5164/ProcessEv_LIS3DH.o
 .text.vHnd_E_STATE_APP_WAIT_TX
                0x00087267      0x2ff objs_JN5164/ProcessEv_LIS3DH.o
 .text.vHnd_E_STATE_RUNNING
                0x00087566       0xdd objs_JN5164/ProcessEv_LIS3DH.o
 .text.vHnd_E_STATE_IDLE
                0x00087643      0x179 objs_JN5164/ProcessEv_LIS3DH.o
 .text.vInitAppUart
                0x000877bc       0x55 objs_JN5164/ProcessEv_UART.o
                0x000877bc                _vInitAppUart
 .text.cb_vProcessSerialCmd
                0x00087811       0x11 objs_JN5164/ProcessEv_UART.o
 .text.cbAppToCoNet_vTxEvent
                0x00087822       0x11 objs_JN5164/ProcessEv_UART.o
 .text.cbAppToCoNet_vMain
                0x00087833        0x6 objs_JN5164/ProcessEv_UART.o
 .text.vProcessEvCore
                0x00087839       0x16 objs_JN5164/ProcessEv_UART.o
 .text.vHnd_E_STATE_APP_RETRY_TX
                0x0008784f       0xcb objs_JN5164/ProcessEv_UART.o
 .text.vHnd_E_STATE_APP_WAIT_TX
                0x0008791a       0x69 objs_JN5164/ProcessEv_UART.o
 .text.vHnd_E_STATE_APP_RETRY
                0x00087983      0x166 objs_JN5164/ProcessEv_UART.o
 .text.vHnd_E_STATE_APP_SLEEP
                0x00087ae9       0xaf objs_JN5164/ProcessEv_UART.o
 .text.vHnd_E_STATE_RUNNING
                0x00087b98      0x2e3 objs_JN5164/ProcessEv_UART.o
 .text.vHnd_E_STATE_IDLE
                0x00087e7b      0x1a5 objs_JN5164/ProcessEv_UART.o
 .text.PRSEV_u8Register
                0x00088020       0x32 /cygdrive/c/TWESDK/Wks_ToCoNet/Samp_Monitor_2/../../Wks_libToCoNet/libToCoNet/lib/libToCoNet_JN5164.a(ToCoNet_event.o)
                0x00088020                _PRSEV_u8Register
 .text.PRSEV_vSetStateAll
                0x00088052       0x3b /cygdrive/c/TWESDK/Wks_ToCoNet/Samp_Monitor_2/../../Wks_libToCoNet/libToCoNet/lib/libToCoNet_JN5164.a(ToCoNet_event.o)
                0x00088052                _PRSEV_vSetStateAll
 .text.PRSEV_vSetState
                0x0008808d       0x10 /cygdrive/c/TWESDK/Wks_ToCoNet/Samp_Monitor_2/../../Wks_libToCoNet/libToCoNet/lib/libToCoNet_JN5164.a(ToCoNet_event.o)
                0x0008808d                _PRSEV_vSetState
 .text.PRSEV_vProcessEv_core
                0x0008809d       0x8f /cygdrive/c/TWESDK/Wks_ToCoNet/Samp_Monitor_2/../../Wks_libToCoNet/libToCoNet/lib/libToCoNet_JN5164.a(ToCoNet_event.o)
 .text.PRSEV_vProcessEvPost
                0x0008812c       0x35 /cygdrive/c/TWESDK/Wks_ToCoNet/Samp_Monitor_2/../../Wks_libToCoNet/libToCoNet/lib/libToCoNet_JN5164.a(ToCoNet_event.o)
                0x0008812c                _PRSEV_vProcessEvPost
 .text._PRSEV_vProcessEv
                0x00088161       0x16 /cygdrive/c/TWESDK/Wks_ToCoNet/Samp_Monitor_2/../../Wks_libToCoNet/libToCoNet/lib/libToCoNet_JN5164.a(ToCoNet_event.o)
                0x00088161                __PRSEV_vProcessEv
 .text._PRSEV_vProcessEvSingle
                0x00088177       0x14 /cygdrive/c/TWESDK/Wks_ToCoNet/Samp_Monitor_2/../../Wks_libToCoNet/libToCoNet/lib/libToCoNet_JN5164.a(ToCoNet_event.o)
                0x00088177                __PRSEV_vProcessEvSingle
 .text._PRSEV_vProcessEvSingleH
                0x0008818b       0x16 /cygdrive/c/TWESDK/Wks_ToCoNet/Samp_Monitor_2/../../Wks_libToCoNet/libToCoNet/lib/libToCoNet_JN5164.a(ToCoNet_event.o)
                0x0008818b                __PRSEV_vProcessEvSingleH
 .text.PRSEV_bPostEvent
                0x000881a1       0x24 /cygdrive/c/TWESDK/Wks_ToCoNet/Samp_Monitor_2/../../Wks_libToCoNet/libToCoNet/lib/libToCoNet_JN5164.a(ToCoNet_event.o)
                0x000881a1                _PRSEV_bPostEvent
 .text.ToCoNet_Event_StateExec
                0x000881c5       0x31 /cygdrive/c/TWESDK/Wks_ToCoNet/Samp_Monitor_2/../../Wks_libToCoNet/libToCoNet/lib/libToCoNet_JN5164.a(ToCoNet_event.o)
                0x000881c5                _ToCoNet_Event_StateExec
 .text.PRSEV_vInit
                0x000881f6       0x4d /cygdrive/c/TWESDK/Wks_ToCoNet/Samp_Monitor_2/../../Wks_libToCoNet/libToCoNet/lib/libToCoNet_JN5164.a(ToCoNet_event.o)
                0x000881f6                _PRSEV_vInit
 .text.ToCoNet_vDebugInit
                0x00088243        0x9 /cygdrive/c/TWESDK/Wks_ToCoNet/Samp_Monitor_2/../../Wks_libToCoNet/libToCoNet/lib/libToCoNet_JN5164.a(ToCoNet_main.o)
                0x00088243                _ToCoNet_vDebugInit
 .text.ToCoNet_vDebugLevel
                0x0008824c        0x9 /cygdrive/c/TWESDK/Wks_ToCoNet/Samp_Monitor_2/../../Wks_libToCoNet/libToCoNet/lib/libToCoNet_JN5164.a(ToCoNet_main.o)
                0x0008824c                _ToCoNet_vDebugLevel
 .text._ToCoNet_bRaisePanic
                0x00088255       0x3b /cygdrive/c/TWESDK/Wks_ToCoNet/Samp_Monitor_2/../../Wks_libToCoNet/libToCoNet/lib/libToCoNet_JN5164.a(ToCoNet_main.o)
                0x00088255                __ToCoNet_bRaisePanic
 .text.ToCoNet_bRegisterAesKey
                0x00088290       0x1a /cygdrive/c/TWESDK/Wks_ToCoNet/Samp_Monitor_2/../../Wks_libToCoNet/libToCoNet/lib/libToCoNet_JN5164.a(ToCoNet_main.o)
                0x00088290                _ToCoNet_bRegisterAesKey
 .text.ToCoNet_vMain
                0x000882aa      0x26c /cygdrive/c/TWESDK/Wks_ToCoNet/Samp_Monitor_2/../../Wks_libToCoNet/libToCoNet/lib/libToCoNet_JN5164.a(ToCoNet_main.o)
                0x000882aa                _ToCoNet_vMain
 .text.vProcessEvCoreMac
                0x00088516       0x7a /cygdrive/c/TWESDK/Wks_ToCoNet/Samp_Monitor_2/../../Wks_libToCoNet/libToCoNet/lib/libToCoNet_JN5164.a(ToCoNet_main.o)
                0x00088516                _vProcessEvCoreMac
 .text.ToCoNet_vStart
                0x00088590      0x3e2 /cygdrive/c/TWESDK/Wks_ToCoNet/Samp_Monitor_2/../../Wks_libToCoNet/libToCoNet/lib/libToCoNet_JN5164.a(ToCoNet_main.o)
                0x00088590                _ToCoNet_vStart
 .text.ToCoNet_vInit
                0x00088972      0x135 /cygdrive/c/TWESDK/Wks_ToCoNet/Samp_Monitor_2/../../Wks_libToCoNet/libToCoNet/lib/libToCoNet_JN5164.a(ToCoNet_main.o)
                0x00088972                _ToCoNet_vInit
 .text.u8HwEventHandler
                0x00088aa7       0x27 /cygdrive/c/TWESDK/Wks_ToCoNet/Samp_Monitor_2/../../Wks_libToCoNet/libToCoNet/lib/libToCoNet_JN5164.a(ToCoNet_main.o)
 .text.ToCoNet_u32GetVersion
                0x00088ace       0x21 /cygdrive/c/TWESDK/Wks_ToCoNet/Samp_Monitor_2/../../Wks_libToCoNet/libToCoNet/lib/libToCoNet_JN5164.a(ToCoNet_utils.o)
                0x00088ace                _ToCoNet_u32GetVersion
 .text.ToCoNet_u32GetVersion_LibEx
                0x00088aef       0x21 /cygdrive/c/TWESDK/Wks_ToCoNet/Samp_Monitor_2/../../Wks_libToCoNet/libToCoNet/lib/libToCoNet_JN5164.a(ToCoNet_utils.o)
                0x00088aef                _ToCoNet_u32GetVersion_LibEx
 .text.ToCoNet_u32GetVersion_LibUtils
                0x00088b10       0x21 /cygdrive/c/TWESDK/Wks_ToCoNet/Samp_Monitor_2/../../Wks_libToCoNet/libToCoNet/lib/libToCoNet_JN5164.a(ToCoNet_utils.o)
                0x00088b10                _ToCoNet_u32GetVersion_LibUtils
 .text.ToCoNet_u32GetSerial
                0x00088b31        0x9 /cygdrive/c/TWESDK/Wks_ToCoNet/Samp_Monitor_2/../../Wks_libToCoNet/libToCoNet/lib/libToCoNet_JN5164.a(ToCoNet_utils.o)
                0x00088b31                _ToCoNet_u32GetSerial
 .text.ToCoNet_u16RcCalib
                0x00088b3a       0x4e /cygdrive/c/TWESDK/Wks_ToCoNet/Samp_Monitor_2/../../Wks_libToCoNet/libToCoNet/lib/libToCoNet_JN5164.a(ToCoNet_utils.o)
                0x00088b3a                _ToCoNet_u16RcCalib
 .text.ToCoNet_u32GetRand
                0x00088b88       0x65 /cygdrive/c/TWESDK/Wks_ToCoNet/Samp_Monitor_2/../../Wks_libToCoNet/libToCoNet/lib/libToCoNet_JN5164.a(ToCoNet_utils.o)
                0x00088b88                _ToCoNet_u32GetRand
 .text.ToCoNet_vSleep
                0x00088bed      0x12b /cygdrive/c/TWESDK/Wks_ToCoNet/Samp_Monitor_2/../../Wks_libToCoNet/libToCoNet/lib/libToCoNet_JN5164.a(ToCoNet_utils.o)
                0x00088bed                _ToCoNet_vSleep
 .text.ToCoNet_vReg_mod_Tx_Standard
                0x00088d18       0x1d /cygdrive/c/TWESDK/Wks_ToCoNet/Samp_Monitor_2/../../Wks_libToCoNet/libToCoNet/lib/libToCoNet_JN5164.a(ToCoNet_mod_Tx.o)
                0x00088d18                _ToCoNet_vReg_mod_Tx_Standard
 .text.ToCoNet_Tx_vProcessQueue
                0x00088d35       0x28 /cygdrive/c/TWESDK/Wks_ToCoNet/Samp_Monitor_2/../../Wks_libToCoNet/libToCoNet/lib/libToCoNet_JN5164.a(ToCoNet_mod_Tx.o)
                0x00088d35                _ToCoNet_Tx_vProcessQueue
 .text.vProcessEvCoreTx
                0x00088d5d       0x67 /cygdrive/c/TWESDK/Wks_ToCoNet/Samp_Monitor_2/../../Wks_libToCoNet/libToCoNet/lib/libToCoNet_JN5164.a(ToCoNet_mod_Tx.o)
 .text.vHnd_E_STATE_FINISH_TX_SUCCESS
                0x00088dc4       0x9b /cygdrive/c/TWESDK/Wks_ToCoNet/Samp_Monitor_2/../../Wks_libToCoNet/libToCoNet/lib/libToCoNet_JN5164.a(ToCoNet_mod_Tx.o)
 .text.vHnd_E_STATE_WAIT_TX
                0x00088e5f       0x71 /cygdrive/c/TWESDK/Wks_ToCoNet/Samp_Monitor_2/../../Wks_libToCoNet/libToCoNet/lib/libToCoNet_JN5164.a(ToCoNet_mod_Tx.o)
 .text.vHnd_E_STATE_PREPARE_TX
                0x00088ed0      0x160 /cygdrive/c/TWESDK/Wks_ToCoNet/Samp_Monitor_2/../../Wks_libToCoNet/libToCoNet/lib/libToCoNet_JN5164.a(ToCoNet_mod_Tx.o)
 .text.vHnd_E_STATE_IDLE
                0x00089030       0x49 /cygdrive/c/TWESDK/Wks_ToCoNet/Samp_Monitor_2/../../Wks_libToCoNet/libToCoNet/lib/libToCoNet_JN5164.a(ToCoNet_mod_Tx.o)
 .text.vHnd_E_STATE_RUNNING
                0x00089079      0x202 /cygdrive/c/TWESDK/Wks_ToCoNet/Samp_Monitor_2/../../Wks_libToCoNet/libToCoNet/lib/libToCoNet_JN5164.a(ToCoNet_mod_Tx.o)
 .text.vHnd_E_STATE_FINISH_TX_FAIL
                0x0008927b       0xc2 /cygdrive/c/TWESDK/Wks_ToCoNet/Samp_Monitor_2/../../Wks_libToCoNet/libToCoNet/lib/libToCoNet_JN5164.a(ToCoNet_mod_Tx.o)
 .text.ToCoNet_vReg_mod_TxRxQueueMid
                0x0008933d       0x84 /cygdrive/c/TWESDK/Wks_ToCoNet/Samp_Monitor_2/../../Wks_libToCoNet/libToCoNet/lib/libToCoNet_JN5164.a(ToCoNet_mod_TxRxQueue.o)
                0x0008933d                _ToCoNet_vReg_mod_TxRxQueueMid
 .text.ToCoNet_vRxProc_App
                0x000893c1       0x81 /cygdrive/c/TWESDK/Wks_ToCoNet/Samp_Monitor_2/../../Wks_libToCoNet/libToCoNet/lib/libToCoNet_JN5164.a(ToCoNet_mod_Nwk_Common.o)
                0x000893c1                _ToCoNet_vRxProc_App
 .text.ToCoNet_vRxProc_Mod
                0x00089442       0x49 /cygdrive/c/TWESDK/Wks_ToCoNet/Samp_Monitor_2/../../Wks_libToCoNet/libToCoNet/lib/libToCoNet_JN5164.a(ToCoNet_mod_Nwk_Common.o)
                0x00089442                _ToCoNet_vRxProc_Mod
 .text.u32GenRouteCtlInfo
                0x0008948b       0x24 /cygdrive/c/TWESDK/Wks_ToCoNet/Samp_Monitor_2/../../Wks_libToCoNet/libToCoNet/lib/libToCoNet_JN5164.a(ToCoNet_mod_Nwk_LayerTree_MiniNodes.o)
 .text.ToCoNet_bNwk_Init_LayerTree
                0x000894af       0x16 /cygdrive/c/TWESDK/Wks_ToCoNet/Samp_Monitor_2/../../Wks_libToCoNet/libToCoNet/lib/libToCoNet_JN5164.a(ToCoNet_mod_Nwk_LayerTree_MiniNodes.o)
 .text.ToCoNet_bNwk_Stop_LayerTree
                0x000894c5        0x5 /cygdrive/c/TWESDK/Wks_ToCoNet/Samp_Monitor_2/../../Wks_libToCoNet/libToCoNet/lib/libToCoNet_JN5164.a(ToCoNet_mod_Nwk_LayerTree_MiniNodes.o)
 .text.ToCoNet_NwkLyTr_psConfig_MiniNodes
                0x000894ca       0x8f /cygdrive/c/TWESDK/Wks_ToCoNet/Samp_Monitor_2/../../Wks_libToCoNet/libToCoNet/lib/libToCoNet_JN5164.a(ToCoNet_mod_Nwk_LayerTree_MiniNodes.o)
                0x000894ca                _ToCoNet_NwkLyTr_psConfig_MiniNodes
 .text.bTxReq   0x00089559      0x11a /cygdrive/c/TWESDK/Wks_ToCoNet/Samp_Monitor_2/../../Wks_libToCoNet/libToCoNet/lib/libToCoNet_JN5164.a(ToCoNet_mod_Nwk_LayerTree_MiniNodes.o)
 .text.ToCoNet_bNwk_Start_LayerTree
                0x00089673        0xe /cygdrive/c/TWESDK/Wks_ToCoNet/Samp_Monitor_2/../../Wks_libToCoNet/libToCoNet/lib/libToCoNet_JN5164.a(ToCoNet_mod_Nwk_LayerTree_MiniNodes.o)
 .text.ToCoNet_ChMgr_bCh_Reconfig
                0x00089681       0x68 /cygdrive/c/TWESDK/Wks_ToCoNet/Samp_Monitor_2/../../Wks_libToCoNet/libToCoNet/lib/libToCoNet_JN5164.a(ToCoNet_mod_Channel_Mgr.o)
                0x00089681                _ToCoNet_ChMgr_bCh_Reconfig
 .text.ToCoNet_ChMgr_vCh_TxFin
                0x000896e9       0x30 /cygdrive/c/TWESDK/Wks_ToCoNet/Samp_Monitor_2/../../Wks_libToCoNet/libToCoNet/lib/libToCoNet_JN5164.a(ToCoNet_mod_Channel_Mgr.o)
                0x000896e9                _ToCoNet_ChMgr_vCh_TxFin
 .text.ToCoNet_ChMgr_bCh_OnTx
                0x00089719       0x6d /cygdrive/c/TWESDK/Wks_ToCoNet/Samp_Monitor_2/../../Wks_libToCoNet/libToCoNet/lib/libToCoNet_JN5164.a(ToCoNet_mod_Channel_Mgr.o)
                0x00089719                _ToCoNet_ChMgr_bCh_OnTx
 .text.vFifoInit
                0x00089786       0x14 /cygdrive/c/TWESDK/Wks_ToCoNet/Samp_Monitor_2/../../Wks_libToCoNet/libToCoNet/lib/libToCoNet_JN5164.a(AppQueueApi_ToCoNet.o)
 .text.pvFifoPull
                0x0008979a       0x23 /cygdrive/c/TWESDK/Wks_ToCoNet/Samp_Monitor_2/../../Wks_libToCoNet/libToCoNet/lib/libToCoNet_JN5164.a(AppQueueApi_ToCoNet.o)
 .text.psAppQApiGetMcpsBuffer
                0x000897bd        0xc /cygdrive/c/TWESDK/Wks_ToCoNet/Samp_Monitor_2/../../Wks_libToCoNet/libToCoNet/lib/libToCoNet_JN5164.a(AppQueueApi_ToCoNet.o)
 .text.psAppQApiGetMlmeBuffer
                0x000897c9        0xc /cygdrive/c/TWESDK/Wks_ToCoNet/Samp_Monitor_2/../../Wks_libToCoNet/libToCoNet/lib/libToCoNet_JN5164.a(AppQueueApi_ToCoNet.o)
 .text.psAppQApiReadHwIndT
                0x000897d5        0xc /cygdrive/c/TWESDK/Wks_ToCoNet/Samp_Monitor_2/../../Wks_libToCoNet/libToCoNet/lib/libToCoNet_JN5164.a(AppQueueApi_ToCoNet.o)
                0x000897d5                _psAppQApiReadHwIndT
 .text.psAppQApiReadMcpsIndT
                0x000897e1        0xc /cygdrive/c/TWESDK/Wks_ToCoNet/Samp_Monitor_2/../../Wks_libToCoNet/libToCoNet/lib/libToCoNet_JN5164.a(AppQueueApi_ToCoNet.o)
                0x000897e1                _psAppQApiReadMcpsIndT
 .text.psAppQApiReadMlmeIndT
                0x000897ed        0xc /cygdrive/c/TWESDK/Wks_ToCoNet/Samp_Monitor_2/../../Wks_libToCoNet/libToCoNet/lib/libToCoNet_JN5164.a(AppQueueApi_ToCoNet.o)
                0x000897ed                _psAppQApiReadMlmeIndT
 .text.bFifoPush
                0x000897f9       0x28 /cygdrive/c/TWESDK/Wks_ToCoNet/Samp_Monitor_2/../../Wks_libToCoNet/libToCoNet/lib/libToCoNet_JN5164.a(AppQueueApi_ToCoNet.o)
 .text.vAppQApiPostMcps
                0x00089821       0x1e /cygdrive/c/TWESDK/Wks_ToCoNet/Samp_Monitor_2/../../Wks_libToCoNet/libToCoNet/lib/libToCoNet_JN5164.a(AppQueueApi_ToCoNet.o)
 .text.vAppQApiPostMlme
                0x0008983f       0x22 /cygdrive/c/TWESDK/Wks_ToCoNet/Samp_Monitor_2/../../Wks_libToCoNet/libToCoNet/lib/libToCoNet_JN5164.a(AppQueueApi_ToCoNet.o)
 .text.vAppQApiReturnHwIndBufferT
                0x00089861        0xe /cygdrive/c/TWESDK/Wks_ToCoNet/Samp_Monitor_2/../../Wks_libToCoNet/libToCoNet/lib/libToCoNet_JN5164.a(AppQueueApi_ToCoNet.o)
                0x00089861                _vAppQApiReturnHwIndBufferT
 .text.vAppQApiReturnMcpsIndBufferT
                0x0008986f        0xe /cygdrive/c/TWESDK/Wks_ToCoNet/Samp_Monitor_2/../../Wks_libToCoNet/libToCoNet/lib/libToCoNet_JN5164.a(AppQueueApi_ToCoNet.o)
                0x0008986f                _vAppQApiReturnMcpsIndBufferT
 .text.vAppQApiReturnMlmeIndBufferT
                0x0008987d        0xe /cygdrive/c/TWESDK/Wks_ToCoNet/Samp_Monitor_2/../../Wks_libToCoNet/libToCoNet/lib/libToCoNet_JN5164.a(AppQueueApi_ToCoNet.o)
                0x0008987d                _vAppQApiReturnMlmeIndBufferT
 .text.u32AppQApiInitT
                0x0008988b      0x18f /cygdrive/c/TWESDK/Wks_ToCoNet/Samp_Monitor_2/../../Wks_libToCoNet/libToCoNet/lib/libToCoNet_JN5164.a(AppQueueApi_ToCoNet.o)
                0x0008988b                _u32AppQApiInitT
 .text.vAppQApiPostHwIntT
                0x00089a1a       0x6e /cygdrive/c/TWESDK/Wks_ToCoNet/Samp_Monitor_2/../../Wks_libToCoNet/libToCoNet/lib/libToCoNet_JN5164.a(AppQueueApi_ToCoNet.o)
 .text.u32AppQApiInitNetwork
                0x00089a88       0x22 /cygdrive/c/TWESDK/Wks_ToCoNet/Samp_Monitor_2/../../Wks_libToCoNet/libToCoNet/lib/libToCoNet_JN5164.a(AppQueueApi_ToCoNet.o)
                0x00089a88                _u32AppQApiInitNetwork
 .text._ToCoNet_bRfChChannel
                0x00089aaa       0xaa /cygdrive/c/TWESDK/Wks_ToCoNet/Samp_Monitor_2/../../Wks_libToCoNet/libToCoNet/lib/libToCoNetExt_JN5164.a(AppStart.o)
                0x00089aaa                __ToCoNet_bRfChChannel
 .text.AppWarmStart
                0x00089b54       0x9d /cygdrive/c/TWESDK/Wks_ToCoNet/Samp_Monitor_2/../../Wks_libToCoNet/libToCoNet/lib/libToCoNetExt_JN5164.a(AppStart.o)
                0x00089b54                _AppWarmStart
 .text._ToCoNet_vMacInit
                0x00089bf1       0x2c /cygdrive/c/TWESDK/Wks_ToCoNet/Samp_Monitor_2/../../Wks_libToCoNet/libToCoNet/lib/libToCoNetExt_JN5164.a(AppStart.o)
                0x00089bf1                __ToCoNet_vMacInit
 .text._ToCoNet_vRfConfig
                0x00089c1d       0xe3 /cygdrive/c/TWESDK/Wks_ToCoNet/Samp_Monitor_2/../../Wks_libToCoNet/libToCoNet/lib/libToCoNetExt_JN5164.a(AppStart.o)
                0x00089c1d                __ToCoNet_vRfConfig
 .text.AppColdStart
                0x00089d00      0x4d7 /cygdrive/c/TWESDK/Wks_ToCoNet/Samp_Monitor_2/../../Wks_libToCoNet/libToCoNet/lib/libToCoNetExt_JN5164.a(AppStart.o)
                0x00089d00                _AppColdStart
 .text.ToCoNet_u32GetSerialOnBoot
                0x0008a1d7       0x37 /cygdrive/c/TWESDK/Wks_ToCoNet/Samp_Monitor_2/../../Wks_libToCoNet/libToCoNet/lib/libToCoNetExt_JN5164.a(getMacAddr.o)
                0x0008a1d7                _ToCoNet_u32GetSerialOnBoot
 .text.Mac_bRxQueueReg
                0x0008a20e       0x34 /cygdrive/c/TWESDK/Wks_ToCoNet/Samp_Monitor_2/../../Wks_libToCoNet/libToCoNet/lib/libToCoNetExt_JN5164.a(mac.o)
                0x0008a20e                _Mac_bRxQueueReg
 .text.Mac_vSetHighDataRate
                0x0008a242        0x3 /cygdrive/c/TWESDK/Wks_ToCoNet/Samp_Monitor_2/../../Wks_libToCoNet/libToCoNet/lib/libToCoNetExt_JN5164.a(mac.o)
                0x0008a242                _Mac_vSetHighDataRate
 .text.Mac_vSetCCA
                0x0008a245       0x32 /cygdrive/c/TWESDK/Wks_ToCoNet/Samp_Monitor_2/../../Wks_libToCoNet/libToCoNet/lib/libToCoNetExt_JN5164.a(mac.o)
                0x0008a245                _Mac_vSetCCA
 .text.Mac_vSetRetry
                0x0008a277       0x1e /cygdrive/c/TWESDK/Wks_ToCoNet/Samp_Monitor_2/../../Wks_libToCoNet/libToCoNet/lib/libToCoNetExt_JN5164.a(mac.o)
                0x0008a277                _Mac_vSetRetry
 .text.Mac_vReset
                0x0008a295       0x20 /cygdrive/c/TWESDK/Wks_ToCoNet/Samp_Monitor_2/../../Wks_libToCoNet/libToCoNet/lib/libToCoNetExt_JN5164.a(mac.o)
                0x0008a295                _Mac_vReset
 .text.bDecodeAES
                0x0008a2b5       0xc6 /cygdrive/c/TWESDK/Wks_ToCoNet/Samp_Monitor_2/../../Wks_libToCoNet/libToCoNet/lib/libToCoNetExt_JN5164.a(mac.o)
                0x0008a2b5                _bDecodeAES
 .text.bEncodeAES
                0x0008a37b       0xbb /cygdrive/c/TWESDK/Wks_ToCoNet/Samp_Monitor_2/../../Wks_libToCoNet/libToCoNet/lib/libToCoNetExt_JN5164.a(mac.o)
                0x0008a37b                _bEncodeAES
 .text.Mac_vHandleMcpsDataInd
                0x0008a436      0x2a0 /cygdrive/c/TWESDK/Wks_ToCoNet/Samp_Monitor_2/../../Wks_libToCoNet/libToCoNet/lib/libToCoNetExt_JN5164.a(mac.o)
                0x0008a436                _Mac_vHandleMcpsDataInd
 .text.Mac_bSecureInit
                0x0008a6d6        0xc /cygdrive/c/TWESDK/Wks_ToCoNet/Samp_Monitor_2/../../Wks_libToCoNet/libToCoNet/lib/libToCoNetExt_JN5164.a(mac.o)
                0x0008a6d6                _Mac_bSecureInit
 .text.Mac_vInit
                0x0008a6e2       0x41 /cygdrive/c/TWESDK/Wks_ToCoNet/Samp_Monitor_2/../../Wks_libToCoNet/libToCoNet/lib/libToCoNetExt_JN5164.a(mac.o)
                0x0008a6e2                _Mac_vInit
 .text.Mac_bTransmit
                0x0008a723      0x1ee /cygdrive/c/TWESDK/Wks_ToCoNet/Samp_Monitor_2/../../Wks_libToCoNet/libToCoNet/lib/libToCoNetExt_JN5164.a(mac.o)
                0x0008a723                _Mac_bTransmit
 .text.bAES_CCM_Encode
                0x0008a911       0x1e /cygdrive/c/TWESDK/Wks_ToCoNet/Samp_Monitor_2/../../Wks_libToCoNet/libToCoNet/lib/libToCoNetExt_JN5164.a(AES_CCM.o)
                0x0008a911                _bAES_CCM_Encode
 .text.bAES_CCM_Decode
                0x0008a92f       0x1e /cygdrive/c/TWESDK/Wks_ToCoNet/Samp_Monitor_2/../../Wks_libToCoNet/libToCoNet/lib/libToCoNetExt_JN5164.a(AES_CCM.o)
                0x0008a92f                _bAES_CCM_Decode
 .text.bAES_CCM_KeyReg
                0x0008a94d       0x4a /cygdrive/c/TWESDK/Wks_ToCoNet/Samp_Monitor_2/../../Wks_libToCoNet/libToCoNet/lib/libToCoNetExt_JN5164.a(AES_CCM.o)
                0x0008a94d                _bAES_CCM_KeyReg
 .text.bAES_CCM_DecodeKey
                0x0008a997       0x6b /cygdrive/c/TWESDK/Wks_ToCoNet/Samp_Monitor_2/../../Wks_libToCoNet/libToCoNet/lib/libToCoNetExt_JN5164.a(AES_CCM.o)
                0x0008a997                _bAES_CCM_DecodeKey
 .text.bAES_CCM_EncodeKey
                0x0008aa02       0x5c /cygdrive/c/TWESDK/Wks_ToCoNet/Samp_Monitor_2/../../Wks_libToCoNet/libToCoNet/lib/libToCoNetExt_JN5164.a(AES_CCM.o)
                0x0008aa02                _bAES_CCM_EncodeKey
 .text.EEP_6x_bRead
                0x0008aa5e       0x48 /cygdrive/c/TWESDK/Wks_ToCoNet/Samp_Monitor_2/../../Wks_libToCoNet/libToCoNet/lib/libToCoNetExt_JN5164.a(eeprom_6x.o)
                0x0008aa5e                _EEP_6x_bRead
 .text.EEP_6x_bWrite
                0x0008aaa6       0x7b /cygdrive/c/TWESDK/Wks_ToCoNet/Samp_Monitor_2/../../Wks_libToCoNet/libToCoNet/lib/libToCoNetExt_JN5164.a(eeprom_6x.o)
                0x0008aaa6                _EEP_6x_bWrite
 .text.vInstallNoAckHandler
                0x0008ab21       0x2a /cygdrive/c/TWESDK/Wks_ToCoNet/Samp_Monitor_2/../../Wks_libToCoNet/libToCoNet/lib/libToCoNetExt_JN5164.a(no_ack_handler.o)
                0x0008ab21                _vInstallNoAckHandler
 .text.vHandlerPatch
                0x0008ab4b       0x38 /cygdrive/c/TWESDK/Wks_ToCoNet/Samp_Monitor_2/../../Wks_libToCoNet/libToCoNet/lib/libToCoNetExt_JN5164.a(no_ack_handler.o)
 .text.bAHI_ReadIndexSectorPage
                0x0008ab83       0x4a /cygdrive/c/TWESDK/Wks_ToCoNet/Samp_Monitor_2/../../Wks_libToCoNet/libToCoNet/lib/libToCoNetExt_JN5164.a(AHI_FlashIndexSector.o)
                0x0008ab83                _bAHI_ReadIndexSectorPage
 .text.bAHI_ReadUserData
                0x0008abcd       0x2a /cygdrive/c/TWESDK/Wks_ToCoNet/Samp_Monitor_2/../../Wks_libToCoNet/libToCoNet/lib/libToCoNetExt_JN5164.a(AHI_FlashIndexSector.o)
                0x0008abcd                _bAHI_ReadUserData
 .text.bAHI_ReadIndexSectorBit
                0x0008abf7       0x39 /cygdrive/c/TWESDK/Wks_ToCoNet/Samp_Monitor_2/../../Wks_libToCoNet/libToCoNet/lib/libToCoNetExt_JN5164.a(AHI_FlashIndexSector.o)
                0x0008abf7                _bAHI_ReadIndexSectorBit
 .text.u32AHI_ReadIndexSectorBits
                0x0008ac30       0x37 /cygdrive/c/TWESDK/Wks_ToCoNet/Samp_Monitor_2/../../Wks_libToCoNet/libToCoNet/lib/libToCoNetExt_JN5164.a(AHI_FlashIndexSector.o)
                0x0008ac30                _u32AHI_ReadIndexSectorBits
 .text.bAHI_ReadCustomerSettings
                0x0008ac67       0x9b /cygdrive/c/TWESDK/Wks_ToCoNet/Samp_Monitor_2/../../Wks_libToCoNet/libToCoNet/lib/libToCoNetExt_JN5164.a(AHI_FlashIndexSector.o)
                0x0008ac67                _bAHI_ReadCustomerSettings
 .text.bAHI_ReadMACID
                0x0008ad02       0x46 /cygdrive/c/TWESDK/Wks_ToCoNet/Samp_Monitor_2/../../Wks_libToCoNet/libToCoNet/lib/libToCoNetExt_JN5164.a(AHI_FlashIndexSector.o)
                0x0008ad02                _bAHI_ReadMACID
 .text.bPDM_InitialiseEEPROM
                0x0008ad48       0x4d /cygdrive/c/TWESDK/Wks_ToCoNet/Samp_Monitor_2/../../Wks_libToCoNet/libToCoNet/lib/libToCoNetExt_JN5164.a(PDM_EEPROM.o)
                0x0008ad48                _bPDM_InitialiseEEPROM
 .text.vPDM_WriteEEPROMfixSegmentData
                0x0008ad95       0x3e /cygdrive/c/TWESDK/Wks_ToCoNet/Samp_Monitor_2/../../Wks_libToCoNet/libToCoNet/lib/libToCoNetExt_JN5164.a(PDM_EEPROM.o)
                0x0008ad95                _vPDM_WriteEEPROMfixSegmentData
 .text.SERIAL_bTxQueueEmpty
                0x0008add3       0x18 /cygdrive/c/TWESDK/Wks_ToCoNet/Samp_Monitor_2/../../Wks_libToCoNet/libToCoNet/lib/libToCoNetUtils_JN5164.a(serial.o)
                0x0008add3                _SERIAL_bTxQueueEmpty
 .text.SERIAL_bRxQueueEmpty
                0x0008adeb       0x18 /cygdrive/c/TWESDK/Wks_ToCoNet/Samp_Monitor_2/../../Wks_libToCoNet/libToCoNet/lib/libToCoNetUtils_JN5164.a(serial.o)
                0x0008adeb                _SERIAL_bRxQueueEmpty
 .text.SERIAL_vTxReady
                0x0008ae03       0x36 /cygdrive/c/TWESDK/Wks_ToCoNet/Samp_Monitor_2/../../Wks_libToCoNet/libToCoNet/lib/libToCoNetUtils_JN5164.a(serial.o)
                0x0008ae03                _SERIAL_vTxReady
 .text.SERIAL_i16RxChar
                0x0008ae39       0x4c /cygdrive/c/TWESDK/Wks_ToCoNet/Samp_Monitor_2/../../Wks_libToCoNet/libToCoNet/lib/libToCoNetUtils_JN5164.a(serial.o)
                0x0008ae39                _SERIAL_i16RxChar
 .text.SERIAL_bTxChar
                0x0008ae85       0x73 /cygdrive/c/TWESDK/Wks_ToCoNet/Samp_Monitor_2/../../Wks_libToCoNet/libToCoNet/lib/libToCoNetUtils_JN5164.a(serial.o)
                0x0008ae85                _SERIAL_bTxChar
 .text.SERIAL_vInitEx
                0x0008aef8       0x90 /cygdrive/c/TWESDK/Wks_ToCoNet/Samp_Monitor_2/../../Wks_libToCoNet/libToCoNet/lib/libToCoNetUtils_JN5164.a(serial.o)
                0x0008aef8                _SERIAL_vInitEx
 .text.SERIAL_vInit
                0x0008af88        0x8 /cygdrive/c/TWESDK/Wks_ToCoNet/Samp_Monitor_2/../../Wks_libToCoNet/libToCoNet/lib/libToCoNetUtils_JN5164.a(serial.o)
                0x0008af88                _SERIAL_vInit
 .text.vRxChar  0x0008af90       0x3e /cygdrive/c/TWESDK/Wks_ToCoNet/Samp_Monitor_2/../../Wks_libToCoNet/libToCoNet/lib/libToCoNetUtils_JN5164.a(serial.o)
 .text.UART_vSetTxInterrupt
                0x0008afce       0x1a /cygdrive/c/TWESDK/Wks_ToCoNet/Samp_Monitor_2/../../Wks_libToCoNet/libToCoNet/lib/libToCoNetUtils_JN5164.a(uart.o)
                0x0008afce                _UART_vSetTxInterrupt
 .text.UART_bTxReady
                0x0008afe8        0xf /cygdrive/c/TWESDK/Wks_ToCoNet/Samp_Monitor_2/../../Wks_libToCoNet/libToCoNet/lib/libToCoNetUtils_JN5164.a(uart.o)
                0x0008afe8                _UART_bTxReady
 .text.UART_vTxChar
                0x0008aff7        0x6 /cygdrive/c/TWESDK/Wks_ToCoNet/Samp_Monitor_2/../../Wks_libToCoNet/libToCoNet/lib/libToCoNetUtils_JN5164.a(uart.o)
                0x0008aff7                _UART_vTxChar
 .text.UART_vRtsStartFlow
                0x0008affd       0x22 /cygdrive/c/TWESDK/Wks_ToCoNet/Samp_Monitor_2/../../Wks_libToCoNet/libToCoNet/lib/libToCoNetUtils_JN5164.a(uart.o)
                0x0008affd                _UART_vRtsStartFlow
 .text.UART_vRtsStopFlow
                0x0008b01f       0x22 /cygdrive/c/TWESDK/Wks_ToCoNet/Samp_Monitor_2/../../Wks_libToCoNet/libToCoNet/lib/libToCoNetUtils_JN5164.a(uart.o)
                0x0008b01f                _UART_vRtsStopFlow
 .text.UART_vInit
                0x0008b041      0x1c3 /cygdrive/c/TWESDK/Wks_ToCoNet/Samp_Monitor_2/../../Wks_libToCoNet/libToCoNet/lib/libToCoNetUtils_JN5164.a(uart.o)
                0x0008b041                _UART_vInit
 .text.UART_vHandleUartInterrupt
                0x0008b204       0x8e /cygdrive/c/TWESDK/Wks_ToCoNet/Samp_Monitor_2/../../Wks_libToCoNet/libToCoNet/lib/libToCoNetUtils_JN5164.a(uart.o)
 .text.QUEUE__vInit
                0x0008b292       0x12 /cygdrive/c/TWESDK/Wks_ToCoNet/Samp_Monitor_2/../../Wks_libToCoNet/libToCoNet/lib/libToCoNetUtils_JN5164.a(ByteQueue.o)
                0x0008b292                _QUEUE__vInit
 .text.QUEUE__bEmpty
                0x0008b2a4        0xe /cygdrive/c/TWESDK/Wks_ToCoNet/Samp_Monitor_2/../../Wks_libToCoNet/libToCoNet/lib/libToCoNetUtils_JN5164.a(ByteQueue.o)
                0x0008b2a4                _QUEUE__bEmpty
 .text.QUEUE__bFull
                0x0008b2b2       0x11 /cygdrive/c/TWESDK/Wks_ToCoNet/Samp_Monitor_2/../../Wks_libToCoNet/libToCoNet/lib/libToCoNetUtils_JN5164.a(ByteQueue.o)
                0x0008b2b2                _QUEUE__bFull
 .text.QUEUE__u16Count
                0x0008b2c3        0x6 /cygdrive/c/TWESDK/Wks_ToCoNet/Samp_Monitor_2/../../Wks_libToCoNet/libToCoNet/lib/libToCoNetUtils_JN5164.a(ByteQueue.o)
                0x0008b2c3                _QUEUE__u16Count
 .text.QUEUE__vFlush
                0x0008b2c9       0x26 /cygdrive/c/TWESDK/Wks_ToCoNet/Samp_Monitor_2/../../Wks_libToCoNet/libToCoNet/lib/libToCoNetUtils_JN5164.a(ByteQueue.o)
                0x0008b2c9                _QUEUE__vFlush
 .text.QUEUE__u8RemoveItem
                0x0008b2ef       0x66 /cygdrive/c/TWESDK/Wks_ToCoNet/Samp_Monitor_2/../../Wks_libToCoNet/libToCoNet/lib/libToCoNetUtils_JN5164.a(ByteQueue.o)
                0x0008b2ef                _QUEUE__u8RemoveItem
 .text.QUEUE__vAddItem
                0x0008b355       0x66 /cygdrive/c/TWESDK/Wks_ToCoNet/Samp_Monitor_2/../../Wks_libToCoNet/libToCoNet/lib/libToCoNetUtils_JN5164.a(ByteQueue.o)
                0x0008b355                _QUEUE__vAddItem
 .text.u8CCITT8
                0x0008b3bb       0x23 /cygdrive/c/TWESDK/Wks_ToCoNet/Samp_Monitor_2/../../Wks_libToCoNet/libToCoNet/lib/libToCoNetUtils_JN5164.a(ccitt8.o)
                0x0008b3bb                _u8CCITT8
 .text.vPrintString
                0x0008b3de       0x7d /cygdrive/c/TWESDK/Wks_ToCoNet/Samp_Monitor_2/../../Wks_libToCoNet/libToCoNet/lib/libToCoNetUtils_JN5164.a(fprintf.o)
 .text.vPrintInteger
                0x0008b45b       0xac /cygdrive/c/TWESDK/Wks_ToCoNet/Samp_Monitor_2/../../Wks_libToCoNet/libToCoNet/lib/libToCoNetUtils_JN5164.a(fprintf.o)
 .text.vfPrintf
                0x0008b507      0x1d4 /cygdrive/c/TWESDK/Wks_ToCoNet/Samp_Monitor_2/../../Wks_libToCoNet/libToCoNet/lib/libToCoNetUtils_JN5164.a(fprintf.o)
                0x0008b507                _vfPrintf
 .text.SPRINTF_bPutChar
                0x0008b6db       0x3b /cygdrive/c/TWESDK/Wks_ToCoNet/Samp_Monitor_2/../../Wks_libToCoNet/libToCoNet/lib/libToCoNetUtils_JN5164.a(sprintf.o)
 .text.SPRINTF_vInit128
                0x0008b716       0x30 /cygdrive/c/TWESDK/Wks_ToCoNet/Samp_Monitor_2/../../Wks_libToCoNet/libToCoNet/lib/libToCoNetUtils_JN5164.a(sprintf.o)
                0x0008b716                _SPRINTF_vInit128
 .text.u32string2hex
                0x0008b746       0x5e /cygdrive/c/TWESDK/Wks_ToCoNet/Samp_Monitor_2/../../Wks_libToCoNet/libToCoNet/lib/libToCoNetUtils_JN5164.a(sprintf.o)
                0x0008b746                _u32string2hex
 .text.u32string2dec
                0x0008b7a4       0x61 /cygdrive/c/TWESDK/Wks_ToCoNet/Samp_Monitor_2/../../Wks_libToCoNet/libToCoNet/lib/libToCoNetUtils_JN5164.a(sprintf.o)
                0x0008b7a4                _u32string2dec
 .text.vTimerChangeDutyCore
                0x0008b805       0xa2 /cygdrive/c/TWESDK/Wks_ToCoNet/Samp_Monitor_2/../../Wks_libToCoNet/libToCoNet/lib/libToCoNetUtils_JN5164.a(utils.o)
                0x0008b805                _vTimerChangeDutyCore
 .text.vTimerChangeDuty
                0x0008b8a7        0xe /cygdrive/c/TWESDK/Wks_ToCoNet/Samp_Monitor_2/../../Wks_libToCoNet/libToCoNet/lib/libToCoNetUtils_JN5164.a(utils.o)
                0x0008b8a7                _vTimerChangeDuty
 .text.vWait    0x0008b8b5       0x19 /cygdrive/c/TWESDK/Wks_ToCoNet/Samp_Monitor_2/../../Wks_libToCoNet/libToCoNet/lib/libToCoNetUtils_JN5164.a(utils.o)
                0x0008b8b5                _vWait
 .text.vTimerStop
                0x0008b8ce       0x39 /cygdrive/c/TWESDK/Wks_ToCoNet/Samp_Monitor_2/../../Wks_libToCoNet/libToCoNet/lib/libToCoNetUtils_JN5164.a(utils.o)
                0x0008b8ce                _vTimerStop
 .text.vTimerStart
                0x0008b907       0xa7 /cygdrive/c/TWESDK/Wks_ToCoNet/Samp_Monitor_2/../../Wks_libToCoNet/libToCoNet/lib/libToCoNetUtils_JN5164.a(utils.o)
                0x0008b907                _vTimerStart
 *fill*         0x0008b9ae        0x2 00
 .text.vTimerConfig
                0x0008b9b0      0x190 /cygdrive/c/TWESDK/Wks_ToCoNet/Samp_Monitor_2/../../Wks_libToCoNet/libToCoNet/lib/libToCoNetUtils_JN5164.a(utils.o)
                0x0008b9b0                _vTimerConfig
 .text.pvAppApiDefGetMacHandle
                0x0008bb40        0x9 /cygdrive/c/TWESDK/516x/Components/Library/libAppApi_JN516x.a(AppApi.o)
                0x0008bb40                _pvAppApiDefGetMacHandle
 .text.vAppApiDefSetPrbsSeed
                0x0008bb49       0x24 /cygdrive/c/TWESDK/516x/Components/Library/libAppApi_JN516x.a(AppApi.o)
                0x0008bb49                _vAppApiDefSetPrbsSeed
 .text.pvAppApiDefGetMacAddrLocation
                0x0008bb6d        0x9 /cygdrive/c/TWESDK/516x/Components/Library/libAppApi_JN516x.a(AppApi.o)
                0x0008bb6d                _pvAppApiDefGetMacAddrLocation
 .text.vAppApiDefSetInterrupts
                0x0008bb76       0x3d /cygdrive/c/TWESDK/516x/Components/Library/libAppApi_JN516x.a(AppApi.o)
                0x0008bb76                _vAppApiDefSetInterrupts
 .text.vAppApiDefPowerUp
                0x0008bbb3       0x26 /cygdrive/c/TWESDK/516x/Components/Library/libAppApi_JN516x.a(AppApi.o)
                0x0008bbb3                _vAppApiDefPowerUp
 .text.vAppApiDefStartStack
                0x0008bbd9       0x51 /cygdrive/c/TWESDK/516x/Components/Library/libAppApi_JN516x.a(AppApi.o)
                0x0008bbd9                _vAppApiDefStartStack
 .text.u32AppApiDefInit
                0x0008bc2a       0x5a /cygdrive/c/TWESDK/516x/Components/Library/libAppApi_JN516x.a(AppApi.o)
                0x0008bc2a                _u32AppApiDefInit
 .text.eAppApiDefPlmeGet
                0x0008bc84       0x33 /cygdrive/c/TWESDK/516x/Components/Library/libAppApi_JN516x.a(AppApi.o)
                0x0008bc84                _eAppApiDefPlmeGet
 .text.vAppApiDefMcpsRequest
                0x0008bcb7       0x32 /cygdrive/c/TWESDK/516x/Components/Library/libAppApi_JN516x.a(AppApi.o)
                0x0008bcb7                _vAppApiDefMcpsRequest
 .text.vAppApiDefMlmeRequest
                0x0008bce9       0x32 /cygdrive/c/TWESDK/516x/Components/Library/libAppApi_JN516x.a(AppApi.o)
                0x0008bce9                _vAppApiDefMlmeRequest
 .text.eAppApiDefPlmeSet
                0x0008bd1b       0x33 /cygdrive/c/TWESDK/516x/Components/Library/libAppApi_JN516x.a(AppApi.o)
                0x0008bd1b                _eAppApiDefPlmeSet
 .text.vAppApiDefSaveMacSettings
                0x0008bd4e       0x5d /cygdrive/c/TWESDK/516x/Components/Library/libAppApi_JN516x.a(AppApiSleep.o)
                0x0008bd4e                _vAppApiDefSaveMacSettings
 .text.vMAC_RestoreSettings
                0x0008bdab       0xc8 /cygdrive/c/TWESDK/516x/Components/Library/libAppApi_JN516x.a(AppApiSleep.o)
                0x0008bdab                _vMAC_RestoreSettings
 .text.vAppApiDefRestoreMacSettings
                0x0008be73       0x25 /cygdrive/c/TWESDK/516x/Components/Library/libAppApi_JN516x.a(AppApiSleep.o)
                0x0008be73                _vAppApiDefRestoreMacSettings
 .text.vSetTimer0
                0x0008be98        0xf /cygdrive/c/TWESDK/516x/Components/Library/libMac_JN516x.a(mac_main.o)
                0x0008be98                _vSetTimer0
 .text.u32GetTimer0
                0x0008bea7        0x7 /cygdrive/c/TWESDK/516x/Components/Library/libMac_JN516x.a(mac_main.o)
                0x0008bea7                _u32GetTimer0
 .text.MAC_vXcvPhyEvtHandler
                0x0008beae       0x10 /cygdrive/c/TWESDK/516x/Components/Library/libMac_JN516x.a(mac_main.o)
                0x0008beae                _MAC_vXcvPhyEvtHandler
 .text.MAC_vXcvBbcEvtHandler
                0x0008bebe       0x20 /cygdrive/c/TWESDK/516x/Components/Library/libMac_JN516x.a(mac_main.o)
                0x0008bebe                _MAC_vXcvBbcEvtHandler
 .text.mac_vInitTimer0
                0x0008bede       0x20 /cygdrive/c/TWESDK/516x/Components/Library/libMac_JN516x.a(mac_main.o)
                0x0008bede                _mac_vInitTimer0
 .text.MAC_pvCtor
                0x0008befe       0x82 /cygdrive/c/TWESDK/516x/Components/Library/libMac_JN516x.a(mac_main.o)
                0x0008befe                _MAC_pvCtor
 .text.MAC_vHandleMcpsReqRsp
                0x0008bf80       0x2d /cygdrive/c/TWESDK/516x/Components/Library/libMac_JN516x.a(mac_mcps.o)
                0x0008bf80                _MAC_vHandleMcpsReqRsp
 .text.vHandleTofRequest
                0x0008bfad       0x12 /cygdrive/c/TWESDK/516x/Components/Library/libMac_JN516x.a(mac_mlme.o)
 *fill*         0x0008bfbf        0x1 00
 .text.MAC_vHandleMlmeReqRsp
                0x0008bfc0       0xb4 /cygdrive/c/TWESDK/516x/Components/Library/libMac_JN516x.a(mac_mlme.o)
                0x0008bfc0                _MAC_vHandleMlmeReqRsp
 .text.MAC_psPibGetHandle
                0x0008c074        0x7 /cygdrive/c/TWESDK/516x/Components/Library/libMac_JN516x.a(mac_pib.o)
                0x0008c074                _MAC_psPibGetHandle
 .text.MAC_vPibSetShortAddr
                0x0008c07b        0xe /cygdrive/c/TWESDK/516x/Components/Library/libMac_JN516x.a(mac_pib.o)
                0x0008c07b                _MAC_vPibSetShortAddr
 .text.MAC_vPibSetPanId
                0x0008c089       0x1b /cygdrive/c/TWESDK/516x/Components/Library/libMac_JN516x.a(mac_pib.o)
                0x0008c089                _MAC_vPibSetPanId
 .text.MAC_vPibSetMinBe
                0x0008c0a4       0x1e /cygdrive/c/TWESDK/516x/Components/Library/libMac_JN516x.a(mac_pib.o)
                0x0008c0a4                _MAC_vPibSetMinBe
 .text.MAC_vPibSetMaxCsmaBackoffs
                0x0008c0c2       0x21 /cygdrive/c/TWESDK/516x/Components/Library/libMac_JN516x.a(mac_pib.o)
                0x0008c0c2                _MAC_vPibSetMaxCsmaBackoffs
 .text.MAC_vSetExtAddr
                0x0008c0e3       0x1f /cygdrive/c/TWESDK/516x/Components/Library/libMac_JN516x.a(mac_pib.o)
                0x0008c0e3                _MAC_vSetExtAddr
 .text.MAC_vPibSetRxOnWhenIdle
                0x0008c102       0x13 /cygdrive/c/TWESDK/516x/Components/Library/libMac_JN516x.a(mac_pib.o)
                0x0008c102                _MAC_vPibSetRxOnWhenIdle
 .text.MAC_vPibSetPromiscuousMode
                0x0008c115       0x40 /cygdrive/c/TWESDK/516x/Components/Library/libMac_JN516x.a(mac_pib.o)
                0x0008c115                _MAC_vPibSetPromiscuousMode
 .text.mac_vPibCmpCoordExtAddr
                0x0008c155       0x29 /cygdrive/c/TWESDK/516x/Components/Library/libMac_JN516x.a(mac_pib_mlme.o)
                0x0008c155                _mac_vPibCmpCoordExtAddr
 .text.mac_vPibReset
                0x0008c17e       0x87 /cygdrive/c/TWESDK/516x/Components/Library/libMac_JN516x.a(mac_pib_mlme.o)
                0x0008c17e                _mac_vPibReset
 .text.mac_vPibSetDefaults
                0x0008c205      0x12e /cygdrive/c/TWESDK/516x/Components/Library/libMac_JN516x.a(mac_pib_mlme.o)
                0x0008c205                _mac_vPibSetDefaults
 .text.vPMICreset
                0x0008c333        0xd /cygdrive/c/TWESDK/516x/Components/Library/libMac_JN516x.a(mac_pmic.o)
                0x0008c333                _vPMICreset
 .text.vPMICpostFailedAssocDcfm
                0x0008c340       0x3d /cygdrive/c/TWESDK/516x/Components/Library/libMac_JN516x.a(mac_pmic.o)
                0x0008c340                _vPMICpostFailedAssocDcfm
 .text.vPMICassocReqTO_2
                0x0008c37d       0x1d /cygdrive/c/TWESDK/516x/Components/Library/libMac_JN516x.a(mac_pmic.o)
 .text.vPMICassocReqFrameReceived
                0x0008c39a       0x79 /cygdrive/c/TWESDK/516x/Components/Library/libMac_JN516x.a(mac_pmic.o)
                0x0008c39a                _vPMICassocReqFrameReceived
 .text.vPMICdisassocReceived
                0x0008c413       0x93 /cygdrive/c/TWESDK/516x/Components/Library/libMac_JN516x.a(mac_pmic.o)
                0x0008c413                _vPMICdisassocReceived
 .text.vPMICassocRespFrameReceived
                0x0008c4a6       0x93 /cygdrive/c/TWESDK/516x/Components/Library/libMac_JN516x.a(mac_pmic.o)
                0x0008c4a6                _vPMICassocRespFrameReceived
 .text.vPMICassocReqTO_1
                0x0008c539       0x8c /cygdrive/c/TWESDK/516x/Components/Library/libMac_JN516x.a(mac_pmic.o)
 .text.vPMICdisassociateRequest
                0x0008c5c5       0xf4 /cygdrive/c/TWESDK/516x/Components/Library/libMac_JN516x.a(mac_pmic.o)
                0x0008c5c5                _vPMICdisassociateRequest
 .text.bPMICdisassocReqSent
                0x0008c6b9       0x83 /cygdrive/c/TWESDK/516x/Components/Library/libMac_JN516x.a(mac_pmic.o)
 .text.vPMICassociateResponse
                0x0008c73c       0xd9 /cygdrive/c/TWESDK/516x/Components/Library/libMac_JN516x.a(mac_pmic.o)
                0x0008c73c                _vPMICassociateResponse
 .text.bAssocRespSent
                0x0008c815       0x1d /cygdrive/c/TWESDK/516x/Components/Library/libMac_JN516x.a(mac_pmic.o)
 .text.vPMICassociateRequest
                0x0008c832       0xe6 /cygdrive/c/TWESDK/516x/Components/Library/libMac_JN516x.a(mac_pmic.o)
                0x0008c832                _vPMICassociateRequest
 .text.bPMICassocReqPollSent
                0x0008c918       0x5b /cygdrive/c/TWESDK/516x/Components/Library/libMac_JN516x.a(mac_pmic.o)
 .text.bPMICassocReqSent
                0x0008c973       0x8d /cygdrive/c/TWESDK/516x/Components/Library/libMac_JN516x.a(mac_pmic.o)
 .text.MAC_vRegisterMlmeDcfmIndCallbacks
                0x0008ca00        0xc /cygdrive/c/TWESDK/516x/Components/Library/libMac_JN516x.a(mac_ind.o)
                0x0008ca00                _MAC_vRegisterMlmeDcfmIndCallbacks
 .text.MAC_vRegisterMcpsDcfmIndCallbacks
                0x0008ca0c        0xc /cygdrive/c/TWESDK/516x/Components/Library/libMac_JN516x.a(mac_ind.o)
                0x0008ca0c                _MAC_vRegisterMcpsDcfmIndCallbacks
 .text.mac_psDcfmIndGetBuf
                0x0008ca18       0x23 /cygdrive/c/TWESDK/516x/Components/Library/libMac_JN516x.a(mac_ind.o)
                0x0008ca18                _mac_psDcfmIndGetBuf
 .text.mac_eDcfmIndPost
                0x0008ca3b       0x21 /cygdrive/c/TWESDK/516x/Components/Library/libMac_JN516x.a(mac_ind.o)
                0x0008ca3b                _mac_eDcfmIndPost
 .text.eScanHandleEvt
                0x0008ca5c       0x2e /cygdrive/c/TWESDK/516x/Components/Library/libMac_JN516x.a(mac_scan.o)
                0x0008ca5c                _eScanHandleEvt
 .text.vScanHandleTimer
                0x0008ca8a        0x8 /cygdrive/c/TWESDK/516x/Components/Library/libMac_JN516x.a(mac_scan.o)
 .text.eGenlIllegal
                0x0008ca92        0x7 /cygdrive/c/TWESDK/516x/Components/Library/libMac_JN516x.a(mac_scan.o)
 .text.eGenlDontCare
                0x0008ca99        0x5 /cygdrive/c/TWESDK/516x/Components/Library/libMac_JN516x.a(mac_scan.o)
 .text.eWEnDEdDone
                0x0008ca9e       0x64 /cygdrive/c/TWESDK/516x/Components/Library/libMac_JN516x.a(mac_scan.o)
 .text.eWEnDTmrExpiry
                0x0008cb02        0xb /cygdrive/c/TWESDK/516x/Components/Library/libMac_JN516x.a(mac_scan.o)
 .text.mac_eScanHandleXcvBbcEvt
                0x0008cb0d        0xf /cygdrive/c/TWESDK/516x/Components/Library/libMac_JN516x.a(mac_scan.o)
                0x0008cb0d                _mac_eScanHandleXcvBbcEvt
 .text.mac_eScanHandleXcvPhyEvt
                0x0008cb1c       0x12 /cygdrive/c/TWESDK/516x/Components/Library/libMac_JN516x.a(mac_scan.o)
                0x0008cb1c                _mac_eScanHandleXcvPhyEvt
 .text.vSetNextChannel
                0x0008cb2e       0x4a /cygdrive/c/TWESDK/516x/Components/Library/libMac_JN516x.a(mac_scan.o)
 .text.mac_vScanHandleMlmeReq
                0x0008cb78       0x98 /cygdrive/c/TWESDK/516x/Components/Library/libMac_JN516x.a(mac_scan.o)
                0x0008cb78                _mac_vScanHandleMlmeReq
 .text.mac_eScanInit
                0x0008cc10       0x19 /cygdrive/c/TWESDK/516x/Components/Library/libMac_JN516x.a(mac_scan.o)
                0x0008cc10                _mac_eScanInit
 .text.vPostDcfm
                0x0008cc29       0xe9 /cygdrive/c/TWESDK/516x/Components/Library/libMac_JN516x.a(mac_scan.o)
 .text.eWCoRRxDone
                0x0008cd12       0xb7 /cygdrive/c/TWESDK/516x/Components/Library/libMac_JN516x.a(mac_scan.o)
 .text.eGenTmrExpiry
                0x0008cdc9       0x4b /cygdrive/c/TWESDK/516x/Components/Library/libMac_JN516x.a(mac_scan.o)
 .text.eWEDTEdDone
                0x0008ce14       0x1a /cygdrive/c/TWESDK/516x/Components/Library/libMac_JN516x.a(mac_scan.o)
 .text.eGenRxHdrDone
                0x0008ce2e       0x13 /cygdrive/c/TWESDK/516x/Components/Library/libMac_JN516x.a(mac_scan.o)
 .text.eWONTTxDone
                0x0008ce41       0x35 /cygdrive/c/TWESDK/516x/Components/Library/libMac_JN516x.a(mac_scan.o)
 .text.eWBRTTxDone
                0x0008ce76       0x21 /cygdrive/c/TWESDK/516x/Components/Library/libMac_JN516x.a(mac_scan.o)
 .text.eWBcnRxDone
                0x0008ce97      0x19e /cygdrive/c/TWESDK/516x/Components/Library/libMac_JN516x.a(mac_scan.o)
 .text.bSendMacCmd
                0x0008d035       0x40 /cygdrive/c/TWESDK/516x/Components/Library/libMac_JN516x.a(mac_scan.o)
 .text.eWChCChanChgd
                0x0008d075      0x170 /cygdrive/c/TWESDK/516x/Components/Library/libMac_JN516x.a(mac_scan.o)
 .text.mac_vLPBAdjustBeaconOffset
                0x0008d1e5       0x5d /cygdrive/c/TWESDK/516x/Components/Library/libMac_JN516x.a(mac_lp.o)
                0x0008d1e5                _mac_vLPBAdjustBeaconOffset
 .text.mac_u32LPBGetBeaconTimeout
                0x0008d242        0x9 /cygdrive/c/TWESDK/516x/Components/Library/libMac_JN516x.a(mac_lp.o)
                0x0008d242                _mac_u32LPBGetBeaconTimeout
 .text.MAC_u32ConvertFrom16uS
                0x0008d24b       0x41 /cygdrive/c/TWESDK/516x/Components/Library/libMac_JN516x.a(mac_lp.o)
                0x0008d24b                _MAC_u32ConvertFrom16uS
 .text.mac_vLPBSleep
                0x0008d28c       0x55 /cygdrive/c/TWESDK/516x/Components/Library/libMac_JN516x.a(mac_lp.o)
                0x0008d28c                _mac_vLPBSleep
 .text.mac_vLPBStopTimer
                0x0008d2e1        0xe /cygdrive/c/TWESDK/516x/Components/Library/libMac_JN516x.a(mac_lp.o)
                0x0008d2e1                _mac_vLPBStopTimer
 .text.mac_vLPBStartTimer
                0x0008d2ef       0x88 /cygdrive/c/TWESDK/516x/Components/Library/libMac_JN516x.a(mac_lp.o)
                0x0008d2ef                _mac_vLPBStartTimer
 .text.vMCPSframeReceived
                0x0008d377       0x5a /cygdrive/c/TWESDK/516x/Components/Library/libMac_JN516x.a(MCPS.o)
                0x0008d377                _vMCPSframeReceived
 .text.bSearchQueue
                0x0008d3d1       0x36 /cygdrive/c/TWESDK/516x/Components/Library/libMac_JN516x.a(MCPS.o)
 .text.vTAM_MCPSpurgeRequest
                0x0008d407       0x64 /cygdrive/c/TWESDK/516x/Components/Library/libMac_JN516x.a(MCPS.o)
                0x0008d407                _vTAM_MCPSpurgeRequest
 .text.bMCPSframeTXcomplete
                0x0008d46b       0x5a /cygdrive/c/TWESDK/516x/Components/Library/libMac_JN516x.a(MCPS.o)
 .text.vTAM_MCPSdataRequest
                0x0008d4c5       0x46 /cygdrive/c/TWESDK/516x/Components/Library/libMac_JN516x.a(MCPS.o)
                0x0008d4c5                _vTAM_MCPSdataRequest
 .text.phy_ePibGet
                0x0008d50b       0x34 /cygdrive/c/TWESDK/516x/Components/Library/libMac_JN516x.a(phy_pib.o)
                0x0008d50b                _phy_ePibGet
 .text.u8GetPapValue
                0x0008d53f       0x21 /cygdrive/c/TWESDK/516x/Components/Library/libMac_JN516x.a(phy_pib.o)
 .text.vPhySetChannel
                0x0008d560       0x77 /cygdrive/c/TWESDK/516x/Components/Library/libMac_JN516x.a(phy_pib.o)
                0x0008d560                _vPhySetChannel
 .text.phy_ePibSet
                0x0008d5d7       0x90 /cygdrive/c/TWESDK/516x/Components/Library/libMac_JN516x.a(phy_pib.o)
                0x0008d5d7                _phy_ePibSet
 .text.phy_vPibSetDefaults
                0x0008d667       0x2c /cygdrive/c/TWESDK/516x/Components/Library/libMac_JN516x.a(phy_pib.o)
                0x0008d667                _phy_vPibSetDefaults
 .text.bTAMinPAN
                0x0008d693       0x19 /cygdrive/c/TWESDK/516x/Components/Library/libMac_JN516x.a(TAM.o)
                0x0008d693                _bTAMinPAN
 .text.eTAMevent
                0x0008d6ac       0x1a /cygdrive/c/TWESDK/516x/Components/Library/libMac_JN516x.a(TAM.o)
                0x0008d6ac                _eTAMevent
 *fill*         0x0008d6c6        0x2 00
 .text.eTAMselect
                0x0008d6c8      0x154 /cygdrive/c/TWESDK/516x/Components/Library/libMac_JN516x.a(TAM.o)
                0x0008d6c8                _eTAMselect
 .text.vTAM_MLMEsyncRequest
                0x0008d81c       0x17 /cygdrive/c/TWESDK/516x/Components/Library/libMac_JN516x.a(TAM.o)
                0x0008d81c                _vTAM_MLMEsyncRequest
 .text.vTAM_MLMEstartRequest
                0x0008d833       0x87 /cygdrive/c/TWESDK/516x/Components/Library/libMac_JN516x.a(TAM.o)
                0x0008d833                _vTAM_MLMEstartRequest
 .text.vTAMreset
                0x0008d8ba      0x1f6 /cygdrive/c/TWESDK/516x/Components/Library/libMac_JN516x.a(TAM.o)
                0x0008d8ba                _vTAMreset
 .text.vTAMCOsetCoordinator
                0x0008dab0       0x29 /cygdrive/c/TWESDK/516x/Components/Library/libMac_JN516x.a(TAMCO.o)
                0x0008dab0                _vTAMCOsetCoordinator
 .text.vTAMCOupdatePendingList
                0x0008dad9       0xbb /cygdrive/c/TWESDK/516x/Components/Library/libMac_JN516x.a(TAMCO.o)
                0x0008dad9                _vTAMCOupdatePendingList
 .text.vTAMCOreqTXinCAP
                0x0008db94       0x2f /cygdrive/c/TWESDK/516x/Components/Library/libMac_JN516x.a(TAMCO.o)
                0x0008db94                _vTAMCOreqTXinCAP
 .text.vTrySendFromDirectNoBeacon
                0x0008dbc3       0x38 /cygdrive/c/TWESDK/516x/Components/Library/libMac_JN516x.a(TAMCO.o)
 .text.vTAMCOreqTXnoBeacon
                0x0008dbfb       0x18 /cygdrive/c/TWESDK/516x/Components/Library/libMac_JN516x.a(TAMCO.o)
                0x0008dbfb                _vTAMCOreqTXnoBeacon
 .text.vTAMCOframeRXnobeacon
                0x0008dc13       0x18 /cygdrive/c/TWESDK/516x/Components/Library/libMac_JN516x.a(TAMCO.o)
                0x0008dc13                _vTAMCOframeRXnobeacon
 .text.vTAMCOframeTXnobeacon
                0x0008dc2b       0x1e /cygdrive/c/TWESDK/516x/Components/Library/libMac_JN516x.a(TAMCO.o)
                0x0008dc2b                _vTAMCOframeTXnobeacon
 .text.vTrySendFromDirectCAP
                0x0008dc49       0x25 /cygdrive/c/TWESDK/516x/Components/Library/libMac_JN516x.a(TAMCO.o)
 .text.vTAMCOframeRXcap
                0x0008dc6e       0x18 /cygdrive/c/TWESDK/516x/Components/Library/libMac_JN516x.a(TAMCO.o)
                0x0008dc6e                _vTAMCOframeRXcap
 .text.vTAMCOframeRXgoingIdle
                0x0008dc86       0x1c /cygdrive/c/TWESDK/516x/Components/Library/libMac_JN516x.a(TAMCO.o)
                0x0008dc86                _vTAMCOframeRXgoingIdle
 .text.vTAMCOframeTXcap
                0x0008dca2       0x30 /cygdrive/c/TWESDK/516x/Components/Library/libMac_JN516x.a(TAMCO.o)
                0x0008dca2                _vTAMCOframeTXcap
 .text.vTAMCOframeTXgoingIdle
                0x0008dcd2       0x1b /cygdrive/c/TWESDK/516x/Components/Library/libMac_JN516x.a(TAMCO.o)
                0x0008dcd2                _vTAMCOframeTXgoingIdle
 .text.vTAMCOint2Fired
                0x0008dced       0x22 /cygdrive/c/TWESDK/516x/Components/Library/libMac_JN516x.a(TAMCO.o)
                0x0008dced                _vTAMCOint2Fired
 .text.vTAMCOframeTXbeacon
                0x0008dd0f       0xc9 /cygdrive/c/TWESDK/516x/Components/Library/libMac_JN516x.a(TAMCO.o)
                0x0008dd0f                _vTAMCOframeTXbeacon
 .text.vTAMCOint1Fired
                0x0008ddd8       0xef /cygdrive/c/TWESDK/516x/Components/Library/libMac_JN516x.a(TAMCO.o)
                0x0008ddd8                _vTAMCOint1Fired
 .text.vTAMCOint1FiredCAP
                0x0008dec7       0x7f /cygdrive/c/TWESDK/516x/Components/Library/libMac_JN516x.a(TAMCO.o)
                0x0008dec7                _vTAMCOint1FiredCAP
 .text.vTAMCOstartBeacon
                0x0008df46       0x41 /cygdrive/c/TWESDK/516x/Components/Library/libMac_JN516x.a(TAMCO.o)
                0x0008df46                _vTAMCOstartBeacon
 .text.vStartStoreValues
                0x0008df87       0xbc /cygdrive/c/TWESDK/516x/Components/Library/libMac_JN516x.a(TAMCO.o)
 .text.bStartCallback
                0x0008e043       0x2f /cygdrive/c/TWESDK/516x/Components/Library/libMac_JN516x.a(TAMCO.o)
 .text.vTAMCO_MLMEstartRequest
                0x0008e072      0x11e /cygdrive/c/TWESDK/516x/Components/Library/libMac_JN516x.a(TAMCO.o)
                0x0008e072                _vTAMCO_MLMEstartRequest
 .text.vTAMCOframeStarting
                0x0008e190       0x1e /cygdrive/c/TWESDK/516x/Components/Library/libMac_JN516x.a(TAMCO.o)
                0x0008e190                _vTAMCOframeStarting
 .text.vTAMDEdetermineNullState
                0x0008e1ae       0x1d /cygdrive/c/TWESDK/516x/Components/Library/libMac_JN516x.a(TAMDE.o)
                0x0008e1ae                _vTAMDEdetermineNullState
 .text.vSetPHYfromMacValue
                0x0008e1cb       0x45 /cygdrive/c/TWESDK/516x/Components/Library/libMac_JN516x.a(TAMDE.o)
 .text.vTAMDEint1FiredWaitDR
                0x0008e210       0x20 /cygdrive/c/TWESDK/516x/Components/Library/libMac_JN516x.a(TAMDE.o)
                0x0008e210                _vTAMDEint1FiredWaitDR
 .text.vTAMDEstartSync
                0x0008e230       0x86 /cygdrive/c/TWESDK/516x/Components/Library/libMac_JN516x.a(TAMDE.o)
                0x0008e230                _vTAMDEstartSync
 .text.vTAMDE_MLMEsyncRequest
                0x0008e2b6       0x30 /cygdrive/c/TWESDK/516x/Components/Library/libMac_JN516x.a(TAMDE.o)
                0x0008e2b6                _vTAMDE_MLMEsyncRequest
 .text.vTrySendUnslotted
                0x0008e2e6       0x23 /cygdrive/c/TWESDK/516x/Components/Library/libMac_JN516x.a(TAMDE.o)
 .text.vDeterminePowerState
                0x0008e309       0x98 /cygdrive/c/TWESDK/516x/Components/Library/libMac_JN516x.a(TAMDE.o)
 .text.vTAMDEreqTXnullTrackingCAP
                0x0008e3a1       0x1c /cygdrive/c/TWESDK/516x/Components/Library/libMac_JN516x.a(TAMDE.o)
                0x0008e3a1                _vTAMDEreqTXnullTrackingCAP
 .text.vTAMDEint2FiredTrackingDR
                0x0008e3bd       0x2b /cygdrive/c/TWESDK/516x/Components/Library/libMac_JN516x.a(TAMDE.o)
                0x0008e3bd                _vTAMDEint2FiredTrackingDR
 .text.vTAMDEframeTXDEnull
                0x0008e3e8       0x28 /cygdrive/c/TWESDK/516x/Components/Library/libMac_JN516x.a(TAMDE.o)
                0x0008e3e8                _vTAMDEframeTXDEnull
 .text.vTAMDEframeTXtrackingCAPgts
                0x0008e410       0x34 /cygdrive/c/TWESDK/516x/Components/Library/libMac_JN516x.a(TAMDE.o)
                0x0008e410                _vTAMDEframeTXtrackingCAPgts
 .text.vTAMDEframeRX
                0x0008e444       0x30 /cygdrive/c/TWESDK/516x/Components/Library/libMac_JN516x.a(TAMDE.o)
                0x0008e444                _vTAMDEframeRX
 .text.vTAMDEframePreSyncReq
                0x0008e474       0x21 /cygdrive/c/TWESDK/516x/Components/Library/libMac_JN516x.a(TAMDE.o)
                0x0008e474                _vTAMDEframePreSyncReq
 .text.bSendDataRequest
                0x0008e495      0x113 /cygdrive/c/TWESDK/516x/Components/Library/libMac_JN516x.a(TAMDE.o)
 .text.vTAMDEframeRXtrackingDR
                0x0008e5a8       0x47 /cygdrive/c/TWESDK/516x/Components/Library/libMac_JN516x.a(TAMDE.o)
                0x0008e5a8                _vTAMDEframeRXtrackingDR
 .text.vTAMDEint2FiredPollActive
                0x0008e5ef       0x34 /cygdrive/c/TWESDK/516x/Components/Library/libMac_JN516x.a(TAMDE.o)
                0x0008e5ef                _vTAMDEint2FiredPollActive
 .text.vTAMDEframeTXtrackingDR
                0x0008e623       0x6b /cygdrive/c/TWESDK/516x/Components/Library/libMac_JN516x.a(TAMDE.o)
                0x0008e623                _vTAMDEframeTXtrackingDR
 .text.vTAMDEint1FiredTracking
                0x0008e68e       0x6f /cygdrive/c/TWESDK/516x/Components/Library/libMac_JN516x.a(TAMDE.o)
                0x0008e68e                _vTAMDEint1FiredTracking
 .text.vTAMDEint1FiredTrackingCAPgts
                0x0008e6fd       0xca /cygdrive/c/TWESDK/516x/Components/Library/libMac_JN516x.a(TAMDE.o)
                0x0008e6fd                _vTAMDEint1FiredTrackingCAPgts
 .text.vTAMDEint1FiredTrackingBeacon
                0x0008e7c7       0xa7 /cygdrive/c/TWESDK/516x/Components/Library/libMac_JN516x.a(TAMDE.o)
                0x0008e7c7                _vTAMDEint1FiredTrackingBeacon
 .text.bProcessBeaconRX
                0x0008e86e       0xe6 /cygdrive/c/TWESDK/516x/Components/Library/libMac_JN516x.a(TAMDE.o)
 .text.vTAMDEframeRXsyncReq
                0x0008e954      0x26c /cygdrive/c/TWESDK/516x/Components/Library/libMac_JN516x.a(TAMDE.o)
                0x0008e954                _vTAMDEframeRXsyncReq
 .text.vTAMDEint1FiredSyncReq
                0x0008ebc0       0x7b /cygdrive/c/TWESDK/516x/Components/Library/libMac_JN516x.a(TAMDE.o)
                0x0008ebc0                _vTAMDEint1FiredSyncReq
 .text.pvMEMget
                0x0008ec3b       0x27 /cygdrive/c/TWESDK/516x/Components/Library/libMac_JN516x.a(TAM_MEM.o)
                0x0008ec3b                _pvMEMget
 .text.vMEMreturn
                0x0008ec62       0x6a /cygdrive/c/TWESDK/516x/Components/Library/libMac_JN516x.a(TAM_MEM.o)
                0x0008ec62                _vMEMreturn
 .text.vMEMreset
                0x0008eccc       0x70 /cygdrive/c/TWESDK/516x/Components/Library/libMac_JN516x.a(TAM_MEM.o)
                0x0008eccc                _vMEMreset
 .text.vMLMErxEnableConfirm
                0x0008ed3c       0x37 /cygdrive/c/TWESDK/516x/Components/Library/libMac_JN516x.a(TAM_MLME.o)
                0x0008ed3c                _vMLMErxEnableConfirm
 .text.vMLMEcommStatus
                0x0008ed73       0x6e /cygdrive/c/TWESDK/516x/Components/Library/libMac_JN516x.a(TAM_MLME.o)
                0x0008ed73                _vMLMEcommStatus
 .text.vMLMEcommStatusFromFrame
                0x0008ede1       0x47 /cygdrive/c/TWESDK/516x/Components/Library/libMac_JN516x.a(TAM_MLME.o)
                0x0008ede1                _vMLMEcommStatusFromFrame
 .text.vMLMEsyncLoss
                0x0008ee28       0x38 /cygdrive/c/TWESDK/516x/Components/Library/libMac_JN516x.a(TAM_MLME.o)
                0x0008ee28                _vMLMEsyncLoss
 .text.vMLMEbeaconNotify
                0x0008ee60      0x17c /cygdrive/c/TWESDK/516x/Components/Library/libMac_JN516x.a(TAM_MLME.o)
                0x0008ee60                _vMLMEbeaconNotify
 .text.vTAHsetCutOff
                0x0008efdc        0xa /cygdrive/c/TWESDK/516x/Components/Library/libMac_JN516x.a(TAM_TAH.o)
                0x0008efdc                _vTAHsetCutOff
 .text.vTAHsetSyncLock
                0x0008efe6       0x18 /cygdrive/c/TWESDK/516x/Components/Library/libMac_JN516x.a(TAM_TAH.o)
                0x0008efe6                _vTAHsetSyncLock
 .text.vTAHsetPhyStateDirect
                0x0008effe       0x33 /cygdrive/c/TWESDK/516x/Components/Library/libMac_JN516x.a(TAM_TAH.o)
                0x0008effe                _vTAHsetPhyStateDirect
 .text.vTAHsetPhyState
                0x0008f031       0x35 /cygdrive/c/TWESDK/516x/Components/Library/libMac_JN516x.a(TAM_TAH.o)
                0x0008f031                _vTAHsetPhyState
 .text.vTAIdisableInterrupt
                0x0008f066       0x10 /cygdrive/c/TWESDK/516x/Components/Library/libMac_JN516x.a(TAM_TAI.o)
                0x0008f066                _vTAIdisableInterrupt
 .text.vTAIsetRxEnableTime
                0x0008f076       0x1d /cygdrive/c/TWESDK/516x/Components/Library/libMac_JN516x.a(TAM_TAI.o)
                0x0008f076                _vTAIsetRxEnableTime
 .text.vTAIsetCapTime
                0x0008f093       0x1d /cygdrive/c/TWESDK/516x/Components/Library/libMac_JN516x.a(TAM_TAI.o)
                0x0008f093                _vTAIsetCapTime
 .text.eTATreadTXstatus
                0x0008f0b0       0x46 /cygdrive/c/TWESDK/516x/Components/Library/libMac_JN516x.a(TAM_TAT.o)
                0x0008f0b0                _eTATreadTXstatus
 .text.vTATgetFrameAddress
                0x0008f0f6       0x20 /cygdrive/c/TWESDK/516x/Components/Library/libMac_JN516x.a(TAM_TAT.o)
                0x0008f0f6                _vTATgetFrameAddress
 .text.vTATgetFramePayload
                0x0008f116       0x1d /cygdrive/c/TWESDK/516x/Components/Library/libMac_JN516x.a(TAM_TAT.o)
                0x0008f116                _vTATgetFramePayload
 .text.vTATsetBLE
                0x0008f133       0x3e /cygdrive/c/TWESDK/516x/Components/Library/libMac_JN516x.a(TAM_TAT.o)