Archive member included because of file (symbol)

/cygdrive/c/TWESDK/Wks_ToCoNet/Samp_Monitor_2/../../Wks_libToCoNet/libToCoNet/lib/libToCoNet_JN5164.a(ToCoNet_event.o)
                              objs_JN5164/EndDevice_Input.o (_PRSEV_u8Register)
/cygdrive/c/TWESDK/Wks_ToCoNet/Samp_Monitor_2/../../Wks_libToCoNet/libToCoNet/lib/libToCoNet_JN5164.a(ToCoNet_main.o)
                              objs_JN5164/EndDevice_Input.o (_ToCoNet_vDebugInit)
/cygdrive/c/TWESDK/Wks_ToCoNet/Samp_Monitor_2/../../Wks_libToCoNet/libToCoNet/lib/libToCoNet_JN5164.a(ToCoNet_utils.o)
                              objs_JN5164/EndDevice_Input.o (_ToCoNet_u32GetVersion)
/cygdrive/c/TWESDK/Wks_ToCoNet/Samp_Monitor_2/../../Wks_libToCoNet/libToCoNet/lib/libToCoNet_JN5164.a(ToCoNet_mod_Tx.o)
                              objs_JN5164/EndDevice_Input.o (_ToCoNet_vReg_mod_Tx_Standard)
/cygdrive/c/TWESDK/Wks_ToCoNet/Samp_Monitor_2/../../Wks_libToCoNet/libToCoNet/lib/libToCoNet_JN5164.a(ToCoNet_mod_TxRxQueue.o)
                              objs_JN5164/EndDevice_Input.o (_ToCoNet_vReg_mod_TxRxQueueMid)
/cygdrive/c/TWESDK/Wks_ToCoNet/Samp_Monitor_2/../../Wks_libToCoNet/libToCoNet/lib/libToCoNet_JN5164.a(ToCoNet_mod_Nwk_Common.o)
                              /cygdrive/c/TWESDK/Wks_ToCoNet/Samp_Monitor_2/../../Wks_libToCoNet/libToCoNet/lib/libToCoNet_JN5164.a(ToCoNet_main.o) (_ToCoNet_vRxProc_App)
/cygdrive/c/TWESDK/Wks_ToCoNet/Samp_Monitor_2/../../Wks_libToCoNet/libToCoNet/lib/libToCoNet_JN5164.a(ToCoNet_mod_Nwk_LayerTree_MiniNodes.o)
                              objs_JN5164/ProcessEv_Standard.o (_ToCoNet_NwkLyTr_psConfig_MiniNodes)
/cygdrive/c/TWESDK/Wks_ToCoNet/Samp_Monitor_2/../../Wks_libToCoNet/libToCoNet/lib/libToCoNet_JN5164.a(ToCoNet_mod_Channel_Mgr.o)
                              /cygdrive/c/TWESDK/Wks_ToCoNet/Samp_Monitor_2/../../Wks_libToCoNet/libToCoNet/lib/libToCoNet_JN5164.a(ToCoNet_main.o) (_ToCoNet_ChMgr_bCh_Reconfig)
/cygdrive/c/TWESDK/Wks_ToCoNet/Samp_Monitor_2/../../Wks_libToCoNet/libToCoNet/lib/libToCoNet_JN5164.a(Version.o)
                              /cygdrive/c/TWESDK/Wks_ToCoNet/Samp_Monitor_2/../../Wks_libToCoNet/libToCoNet/lib/libToCoNet_JN5164.a(ToCoNet_utils.o) (_au8ToCoNetVersionInfo)
/cygdrive/c/TWESDK/Wks_ToCoNet/Samp_Monitor_2/../../Wks_libToCoNet/libToCoNet/lib/libToCoNet_JN5164.a(AppQueueApi_ToCoNet.o)
                              /cygdrive/c/TWESDK/Wks_ToCoNet/Samp_Monitor_2/../../Wks_libToCoNet/libToCoNet/lib/libToCoNet_JN5164.a(ToCoNet_main.o) (_psAppQApiReadHwIndT)
/cygdrive/c/TWESDK/Wks_ToCoNet/Samp_Monitor_2/../../Wks_libToCoNet/libToCoNet/lib/libToCoNet_JN5164.a(ToCoNet_mod_Nwk_LayerTree.o)
                              /cygdrive/c/TWESDK/Wks_ToCoNet/Samp_Monitor_2/../../Wks_libToCoNet/libToCoNet/lib/libToCoNet_JN5164.a(ToCoNet_mod_Nwk_LayerTree_MiniNodes.o) (_ToCoNet_NwkLyTr_psConfig)
/cygdrive/c/TWESDK/Wks_ToCoNet/Samp_Monitor_2/../../Wks_libToCoNet/libToCoNet/lib/libToCoNet_JN5164.a(ToCoNet_mod_NbScan.o)
                              /cygdrive/c/TWESDK/Wks_ToCoNet/Samp_Monitor_2/../../Wks_libToCoNet/libToCoNet/lib/libToCoNet_JN5164.a(ToCoNet_mod_Nwk_LayerTree.o) (_ToCoNet_NbScan_bStartToFindRole)
/cygdrive/c/TWESDK/Wks_ToCoNet/Samp_Monitor_2/../../Wks_libToCoNet/libToCoNet/lib/libToCoNetExt_JN5164.a(AppStart.o)
                              /cygdrive/c/TWESDK/Wks_ToCoNet/Samp_Monitor_2/../../Wks_libToCoNet/libToCoNet/lib/libToCoNet_JN5164.a(ToCoNet_mod_Channel_Mgr.o) (__ToCoNet_bRfChChannel)
/cygdrive/c/TWESDK/Wks_ToCoNet/Samp_Monitor_2/../../Wks_libToCoNet/libToCoNet/lib/libToCoNetExt_JN5164.a(getMacAddr.o)
                              /cygdrive/c/TWESDK/Wks_ToCoNet/Samp_Monitor_2/../../Wks_libToCoNet/libToCoNet/lib/libToCoNet_JN5164.a(ToCoNet_main.o) (_ToCoNet_u32GetSerialOnBoot)
/cygdrive/c/TWESDK/Wks_ToCoNet/Samp_Monitor_2/../../Wks_libToCoNet/libToCoNet/lib/libToCoNetExt_JN5164.a(mac.o)
                              /cygdrive/c/TWESDK/Wks_ToCoNet/Samp_Monitor_2/../../Wks_libToCoNet/libToCoNet/lib/libToCoNet_JN5164.a(ToCoNet_main.o) (_Mac_bRxQueueReg)
/cygdrive/c/TWESDK/Wks_ToCoNet/Samp_Monitor_2/../../Wks_libToCoNet/libToCoNet/lib/libToCoNetExt_JN5164.a(AES_CCM.o)
                              /cygdrive/c/TWESDK/Wks_ToCoNet/Samp_Monitor_2/../../Wks_libToCoNet/libToCoNet/lib/libToCoNetExt_JN5164.a(mac.o) (_bAES_CCM_Encode)
/cygdrive/c/TWESDK/Wks_ToCoNet/Samp_Monitor_2/../../Wks_libToCoNet/libToCoNet/lib/libToCoNetExt_JN5164.a(eeprom_6x.o)
                              objs_JN5164/flash.o (_EEP_6x_bRead)
/cygdrive/c/TWESDK/Wks_ToCoNet/Samp_Monitor_2/../../Wks_libToCoNet/libToCoNet/lib/libToCoNetExt_JN5164.a(no_ack_handler.o)
                              /cygdrive/c/TWESDK/Wks_ToCoNet/Samp_Monitor_2/../../Wks_libToCoNet/libToCoNet/lib/libToCoNetExt_JN5164.a(AppStart.o) (_vInstallNoAckHandler)
/cygdrive/c/TWESDK/Wks_ToCoNet/Samp_Monitor_2/../../Wks_libToCoNet/libToCoNet/lib/libToCoNetExt_JN5164.a(Version.o)
[...]
Memory Configuration

Name             Origin             Length             Attributes
flash            0x00080000         0x00028000
ram              0x0400004c         0x00007fb4
*default*        0x00000000         0xffffffff

Linker script and memory map

LOAD objs_JN5164/EndDevice_Input.o
LOAD objs_JN5164/common.o
LOAD objs_JN5164/flash.o
LOAD objs_JN5164/adc.o
LOAD objs_JN5164/SMBus.o
LOAD objs_JN5164/BH1715.o
LOAD objs_JN5164/SHT21.o
LOAD objs_JN5164/ADT7410.o
LOAD objs_JN5164/MPL115A2.o
LOAD objs_JN5164/LIS3DH.o
LOAD objs_JN5164/sensor_driver.o
LOAD objs_JN5164/Interactive.o
LOAD objs_JN5164/input_string.o
LOAD objs_JN5164/sercmd_ascii.o
LOAD objs_JN5164/sercmd_chat.o
LOAD objs_JN5164/sercmd_plus3.o
LOAD objs_JN5164/sercmd_binary.o
LOAD objs_JN5164/ProcessEv_Standard.o
LOAD objs_JN5164/ProcessEv_Botton.o
LOAD objs_JN5164/ProcessEv_Config.o
LOAD objs_JN5164/ProcessEv_Door_Timer.o
LOAD objs_JN5164/ProcessEv_Door_Timer_Nwk.o
LOAD objs_JN5164/ProcessEv_SHT21.o
LOAD objs_JN5164/ProcessEv_ADT7410.o
LOAD objs_JN5164/ProcessEv_MPL115A2.o
LOAD objs_JN5164/ProcessEv_LIS3DH.o
LOAD objs_JN5164/ProcessEv_UART.o
LOAD /cygdrive/c/TWESDK/Wks_ToCoNet/Samp_Monitor_2/../../Wks_libToCoNet/libToCoNet/lib/libToCoNet_JN5164.a
LOAD /cygdrive/c/TWESDK/Wks_ToCoNet/Samp_Monitor_2/../../Wks_libToCoNet/libToCoNet/lib/libToCoNetExt_JN5164.a
LOAD /cygdrive/c/TWESDK/Wks_ToCoNet/Samp_Monitor_2/../../Wks_libToCoNet/libToCoNet/lib/libToCoNetUtils_JN5164.a
START GROUP
LOAD /cygdrive/c/TWESDK/516x/Components/Library/libAppApi_JN516x.a
LOAD /cygdrive/c/TWESDK/516x/Components/Library/libMac_JN516x.a
LOAD /cygdrive/c/TWESDK/516x/Components/Library/libTof_JN516x.a
LOAD /cygdrive/c/TWESDK/516x/Components/Library/libXcv_JN516x.a
LOAD /cygdrive/c/TWESDK/516x/Components/Library/libAES_CCM_SW_PATCH_JN516x.a
LOAD /cygdrive/c/TWESDK/516x/Components/Library/libAes_JN516x.a
LOAD /cygdrive/c/TWESDK/516x/Components/Library/libTimerServer_JN516x.a
LOAD /cygdrive/c/TWESDK/516x/Components/Library/libHardwareApi_JN516x.a
LOAD /cygdrive/c/TWESDK/516x/Components/Library/libMicroSpecific_JN516x.a
LOAD /cygdrive/c/TWESDK/516x/Components/Library/libBoot_JN516x.a
LOAD /cygdrive/c/TWESDK/516x/Components/Library/libMaths_JN516x.a
LOAD /cygdrive/c/TWESDK/Wks_ToCoNet/Samp_Monitor_2/../../Wks_libToCoNet/libToCoNet/lib/libToCoNet_JN5164.a
LOAD /cygdrive/c/TWESDK/Wks_ToCoNet/Samp_Monitor_2/../../Wks_libToCoNet/libToCoNet/lib/libToCoNetExt_JN5164.a
LOAD /cygdrive/c/TWESDK/Wks_ToCoNet/Samp_Monitor_2/../../Wks_libToCoNet/libToCoNet/lib/libToCoNetUtils_JN5164.a
END GROUP
LOAD /cygdrive/c/TWESDK/Tools/ba-elf-ba2/bin/../lib/gcc/ba-elf/4.1.2/ba2/libgcc.a
LOAD /cygdrive/c/TWESDK/Tools/ba-elf-ba2/bin/../lib/gcc/ba-elf/4.1.2/../../../../ba-elf/lib/ba2/libc.a
LOAD /cygdrive/c/TWESDK/Tools/ba-elf-ba2/bin/../lib/gcc/ba-elf/4.1.2/ba2/libgcc.a
                0x00001000                _stack_size = 0x1000
                0x00080038                __exception_vsr_table = 0x80038
                0x04000000                _pSPIflashFncTable = 0x4000000
                0x00001000                _stack_size = 0x1000
                0x00000044                restore_state = 0x44
                0x0000004a                _bZSPIWaitWIPClear = 0x4a
                0x00000050                _u16ZSPIflashRDID = 0x50
                0x00000056                _u8SelectFlashChipType = 0x56
                0x0000005c                _memcpy = 0x5c
                0x00000066                _vBootFlashProg = 0x66
                [0x00000d16]                _minimum_heap_size = DEFINED (_minimum_heap_size)?_minimum_heap_size:0xd16
                0x00000000                _SwConfig = (DEFINED (g_bSWConf_Debug) | (DEFINED (g_bSWConf_AltDebugPort) << 0x1))

.version        0x0007fffc        0x4
                0x0007fffc        0x4 LONG 0x4030008

.bir            0x00080000       0x10
                0x00080000                _flash_start = <code 342> (.)
                0x00080000                _flash_beg = <code 342> (.)
                0x00080000        0x4 LONG 0x12345678
                0x00080004        0x4 LONG 0x11223344
                0x00080008        0x4 LONG 0x55667788
                0x0008000c        0x1 BYTE 0x8
                0x0008000d        0x1 BYTE 0x1
                0x0008000e        0x2 SHORT 0x0

.flashheader    0x00080010       0x28
                0x00080010        0x4 LONG 0x0
                0x00080014        0x4 LONG 0x0
                0x00080018        0x4 LONG 0x0
                0x0008001c        0x2 SHORT 0x0
                0x0008001e        0x2 SHORT 0x0 <code 342> (_SwConfig)
                0x00080020                _enc_start = <code 342> (.)
                0x00080020        0x4 LONG 0x15c2c <code 342> (_image_len)
                0x00000000                _enc_offset = (_enc_start & 0xf)
                [0x00000020]                _enc_start = (_enc_start - _flash_beg)
                0x00080024        0x4 LONG 0x95718 <code 342> (_flash_data_start)
                0x00080028        0x2 SHORT 0x13 ((<code 342> (_ram_data_start) / 0x4) & 0xffff)
                0x0008002a        0x2 SHORT 0x145 ((<code 342> (_ram_data_len) / 0x4) & 0xffff)
                0x0008002c        0x2 SHORT 0x158 ((<code 342> (_bss_start) / 0x4) & 0xffff)
                0x0008002e        0x2 SHORT 0x8da ((<code 342> (_bss_len) / 0x4) & 0xffff)
                0x00080030        0x4 LONG 0x89b7c <code 342> (_AppWarmStart)
                0x00080034        0x4 LONG 0x89d28 <code 342> (_AppColdStart)
                0x00000044                PROVIDE (_vException_BusError, restore_state)
                0x00000044                PROVIDE (_vException_UnalignedAccess, restore_state)
                0x00000044                PROVIDE (_vException_IllegalInstruction, restore_state)
                0x00000044                PROVIDE (_vException_SysCall, restore_state)
                0x00000044                PROVIDE (_vException_Trap, restore_state)
                0x00000044                PROVIDE (_vException_StackOverflow, restore_state)
                0x00080038                . = <code 342> (__exception_vsr_table)

.vsr_table      0x00080038       0x18
                0x00080038        0x4 LONG 0x44 <code 342> (_vException_BusError)
                0x0008003c        0x4 LONG 0x44 <code 342> (_vException_UnalignedAccess)
                0x00080040        0x4 LONG 0x44 <code 342> (_vException_IllegalInstruction)
                0x00080044        0x4 LONG 0x44 <code 342> (_vException_SysCall)
                0x00080048        0x4 LONG 0x44 <code 342> (_vException_Trap)
                0x0008004c        0x4 LONG 0x44 <code 342> (_vException_StackOverflow)

.vsr_handlers   0x00080050       0xab
 *(.vsr_handlers)
 .vsr_handlers  0x00080050       0xab /cygdrive/c/TWESDK/516x/Components/Library/libBoot_JN516x.a(ExceptionHandler.o)
                0x00080050                __exception_external_interrupt
                0x000800f9                __default_vsr_dummy

.rodata         0x00080100     0x1201
 *(.rodata*)
 .rodata.str1.1
                0x00080100       0x95 objs_JN5164/EndDevice_Input.o
                                 0x98 (size before relaxing)
 *fill*         0x00080195        0x3 00
 .rodata.u32DioPortWakeUp
                0x00080198        0x4 objs_JN5164/common.o
                0x00080198                _u32DioPortWakeUp
 .rodata.au8EncKey
                0x0008019c       0x10 objs_JN5164/common.o
                0x0008019c                _au8EncKey
 .rodata.au8AdcSrcTable
                0x000801ac        0x6 objs_JN5164/adc.o
 .rodata.au8TickWait
                0x000801b2        0x2 objs_JN5164/SHT21.o
                0x000801b2                _au8TickWait
 .rodata.au8TrigCmd
                0x000801b4        0x2 objs_JN5164/SHT21.o
                0x000801b4                _au8TrigCmd
 .rodata.LIS3DH_AXIS
                0x000801b6        0x3 objs_JN5164/LIS3DH.o
                0x000801b6                _LIS3DH_AXIS
 .rodata.str1.1
                0x000801b9      0x55f objs_JN5164/Interactive.o
                                0x576 (size before relaxing)
 .rodata.au8tbl.2209
                0x00080718       0x11 objs_JN5164/sercmd_ascii.o
 .rodata.u8tbl.2152
                0x00080729       0x17 objs_JN5164/sercmd_ascii.o
 .rodata.str1.1
                0x00080740       0xc6 objs_JN5164/ProcessEv_Standard.o
 *fill*         0x00080806        0x2 00
 .rodata.asStateFuncTbl
                0x00080808       0x28 objs_JN5164/ProcessEv_Standard.o
 .rodata.str1.1
                0x00080830       0x15 objs_JN5164/ProcessEv_Botton.o
                                 0xd6 (size before relaxing)
 *fill*         0x00080845        0x3 00
 .rodata.asStateFuncTbl
                0x00080848       0x30 objs_JN5164/ProcessEv_Botton.o
 .rodata.C.8.4725
                0x00080878        0x4 objs_JN5164/ProcessEv_Botton.o
 .rodata.str1.1
                0x0008087c       0x21 objs_JN5164/ProcessEv_Config.o
 .rodata.str1.1
                0x0008089d       0x4e objs_JN5164/ProcessEv_Door_Timer.o
                                 0xdb (size before relaxing)
 *fill*         0x000808eb        0x1 00
 .rodata.asStateFuncTbl
                0x000808ec       0x20 objs_JN5164/ProcessEv_Door_Timer.o
 .rodata.str1.1
                0x0008090c       0x69 objs_JN5164/ProcessEv_Door_Timer_Nwk.o
 *fill*         0x00080975        0x3 00
 .rodata.asStateFuncTbl
                0x00080978       0x18 objs_JN5164/ProcessEv_Door_Timer_Nwk.o
 .rodata.str1.1
                0x00080990       0xbf objs_JN5164/ProcessEv_SHT21.o
                                0x155 (size before relaxing)
 *fill*         0x00080a4f        0x1 00
 .rodata.asStateFuncTbl
                0x00080a50       0x28 objs_JN5164/ProcessEv_SHT21.o
 .rodata.str1.1
                0x00080a78       0x2d objs_JN5164/ProcessEv_ADT7410.o
                                0x14f (size before relaxing)
 *fill*         0x00080aa5        0x3 00
 .rodata.asStateFuncTbl
                0x00080aa8       0x28 objs_JN5164/ProcessEv_ADT7410.o
 .rodata.str1.1
                0x00080ad0       0x2c objs_JN5164/ProcessEv_MPL115A2.o
                                0x14e (size before relaxing)
 .rodata.asStateFuncTbl
                0x00080afc       0x28 objs_JN5164/ProcessEv_MPL115A2.o
 .rodata.str1.1
                0x00080b24       0x39 objs_JN5164/ProcessEv_LIS3DH.o
                                0x15b (size before relaxing)
 *fill*         0x00080b5d        0x3 00
 .rodata.asStateFuncTbl
                0x00080b60       0x28 objs_JN5164/ProcessEv_LIS3DH.o
 .rodata.C.14.4803
                0x00080b88        0x4 objs_JN5164/ProcessEv_LIS3DH.o
 .rodata.str1.1
                0x00080b8c       0x77 objs_JN5164/ProcessEv_UART.o
                                0x149 (size before relaxing)
 *fill*         0x00080c03        0x1 00
 .rodata.asStateFuncTbl
                0x00080c04       0x38 objs_JN5164/ProcessEv_UART.o
 .rodata.str1.1
                0x00080c3c       0x11 /cygdrive/c/TWESDK/Wks_ToCoNet/Samp_Monitor_2/../../Wks_libToCoNet/libToCoNet/lib/libToCoNet_JN5164.a(ToCoNet_mod_Tx.o)
 *fill*         0x00080c4d        0x3 00
 .rodata.asStateFuncTbl
                0x00080c50       0x38 /cygdrive/c/TWESDK/Wks_ToCoNet/Samp_Monitor_2/../../Wks_libToCoNet/libToCoNet/lib/libToCoNet_JN5164.a(ToCoNet_mod_Tx.o)
 .rodata.au8ToCoNetVersionInfo
                0x00080c88        0xc /cygdrive/c/TWESDK/Wks_ToCoNet/Samp_Monitor_2/../../Wks_libToCoNet/libToCoNet/lib/libToCoNet_JN5164.a(Version.o)
                0x00080c88                _au8ToCoNetVersionInfo
 .rodata.str1.1
                0x00080c94       0x11 /cygdrive/c/TWESDK/Wks_ToCoNet/Samp_Monitor_2/../../Wks_libToCoNet/libToCoNet/lib/libToCoNetExt_JN5164.a(AppStart.o)
 .rodata        0x00080ca5       0x11 /cygdrive/c/TWESDK/Wks_ToCoNet/Samp_Monitor_2/../../Wks_libToCoNet/libToCoNet/lib/libToCoNetExt_JN5164.a(AppStart.o)
 .rodata.au8k.5340
                0x00080cb6       0x20 /cygdrive/c/TWESDK/Wks_ToCoNet/Samp_Monitor_2/../../Wks_libToCoNet/libToCoNet/lib/libToCoNetExt_JN5164.a(AppStart.o)
 .rodata.au8k.5378
                0x00080cd6       0x20 /cygdrive/c/TWESDK/Wks_ToCoNet/Samp_Monitor_2/../../Wks_libToCoNet/libToCoNet/lib/libToCoNetExt_JN5164.a(AppStart.o)
 .rodata.str1.1
                0x00080cf6       0x11 /cygdrive/c/TWESDK/Wks_ToCoNet/Samp_Monitor_2/../../Wks_libToCoNet/libToCoNet/lib/libToCoNetExt_JN5164.a(mac.o)
 *fill*         0x00080d07        0x1 00
 .rodata.u32MacHigh_TOCOS
                0x00080d08        0x4 /cygdrive/c/TWESDK/Wks_ToCoNet/Samp_Monitor_2/../../Wks_libToCoNet/libToCoNet/lib/libToCoNetExt_JN5164.a(mac.o)
                0x00080d08                _u32MacHigh_TOCOS
 .rodata.u32MacLow_TOCOS
                0x00080d0c        0x4 /cygdrive/c/TWESDK/Wks_ToCoNet/Samp_Monitor_2/../../Wks_libToCoNet/libToCoNet/lib/libToCoNetExt_JN5164.a(mac.o)
                0x00080d0c                _u32MacLow_TOCOS
 .rodata.au8ToCoNetExtVersionInfo
                0x00080d10        0xc /cygdrive/c/TWESDK/Wks_ToCoNet/Samp_Monitor_2/../../Wks_libToCoNet/libToCoNet/lib/libToCoNetExt_JN5164.a(Version.o)
                0x00080d10                _au8ToCoNetExtVersionInfo
 .rodata.au8SpeedCodeToEepromClkDivisors
                0x00080d1c        0x8 /cygdrive/c/TWESDK/Wks_ToCoNet/Samp_Monitor_2/../../Wks_libToCoNet/libToCoNet/lib/libToCoNetExt_JN5164.a(PDM_EEPROM.o)
 .rodata.u8CRCTable
                0x00080d24      0x100 /cygdrive/c/TWESDK/Wks_ToCoNet/Samp_Monitor_2/../../Wks_libToCoNet/libToCoNet/lib/libToCoNetUtils_JN5164.a(ccitt8.o)
 .rodata.str1.1
                0x00080e24        0x7 /cygdrive/c/TWESDK/Wks_ToCoNet/Samp_Monitor_2/../../Wks_libToCoNet/libToCoNet/lib/libToCoNetUtils_JN5164.a(fprintf.o)
 .rodata.au8ToCoNetUtilsVersionInfo
                0x00080e2b        0xc /cygdrive/c/TWESDK/Wks_ToCoNet/Samp_Monitor_2/../../Wks_libToCoNet/libToCoNet/lib/libToCoNetUtils_JN5164.a(Version.o)
                0x00080e2b                _au8ToCoNetUtilsVersionInfo
 *fill*         0x00080e37        0x1 00
 .rodata.s_sPibInit
                0x00080e38       0x18 /cygdrive/c/TWESDK/516x/Components/Library/libMac_JN516x.a(mac_pib_mlme.o)
 .rodata.aeXcvPhyEvtToScanEvt.4240
                0x00080e50       0x18 /cygdrive/c/TWESDK/516x/Components/Library/libMac_JN516x.a(mac_scan.o)
 .rodata.aeXcvBbcEvtToScanEvt.4230
                0x00080e68        0xa /cygdrive/c/TWESDK/516x/Components/Library/libMac_JN516x.a(mac_scan.o)
 .rodata.s_atScanEvtST
                0x00080e72       0x31 /cygdrive/c/TWESDK/516x/Components/Library/libMac_JN516x.a(mac_scan.o)
 *fill*         0x00080ea3        0x1 00
 .rodata.s_aprScanHandleEvt
                0x00080ea4       0x30 /cygdrive/c/TWESDK/516x/Components/Library/libMac_JN516x.a(mac_scan.o)
 .rodata.psTAMcontext
                0x00080ed4        0x4 /cygdrive/c/TWESDK/516x/Components/Library/libMac_JN516x.a(TAM.o)
                0x00080ed4                _psTAMcontext
 .rodata.psTamMacContext
                0x00080ed8        0x4 /cygdrive/c/TWESDK/516x/Components/Library/libMac_JN516x.a(TAM.o)
                0x00080ed8                _psTamMacContext
 .rodata.psTamXcvContext
                0x00080edc        0x4 /cygdrive/c/TWESDK/516x/Components/Library/libMac_JN516x.a(TAM.o)
                0x00080edc                _psTamXcvContext
 .rodata.au8XcvToTAMevent.4757
                0x00080ee0        0xa /cygdrive/c/TWESDK/516x/Components/Library/libMac_JN516x.a(TAM.o)
 .rodata.au8HeaderSize.4215
                0x00080eea        0xe /cygdrive/c/TWESDK/516x/Components/Library/libMac_JN516x.a(TAMcommon.o)
 .rodata.apvActionCalls
                0x00080ef8       0x88 /cygdrive/c/TWESDK/516x/Components/Library/libMac_JN516x.a(TAMevent.o)
                0x00080ef8                _apvActionCalls
 .rodata.au8StateActions
                0x00080f80       0x8c /cygdrive/c/TWESDK/516x/Components/Library/libMac_JN516x.a(TAMevent.o)
                0x00080f80                _au8StateActions
 .rodata.au8SizeInc.4433
                0x0008100c        0x9 /cygdrive/c/TWESDK/516x/Components/Library/libMac_JN516x.a(TAMsecurity.o)
 .rodata.au8MICLenLUT.3714
                0x00081015        0x4 /cygdrive/c/TWESDK/516x/Components/Library/libMac_JN516x.a(TAMsecurity.o)
 .rodata.au8FlashWaitStates32MXO
                0x00081019        0x8 /cygdrive/c/TWESDK/516x/Components/Library/libHardwareApi_JN516x.a(AHI_System.o)
 .rodata.au8FlashWaitStatesHSRCO
                0x00081021        0x8 /cygdrive/c/TWESDK/516x/Components/Library/libHardwareApi_JN516x.a(AHI_System.o)
 *fill*         0x00081029        0x3 00
 .rodata.au32TimerBaseAddress
                0x0008102c       0x14 /cygdrive/c/TWESDK/516x/Components/Library/libHardwareApi_JN516x.a(AHI_Timer.o)
 .rodata.au32UartAddrOffset
                0x00081040        0x8 /cygdrive/c/TWESDK/516x/Components/Library/libHardwareApi_JN516x.a(AHI_Uart.o)
                0x00081040                _au32UartAddrOffset
 .rodata.au8dataSizeTable
                0x00081048        0xd /cygdrive/c/TWESDK/516x/Components/Library/libAes_JN516x.a(AEScoprocessorAPI.o)
                0x00081048                _au8dataSizeTable
 *fill*         0x00081055        0x3 00
 .rodata        0x00081058       0x10 /cygdrive/c/TWESDK/Tools/ba-elf-ba2/bin/../lib/gcc/ba-elf/4.1.2/ba2/libgcc.a(fp-bit.o)
                0x00081058                ___thenan_sf
 .rodata        0x00081068       0x18 /cygdrive/c/TWESDK/Tools/ba-elf-ba2/bin/../lib/gcc/ba-elf/4.1.2/ba2/libgcc.a(dp-bit.o)
                0x00081068                ___thenan_df
 .rodata        0x00081080      0x281 /cygdrive/c/TWESDK/Tools/ba-elf-ba2/bin/../lib/gcc/ba-elf/4.1.2/../../../../ba-elf/lib/ba2/libc.a(ctype_.o)
                0x00081080                __ctype_
 .rodata.str1.1
                0x00000000        0x7 /cygdrive/c/TWESDK/Tools/ba-elf-ba2/bin/../lib/gcc/ba-elf/4.1.2/../../../../ba-elf/lib/ba2/libc.a(impure.o)
                                  0x2 (size before relaxing)

.text           0x00081304    0x14414
 *(.text*)
 .text.cbToCoNet_vMain
                0x00081304       0x18 objs_JN5164/EndDevice_Input.o
                0x00081304                _cbToCoNet_vMain
 .text.cbToCoNet_vRxEvent
                0x0008131c       0x18 objs_JN5164/EndDevice_Input.o
                0x0008131c                _cbToCoNet_vRxEvent
 .text.cbToCoNet_vNwkEvent
                0x00081334       0x18 objs_JN5164/EndDevice_Input.o
                0x00081334                _cbToCoNet_vNwkEvent
 .text.cbToCoNet_vHwEvent
                0x0008134c       0x18 objs_JN5164/EndDevice_Input.o
                0x0008134c                _cbToCoNet_vHwEvent
 .text.cbToCoNet_u8HwInt
                0x00081364       0x1c objs_JN5164/EndDevice_Input.o
                0x00081364                _cbToCoNet_u8HwInt
 .text.vProcessSerialCmd
                0x00081380       0x12 objs_JN5164/EndDevice_Input.o
                0x00081380                _vProcessSerialCmd
 .text.vPortSetSns
                0x00081392       0x59 objs_JN5164/EndDevice_Input.o
                0x00081392                _vPortSetSns
 .text.cbToCoNet_vTxEvent
                0x000813eb       0x64 objs_JN5164/EndDevice_Input.o
                0x000813eb                _cbToCoNet_vTxEvent
 .text.vSerInitMessage
                0x0008144f       0x85 objs_JN5164/EndDevice_Input.o
                0x0008144f                _vSerInitMessage
 .text.vSerialInit
                0x000814d4       0x76 objs_JN5164/EndDevice_Input.o
 .text.vInitADC
                0x0008154a       0x2b objs_JN5164/EndDevice_Input.o
 .text.vInitHardware
                0x00081575       0xec objs_JN5164/EndDevice_Input.o
 .text.cbAppWarmStart
                0x00081661       0xcb objs_JN5164/EndDevice_Input.o
                0x00081661                _cbAppWarmStart
 .text.vProcessEvCore
                0x0008172c       0x2a objs_JN5164/EndDevice_Input.o
 .text.cbAppColdStart
                0x00081756      0x37a objs_JN5164/EndDevice_Input.o
                0x00081756                _cbAppColdStart
 .text.vSleep   0x00081ad0       0x4c objs_JN5164/common.o
                0x00081ad0                _vSleep
 .text.bRegAesKey
                0x00081b1c       0x3e objs_JN5164/common.o
                0x00081b1c                _bRegAesKey
 .text.bFlash_Erase
                0x00081b5a       0x38 objs_JN5164/flash.o
                0x00081b5a                _bFlash_Erase
 .text.bFlash_Write
                0x00081b92       0x35 objs_JN5164/flash.o
                0x00081b92                _bFlash_Write
 .text.bFlash_Read
                0x00081bc7       0x49 objs_JN5164/flash.o
                0x00081bc7                _bFlash_Read
 .text.vADC_WaitInit
                0x00081c10        0xf objs_JN5164/adc.o
                0x00081c10                _vADC_WaitInit
 .text.vADC_Init
                0x00081c1f       0x62 objs_JN5164/adc.o
                0x00081c1f                _vADC_Init
 .text.vProcessSnsObj_ADC
                0x00081c81      0x173 objs_JN5164/adc.o
 .text.bSMBusWait
                0x00081df4       0x3c objs_JN5164/SMBus.o
 .text.bSMBusSequentialRead
                0x00081e30       0x73 objs_JN5164/SMBus.o
                0x00081e30                _bSMBusSequentialRead
 .text.bSMBusWrite
                0x00081ea3       0x7a objs_JN5164/SMBus.o
                0x00081ea3                _bSMBusWrite
 .text.vSMBusInit
                0x00081f1d        0xd objs_JN5164/SMBus.o
                0x00081f1d                _vSMBusInit
 .text.i16SHT21readResult
                0x00081f2a       0x8f objs_JN5164/SHT21.o
                0x00081f2a                _i16SHT21readResult
 .text.bSHT21startRead
                0x00081fb9       0x7c objs_JN5164/SHT21.o
                0x00081fb9                _bSHT21startRead
 .text.vProcessSnsObj_SHT21
                0x00082035      0x100 objs_JN5164/SHT21.o
 .text.vSHT21_Init
                0x00082135       0x24 objs_JN5164/SHT21.o
                0x00082135                _vSHT21_Init
 .text.i16ADT7410readResult
                0x00082159       0x7c objs_JN5164/ADT7410.o
                0x00082159                _i16ADT7410readResult
 .text.bADT7410startRead
                0x000821d5       0x18 objs_JN5164/ADT7410.o
                0x000821d5                _bADT7410startRead
 .text.vProcessSnsObj_ADT7410
                0x000821ed       0x9a objs_JN5164/ADT7410.o
 .text.vADT7410_Init
                0x00082287       0x24 objs_JN5164/ADT7410.o
                0x00082287                _vADT7410_Init
 .text.bMPL115startRead
                0x000822ab       0x1d objs_JN5164/MPL115A2.o
                0x000822ab                _bMPL115startRead
 .text.i16MPL115readResult
                0x000822c8      0x1e4 objs_JN5164/MPL115A2.o
                0x000822c8                _i16MPL115readResult
 .text.vProcessSnsObj_MPL115A2
                0x000824ac       0x98 objs_JN5164/MPL115A2.o
 .text.vMPL115A2_Init
                0x00082544       0x24 objs_JN5164/MPL115A2.o
                0x00082544                _vMPL115A2_Init
 .text.bLIS3DHstartRead
                0x00082568       0x20 objs_JN5164/LIS3DH.o
                0x00082568                _bLIS3DHstartRead
 .text.bGetAxis
                0x00082588       0x48 objs_JN5164/LIS3DH.o
 .text.i16LIS3DHreadResult
                0x000825d0       0x44 objs_JN5164/LIS3DH.o
                0x000825d0                _i16LIS3DHreadResult
 .text.vProcessSnsObj_LIS3DH
                0x00082614       0xb7 objs_JN5164/LIS3DH.o
 .text.vLIS3DH_Init
                0x000826cb       0x2b objs_JN5164/LIS3DH.o
                0x000826cb                _vLIS3DH_Init
 .text.vSnsObj_Process
                0x000826f6       0x27 objs_JN5164/sensor_driver.o
                0x000826f6                _vSnsObj_Process
 .text.vSnsObj_Init
                0x0008271d       0x26 objs_JN5164/sensor_driver.o
                0x0008271d                _vSnsObj_Init
 .text.Interactive_bGetMode
                0x00082743        0x9 objs_JN5164/Interactive.o
                0x00082743                _Interactive_bGetMode
 .text.Interactive_vSetMode
                0x0008274c       0x24 objs_JN5164/Interactive.o
                0x0008274c                _Interactive_vSetMode
 .text.Config_vSetDefaults
                0x00082770       0x4e objs_JN5164/Interactive.o
 .text.Config_bLoad
                0x000827be       0x40 objs_JN5164/Interactive.o
                0x000827be                _Config_bLoad
 .text.Interactive_vReInit
                0x000827fe       0x2f objs_JN5164/Interactive.o
                0x000827fe                _Interactive_vReInit
 .text.vSerUpdateScreen
                0x0008282d      0x4fd objs_JN5164/Interactive.o
 .text.vProcessInputByte_Command
                0x00082d2a      0x105 objs_JN5164/Interactive.o
 .text.Interactive_vInit
                0x00082e2f       0xb8 objs_JN5164/Interactive.o
                0x00082e2f                _Interactive_vInit
 *fill*         0x00082ee7        0x1 00
 .text.vHandleSerialInput
                0x00082ee8      0xf08 objs_JN5164/Interactive.o
                0x00082ee8                _vHandleSerialInput
 .text.INPSTR_vStart
                0x00083df0       0x14 objs_JN5164/input_string.o
                0x00083df0                _INPSTR_vStart
 .text.INPSTR_u8InputByte
                0x00083e04       0xd9 objs_JN5164/input_string.o
                0x00083e04                _INPSTR_u8InputByte
 .text.INPSTR_vInit
                0x00083edd       0x18 objs_JN5164/input_string.o
                0x00083edd                _INPSTR_vInit
 .text.SerCmdAscii_u8Parse
                0x00083ef5      0x12e objs_JN5164/sercmd_ascii.o
                0x00083ef5                _SerCmdAscii_u8Parse
 .text.vPutByte
                0x00084023       0x43 objs_JN5164/sercmd_ascii.o
 .text.SerCmdAscii_Output
                0x00084066       0x67 objs_JN5164/sercmd_ascii.o
 .text.SerCmdAscii_vInit
                0x000840cd       0x2f objs_JN5164/sercmd_ascii.o
                0x000840cd                _SerCmdAscii_vInit
 .text.SerCmdPlus3_u8Parse
                0x000840fc       0xaa objs_JN5164/sercmd_plus3.o
                0x000840fc                _SerCmdPlus3_u8Parse
 *fill*         0x000841a6        0x2 00
 .text.SerCmdBinary_u8Parse
                0x000841a8      0x114 objs_JN5164/sercmd_binary.o
 .text.SerCmdBinary_Output
                0x000842bc       0x82 objs_JN5164/sercmd_binary.o
 .text.SerCmdBinary_vInit
                0x0008433e       0x2f objs_JN5164/sercmd_binary.o
                0x0008433e                _SerCmdBinary_vInit
 .text.vInitAppStandard
                0x0008436d       0x1b objs_JN5164/ProcessEv_Standard.o
                0x0008436d                _vInitAppStandard
 .text.cbAppToCoNet_vTxEvent
                0x00084388       0x11 objs_JN5164/ProcessEv_Standard.o
 .text.cbAppToCoNet_vHwEvent
                0x00084399      0x11c objs_JN5164/ProcessEv_Standard.o
 .text.vProcessEvCore
                0x000844b5       0x16 objs_JN5164/ProcessEv_Standard.o
 .text.vHnd_E_STATE_APP_SLEEP
                0x000844cb       0xa4 objs_JN5164/ProcessEv_Standard.o
 .text.vHnd_E_STATE_APP_WAIT_TX
                0x0008456f       0x16 objs_JN5164/ProcessEv_Standard.o
 .text.vHnd_E_STATE_RUNNING
                0x00084585      0x25c objs_JN5164/ProcessEv_Standard.o
 .text.vHnd_E_STATE_IDLE
                0x000847e1      0x19e objs_JN5164/ProcessEv_Standard.o
 .text.vInitAppBotton
                0x0008497f       0x1b objs_JN5164/ProcessEv_Botton.o
                0x0008497f                _vInitAppBotton
 .text.cbAppToCoNet_vTxEvent
                0x0008499a       0x11 objs_JN5164/ProcessEv_Botton.o
 .text.cbAppToCoNet_vHwEvent
                0x000849ab      0x11c objs_JN5164/ProcessEv_Botton.o
 .text.vProcessEvCore
                0x00084ac7       0x16 objs_JN5164/ProcessEv_Botton.o
 .text.vHnd_E_STATE_APP_CHAT_SLEEP
                0x00084add       0xbc objs_JN5164/ProcessEv_Botton.o
 .text.vHnd_E_STATE_APP_WAIT_TX
                0x00084b99       0x16 objs_JN5164/ProcessEv_Botton.o
 .text.vHnd_E_STATE_APP_SLEEP
                0x00084baf       0xd4 objs_JN5164/ProcessEv_Botton.o
 .text.vHnd_E_STATE_RUNNING
                0x00084c83      0x22a objs_JN5164/ProcessEv_Botton.o
 .text.vHnd_E_STATE_IDLE
                0x00084ead      0x151 objs_JN5164/ProcessEv_Botton.o
 .text.vInitAppConfig
                0x00084ffe       0x1b objs_JN5164/ProcessEv_Config.o
                0x00084ffe                _vInitAppConfig
 .text.cbAppToCoNet_vMain
                0x00085019        0x6 objs_JN5164/ProcessEv_Config.o
 .text.vProcessEvCore
                0x0008501f       0x4e objs_JN5164/ProcessEv_Config.o
 .text.cbAppToCoNet_vTxEvent
                0x0008506d       0x15 objs_JN5164/ProcessEv_Door_Timer.o
 .text.vInitAppDoorTimer
                0x00085082       0x1e objs_JN5164/ProcessEv_Door_Timer.o
                0x00085082                _vInitAppDoorTimer
 .text.vProcessEvCore
                0x000850a0       0x16 objs_JN5164/ProcessEv_Door_Timer.o
 .text.vSleep_IO_Timer
                0x000850b6       0x57 objs_JN5164/ProcessEv_Door_Timer.o
 .text.vHnd_E_STATE_APP_SLEEP
                0x0008510d      0x16c objs_JN5164/ProcessEv_Door_Timer.o
 .text.vHnd_E_STATE_RUNNING
                0x00085279      0x1c5 objs_JN5164/ProcessEv_Door_Timer.o
 .text.vHnd_E_STATE_IDLE
                0x0008543e      0x19b objs_JN5164/ProcessEv_Door_Timer.o
 .text.vInitAppDoorTimerSub
                0x000855d9        0xf objs_JN5164/ProcessEv_Door_Timer_Nwk.o
                0x000855d9                _vInitAppDoorTimerSub
 .text.vProcessEvCore
                0x000855e8       0x16 objs_JN5164/ProcessEv_Door_Timer_Nwk.o
 .text.vHnd_E_STATE_APP_WAIT_TX
                0x000855fe      0x1f3 objs_JN5164/ProcessEv_Door_Timer_Nwk.o
 .text.vHnd_E_STATE_IDLE
                0x000857f1       0x9c objs_JN5164/ProcessEv_Door_Timer_Nwk.o
 .text.vInitAppSHT21
                0x0008588d       0x1b objs_JN5164/ProcessEv_SHT21.o
                0x0008588d                _vInitAppSHT21
 .text.cbAppToCoNet_vTxEvent
                0x000858a8       0x45 objs_JN5164/ProcessEv_SHT21.o
 .text.vProcessSHT21
                0x000858ed       0xd4 objs_JN5164/ProcessEv_SHT21.o
 .text.cbAppToCoNet_vHwEvent
                0x000859c1      0x100 objs_JN5164/ProcessEv_SHT21.o
 .text.vProcessEvCore
                0x00085ac1       0x16 objs_JN5164/ProcessEv_SHT21.o
 .text.vHnd_E_STATE_APP_SLEEP
                0x00085ad7       0xb1 objs_JN5164/ProcessEv_SHT21.o
 .text.vHnd_E_STATE_APP_WAIT_TX
                0x00085b88      0x29f objs_JN5164/ProcessEv_SHT21.o
 .text.vHnd_E_STATE_RUNNING
                0x00085e27       0xdd objs_JN5164/ProcessEv_SHT21.o
 .text.vHnd_E_STATE_IDLE
                0x00085f04      0x179 objs_JN5164/ProcessEv_SHT21.o
 .text.vInitAppADT7410
                0x0008607d       0x1b objs_JN5164/ProcessEv_ADT7410.o
                0x0008607d                _vInitAppADT7410
 .text.cbAppToCoNet_vTxEvent
                0x00086098       0x45 objs_JN5164/ProcessEv_ADT7410.o
 .text.vProcessADT7410
                0x000860dd       0xab objs_JN5164/ProcessEv_ADT7410.o
 .text.cbAppToCoNet_vHwEvent
                0x00086188      0x100 objs_JN5164/ProcessEv_ADT7410.o
 .text.vProcessEvCore
                0x00086288       0x16 objs_JN5164/ProcessEv_ADT7410.o
 .text.vHnd_E_STATE_APP_SLEEP
                0x0008629e       0xb1 objs_JN5164/ProcessEv_ADT7410.o
 .text.vHnd_E_STATE_APP_WAIT_TX
                0x0008634f      0x28d objs_JN5164/ProcessEv_ADT7410.o
 .text.vHnd_E_STATE_RUNNING
                0x000865dc       0xdd objs_JN5164/ProcessEv_ADT7410.o
 .text.vHnd_E_STATE_IDLE
                0x000866b9      0x179 objs_JN5164/ProcessEv_ADT7410.o
 .text.vInitAppMPL115A2
                0x00086832       0x1b objs_JN5164/ProcessEv_MPL115A2.o
                0x00086832                _vInitAppMPL115A2
 .text.cbAppToCoNet_vTxEvent
                0x0008684d       0x45 objs_JN5164/ProcessEv_MPL115A2.o
 .text.vProcessMPL115A2
                0x00086892       0x8d objs_JN5164/ProcessEv_MPL115A2.o
 .text.cbAppToCoNet_vHwEvent
                0x0008691f      0x100 objs_JN5164/ProcessEv_MPL115A2.o
 .text.vProcessEvCore
                0x00086a1f       0x16 objs_JN5164/ProcessEv_MPL115A2.o
 .text.vHnd_E_STATE_APP_SLEEP
                0x00086a35       0xb1 objs_JN5164/ProcessEv_MPL115A2.o
 .text.vHnd_E_STATE_APP_WAIT_TX
                0x00086ae6      0x28d objs_JN5164/ProcessEv_MPL115A2.o
 .text.vHnd_E_STATE_RUNNING
                0x00086d73       0xdd objs_JN5164/ProcessEv_MPL115A2.o
 .text.vHnd_E_STATE_IDLE
                0x00086e50      0x179 objs_JN5164/ProcessEv_MPL115A2.o
 .text.vInitAppLIS3DH
                0x00086fc9       0x1b objs_JN5164/ProcessEv_LIS3DH.o
                0x00086fc9                _vInitAppLIS3DH
 .text.cbAppToCoNet_vTxEvent
                0x00086fe4       0x45 objs_JN5164/ProcessEv_LIS3DH.o
 .text.vProcessLIS3DH
                0x00087029       0x9f objs_JN5164/ProcessEv_LIS3DH.o
 .text.cbAppToCoNet_vHwEvent
                0x000870c8      0x100 objs_JN5164/ProcessEv_LIS3DH.o
 .text.vProcessEvCore
                0x000871c8       0x16 objs_JN5164/ProcessEv_LIS3DH.o
 .text.vHnd_E_STATE_APP_SLEEP
                0x000871de       0xb1 objs_JN5164/ProcessEv_LIS3DH.o
 .text.vHnd_E_STATE_APP_WAIT_TX
                0x0008728f      0x2ff objs_JN5164/ProcessEv_LIS3DH.o
 .text.vHnd_E_STATE_RUNNING
                0x0008758e       0xdd objs_JN5164/ProcessEv_LIS3DH.o
 .text.vHnd_E_STATE_IDLE
                0x0008766b      0x179 objs_JN5164/ProcessEv_LIS3DH.o
 .text.vInitAppUart
                0x000877e4       0x55 objs_JN5164/ProcessEv_UART.o
                0x000877e4                _vInitAppUart
 .text.cb_vProcessSerialCmd
                0x00087839       0x11 objs_JN5164/ProcessEv_UART.o
 .text.cbAppToCoNet_vTxEvent
                0x0008784a       0x11 objs_JN5164/ProcessEv_UART.o
 .text.cbAppToCoNet_vMain
                0x0008785b        0x6 objs_JN5164/ProcessEv_UART.o
 .text.vProcessEvCore
                0x00087861       0x16 objs_JN5164/ProcessEv_UART.o
 .text.vHnd_E_STATE_APP_RETRY_TX
                0x00087877       0xcb objs_JN5164/ProcessEv_UART.o
 .text.vHnd_E_STATE_APP_WAIT_TX
                0x00087942       0x69 objs_JN5164/ProcessEv_UART.o
 .text.vHnd_E_STATE_APP_RETRY
                0x000879ab      0x166 objs_JN5164/ProcessEv_UART.o
 .text.vHnd_E_STATE_APP_SLEEP
                0x00087b11       0xaf objs_JN5164/ProcessEv_UART.o
 .text.vHnd_E_STATE_RUNNING
                0x00087bc0      0x2e3 objs_JN5164/ProcessEv_UART.o
 .text.vHnd_E_STATE_IDLE
                0x00087ea3      0x1a5 objs_JN5164/ProcessEv_UART.o
 .text.PRSEV_u8Register
                0x00088048       0x32 /cygdrive/c/TWESDK/Wks_ToCoNet/Samp_Monitor_2/../../Wks_libToCoNet/libToCoNet/lib/libToCoNet_JN5164.a(ToCoNet_event.o)
                0x00088048                _PRSEV_u8Register
 .text.PRSEV_vSetStateAll
                0x0008807a       0x3b /cygdrive/c/TWESDK/Wks_ToCoNet/Samp_Monitor_2/../../Wks_libToCoNet/libToCoNet/lib/libToCoNet_JN5164.a(ToCoNet_event.o)
                0x0008807a                _PRSEV_vSetStateAll
 .text.PRSEV_vSetState
                0x000880b5       0x10 /cygdrive/c/TWESDK/Wks_ToCoNet/Samp_Monitor_2/../../Wks_libToCoNet/libToCoNet/lib/libToCoNet_JN5164.a(ToCoNet_event.o)
                0x000880b5                _PRSEV_vSetState
 .text.PRSEV_vProcessEv_core
                0x000880c5       0x8f /cygdrive/c/TWESDK/Wks_ToCoNet/Samp_Monitor_2/../../Wks_libToCoNet/libToCoNet/lib/libToCoNet_JN5164.a(ToCoNet_event.o)
 .text.PRSEV_vProcessEvPost
                0x00088154       0x35 /cygdrive/c/TWESDK/Wks_ToCoNet/Samp_Monitor_2/../../Wks_libToCoNet/libToCoNet/lib/libToCoNet_JN5164.a(ToCoNet_event.o)
                0x00088154                _PRSEV_vProcessEvPost
 .text._PRSEV_vProcessEv
                0x00088189       0x16 /cygdrive/c/TWESDK/Wks_ToCoNet/Samp_Monitor_2/../../Wks_libToCoNet/libToCoNet/lib/libToCoNet_JN5164.a(ToCoNet_event.o)
                0x00088189                __PRSEV_vProcessEv
 .text._PRSEV_vProcessEvSingle
                0x0008819f       0x14 /cygdrive/c/TWESDK/Wks_ToCoNet/Samp_Monitor_2/../../Wks_libToCoNet/libToCoNet/lib/libToCoNet_JN5164.a(ToCoNet_event.o)
                0x0008819f                __PRSEV_vProcessEvSingle
 .text._PRSEV_vProcessEvSingleH
                0x000881b3       0x16 /cygdrive/c/TWESDK/Wks_ToCoNet/Samp_Monitor_2/../../Wks_libToCoNet/libToCoNet/lib/libToCoNet_JN5164.a(ToCoNet_event.o)
                0x000881b3                __PRSEV_vProcessEvSingleH
 .text.PRSEV_bPostEvent
                0x000881c9       0x24 /cygdrive/c/TWESDK/Wks_ToCoNet/Samp_Monitor_2/../../Wks_libToCoNet/libToCoNet/lib/libToCoNet_JN5164.a(ToCoNet_event.o)
                0x000881c9                _PRSEV_bPostEvent
 .text.ToCoNet_Event_StateExec
                0x000881ed       0x31 /cygdrive/c/TWESDK/Wks_ToCoNet/Samp_Monitor_2/../../Wks_libToCoNet/libToCoNet/lib/libToCoNet_JN5164.a(ToCoNet_event.o)
                0x000881ed                _ToCoNet_Event_StateExec
 .text.PRSEV_vInit
                0x0008821e       0x4d /cygdrive/c/TWESDK/Wks_ToCoNet/Samp_Monitor_2/../../Wks_libToCoNet/libToCoNet/lib/libToCoNet_JN5164.a(ToCoNet_event.o)
                0x0008821e                _PRSEV_vInit
 .text.ToCoNet_vDebugInit
                0x0008826b        0x9 /cygdrive/c/TWESDK/Wks_ToCoNet/Samp_Monitor_2/../../Wks_libToCoNet/libToCoNet/lib/libToCoNet_JN5164.a(ToCoNet_main.o)
                0x0008826b                _ToCoNet_vDebugInit
 .text.ToCoNet_vDebugLevel
                0x00088274        0x9 /cygdrive/c/TWESDK/Wks_ToCoNet/Samp_Monitor_2/../../Wks_libToCoNet/libToCoNet/lib/libToCoNet_JN5164.a(ToCoNet_main.o)
                0x00088274                _ToCoNet_vDebugLevel
 .text._ToCoNet_bRaisePanic
                0x0008827d       0x3b /cygdrive/c/TWESDK/Wks_ToCoNet/Samp_Monitor_2/../../Wks_libToCoNet/libToCoNet/lib/libToCoNet_JN5164.a(ToCoNet_main.o)
                0x0008827d                __ToCoNet_bRaisePanic
 .text.ToCoNet_bRegisterAesKey
                0x000882b8       0x1a /cygdrive/c/TWESDK/Wks_ToCoNet/Samp_Monitor_2/../../Wks_libToCoNet/libToCoNet/lib/libToCoNet_JN5164.a(ToCoNet_main.o)
                0x000882b8                _ToCoNet_bRegisterAesKey
 .text.ToCoNet_vMain
                0x000882d2      0x26c /cygdrive/c/TWESDK/Wks_ToCoNet/Samp_Monitor_2/../../Wks_libToCoNet/libToCoNet/lib/libToCoNet_JN5164.a(ToCoNet_main.o)
                0x000882d2                _ToCoNet_vMain
 .text.vProcessEvCoreMac
                0x0008853e       0x7a /cygdrive/c/TWESDK/Wks_ToCoNet/Samp_Monitor_2/../../Wks_libToCoNet/libToCoNet/lib/libToCoNet_JN5164.a(ToCoNet_main.o)
                0x0008853e                _vProcessEvCoreMac
 .text.ToCoNet_vStart
                0x000885b8      0x3e2 /cygdrive/c/TWESDK/Wks_ToCoNet/Samp_Monitor_2/../../Wks_libToCoNet/libToCoNet/lib/libToCoNet_JN5164.a(ToCoNet_main.o)
                0x000885b8                _ToCoNet_vStart
 .text.ToCoNet_vInit
                0x0008899a      0x135 /cygdrive/c/TWESDK/Wks_ToCoNet/Samp_Monitor_2/../../Wks_libToCoNet/libToCoNet/lib/libToCoNet_JN5164.a(ToCoNet_main.o)
                0x0008899a                _ToCoNet_vInit
 .text.u8HwEventHandler
                0x00088acf       0x27 /cygdrive/c/TWESDK/Wks_ToCoNet/Samp_Monitor_2/../../Wks_libToCoNet/libToCoNet/lib/libToCoNet_JN5164.a(ToCoNet_main.o)
 .text.ToCoNet_u32GetVersion
                0x00088af6       0x21 /cygdrive/c/TWESDK/Wks_ToCoNet/Samp_Monitor_2/../../Wks_libToCoNet/libToCoNet/lib/libToCoNet_JN5164.a(ToCoNet_utils.o)
                0x00088af6                _ToCoNet_u32GetVersion
 .text.ToCoNet_u32GetVersion_LibEx
                0x00088b17       0x21 /cygdrive/c/TWESDK/Wks_ToCoNet/Samp_Monitor_2/../../Wks_libToCoNet/libToCoNet/lib/libToCoNet_JN5164.a(ToCoNet_utils.o)
                0x00088b17                _ToCoNet_u32GetVersion_LibEx
 .text.ToCoNet_u32GetVersion_LibUtils
                0x00088b38       0x21 /cygdrive/c/TWESDK/Wks_ToCoNet/Samp_Monitor_2/../../Wks_libToCoNet/libToCoNet/lib/libToCoNet_JN5164.a(ToCoNet_utils.o)
                0x00088b38                _ToCoNet_u32GetVersion_LibUtils
 .text.ToCoNet_u32GetSerial
                0x00088b59        0x9 /cygdrive/c/TWESDK/Wks_ToCoNet/Samp_Monitor_2/../../Wks_libToCoNet/libToCoNet/lib/libToCoNet_JN5164.a(ToCoNet_utils.o)
                0x00088b59                _ToCoNet_u32GetSerial
 .text.ToCoNet_u16RcCalib
                0x00088b62       0x4e /cygdrive/c/TWESDK/Wks_ToCoNet/Samp_Monitor_2/../../Wks_libToCoNet/libToCoNet/lib/libToCoNet_JN5164.a(ToCoNet_utils.o)
                0x00088b62                _ToCoNet_u16RcCalib
 .text.ToCoNet_u32GetRand
                0x00088bb0       0x65 /cygdrive/c/TWESDK/Wks_ToCoNet/Samp_Monitor_2/../../Wks_libToCoNet/libToCoNet/lib/libToCoNet_JN5164.a(ToCoNet_utils.o)
                0x00088bb0                _ToCoNet_u32GetRand
 .text.ToCoNet_vSleep
                0x00088c15      0x12b /cygdrive/c/TWESDK/Wks_ToCoNet/Samp_Monitor_2/../../Wks_libToCoNet/libToCoNet/lib/libToCoNet_JN5164.a(ToCoNet_utils.o)
                0x00088c15                _ToCoNet_vSleep
 .text.ToCoNet_vReg_mod_Tx_Standard
                0x00088d40       0x1d /cygdrive/c/TWESDK/Wks_ToCoNet/Samp_Monitor_2/../../Wks_libToCoNet/libToCoNet/lib/libToCoNet_JN5164.a(ToCoNet_mod_Tx.o)
                0x00088d40                _ToCoNet_vReg_mod_Tx_Standard
 .text.ToCoNet_Tx_vProcessQueue
                0x00088d5d       0x28 /cygdrive/c/TWESDK/Wks_ToCoNet/Samp_Monitor_2/../../Wks_libToCoNet/libToCoNet/lib/libToCoNet_JN5164.a(ToCoNet_mod_Tx.o)
                0x00088d5d                _ToCoNet_Tx_vProcessQueue
 .text.vProcessEvCoreTx
                0x00088d85       0x67 /cygdrive/c/TWESDK/Wks_ToCoNet/Samp_Monitor_2/../../Wks_libToCoNet/libToCoNet/lib/libToCoNet_JN5164.a(ToCoNet_mod_Tx.o)
 .text.vHnd_E_STATE_FINISH_TX_SUCCESS
                0x00088dec       0x9b /cygdrive/c/TWESDK/Wks_ToCoNet/Samp_Monitor_2/../../Wks_libToCoNet/libToCoNet/lib/libToCoNet_JN5164.a(ToCoNet_mod_Tx.o)
 .text.vHnd_E_STATE_WAIT_TX
                0x00088e87       0x71 /cygdrive/c/TWESDK/Wks_ToCoNet/Samp_Monitor_2/../../Wks_libToCoNet/libToCoNet/lib/libToCoNet_JN5164.a(ToCoNet_mod_Tx.o)
 .text.vHnd_E_STATE_PREPARE_TX
                0x00088ef8      0x160 /cygdrive/c/TWESDK/Wks_ToCoNet/Samp_Monitor_2/../../Wks_libToCoNet/libToCoNet/lib/libToCoNet_JN5164.a(ToCoNet_mod_Tx.o)
 .text.vHnd_E_STATE_IDLE
                0x00089058       0x49 /cygdrive/c/TWESDK/Wks_ToCoNet/Samp_Monitor_2/../../Wks_libToCoNet/libToCoNet/lib/libToCoNet_JN5164.a(ToCoNet_mod_Tx.o)
 .text.vHnd_E_STATE_RUNNING
                0x000890a1      0x202 /cygdrive/c/TWESDK/Wks_ToCoNet/Samp_Monitor_2/../../Wks_libToCoNet/libToCoNet/lib/libToCoNet_JN5164.a(ToCoNet_mod_Tx.o)
 .text.vHnd_E_STATE_FINISH_TX_FAIL
                0x000892a3       0xc2 /cygdrive/c/TWESDK/Wks_ToCoNet/Samp_Monitor_2/../../Wks_libToCoNet/libToCoNet/lib/libToCoNet_JN5164.a(ToCoNet_mod_Tx.o)
 .text.ToCoNet_vReg_mod_TxRxQueueMid
                0x00089365       0x84 /cygdrive/c/TWESDK/Wks_ToCoNet/Samp_Monitor_2/../../Wks_libToCoNet/libToCoNet/lib/libToCoNet_JN5164.a(ToCoNet_mod_TxRxQueue.o)
                0x00089365                _ToCoNet_vReg_mod_TxRxQueueMid
 .text.ToCoNet_vRxProc_App
                0x000893e9       0x81 /cygdrive/c/TWESDK/Wks_ToCoNet/Samp_Monitor_2/../../Wks_libToCoNet/libToCoNet/lib/libToCoNet_JN5164.a(ToCoNet_mod_Nwk_Common.o)
                0x000893e9                _ToCoNet_vRxProc_App
 .text.ToCoNet_vRxProc_Mod
                0x0008946a       0x49 /cygdrive/c/TWESDK/Wks_ToCoNet/Samp_Monitor_2/../../Wks_libToCoNet/libToCoNet/lib/libToCoNet_JN5164.a(ToCoNet_mod_Nwk_Common.o)
                0x0008946a                _ToCoNet_vRxProc_Mod
 .text.u32GenRouteCtlInfo
                0x000894b3       0x24 /cygdrive/c/TWESDK/Wks_ToCoNet/Samp_Monitor_2/../../Wks_libToCoNet/libToCoNet/lib/libToCoNet_JN5164.a(ToCoNet_mod_Nwk_LayerTree_MiniNodes.o)
 .text.ToCoNet_bNwk_Init_LayerTree
                0x000894d7       0x16 /cygdrive/c/TWESDK/Wks_ToCoNet/Samp_Monitor_2/../../Wks_libToCoNet/libToCoNet/lib/libToCoNet_JN5164.a(ToCoNet_mod_Nwk_LayerTree_MiniNodes.o)
 .text.ToCoNet_bNwk_Stop_LayerTree
                0x000894ed        0x5 /cygdrive/c/TWESDK/Wks_ToCoNet/Samp_Monitor_2/../../Wks_libToCoNet/libToCoNet/lib/libToCoNet_JN5164.a(ToCoNet_mod_Nwk_LayerTree_MiniNodes.o)
 .text.ToCoNet_NwkLyTr_psConfig_MiniNodes
                0x000894f2       0x8f /cygdrive/c/TWESDK/Wks_ToCoNet/Samp_Monitor_2/../../Wks_libToCoNet/libToCoNet/lib/libToCoNet_JN5164.a(ToCoNet_mod_Nwk_LayerTree_MiniNodes.o)
                0x000894f2                _ToCoNet_NwkLyTr_psConfig_MiniNodes
 .text.bTxReq   0x00089581      0x11a /cygdrive/c/TWESDK/Wks_ToCoNet/Samp_Monitor_2/../../Wks_libToCoNet/libToCoNet/lib/libToCoNet_JN5164.a(ToCoNet_mod_Nwk_LayerTree_MiniNodes.o)
 .text.ToCoNet_bNwk_Start_LayerTree
                0x0008969b        0xe /cygdrive/c/TWESDK/Wks_ToCoNet/Samp_Monitor_2/../../Wks_libToCoNet/libToCoNet/lib/libToCoNet_JN5164.a(ToCoNet_mod_Nwk_LayerTree_MiniNodes.o)
 .text.ToCoNet_ChMgr_bCh_Reconfig
                0x000896a9       0x68 /cygdrive/c/TWESDK/Wks_ToCoNet/Samp_Monitor_2/../../Wks_libToCoNet/libToCoNet/lib/libToCoNet_JN5164.a(ToCoNet_mod_Channel_Mgr.o)
                0x000896a9                _ToCoNet_ChMgr_bCh_Reconfig
 .text.ToCoNet_ChMgr_vCh_TxFin
                0x00089711       0x30 /cygdrive/c/TWESDK/Wks_ToCoNet/Samp_Monitor_2/../../Wks_libToCoNet/libToCoNet/lib/libToCoNet_JN5164.a(ToCoNet_mod_Channel_Mgr.o)
                0x00089711                _ToCoNet_ChMgr_vCh_TxFin
 .text.ToCoNet_ChMgr_bCh_OnTx
                0x00089741       0x6d /cygdrive/c/TWESDK/Wks_ToCoNet/Samp_Monitor_2/../../Wks_libToCoNet/libToCoNet/lib/libToCoNet_JN5164.a(ToCoNet_mod_Channel_Mgr.o)
                0x00089741                _ToCoNet_ChMgr_bCh_OnTx
 .text.vFifoInit
                0x000897ae       0x14 /cygdrive/c/TWESDK/Wks_ToCoNet/Samp_Monitor_2/../../Wks_libToCoNet/libToCoNet/lib/libToCoNet_JN5164.a(AppQueueApi_ToCoNet.o)
 .text.pvFifoPull
                0x000897c2       0x23 /cygdrive/c/TWESDK/Wks_ToCoNet/Samp_Monitor_2/../../Wks_libToCoNet/libToCoNet/lib/libToCoNet_JN5164.a(AppQueueApi_ToCoNet.o)
 .text.psAppQApiGetMcpsBuffer
                0x000897e5        0xc /cygdrive/c/TWESDK/Wks_ToCoNet/Samp_Monitor_2/../../Wks_libToCoNet/libToCoNet/lib/libToCoNet_JN5164.a(AppQueueApi_ToCoNet.o)
 .text.psAppQApiGetMlmeBuffer
                0x000897f1        0xc /cygdrive/c/TWESDK/Wks_ToCoNet/Samp_Monitor_2/../../Wks_libToCoNet/libToCoNet/lib/libToCoNet_JN5164.a(AppQueueApi_ToCoNet.o)
 .text.psAppQApiReadHwIndT
                0x000897fd        0xc /cygdrive/c/TWESDK/Wks_ToCoNet/Samp_Monitor_2/../../Wks_libToCoNet/libToCoNet/lib/libToCoNet_JN5164.a(AppQueueApi_ToCoNet.o)
                0x000897fd                _psAppQApiReadHwIndT
 .text.psAppQApiReadMcpsIndT
                0x00089809        0xc /cygdrive/c/TWESDK/Wks_ToCoNet/Samp_Monitor_2/../../Wks_libToCoNet/libToCoNet/lib/libToCoNet_JN5164.a(AppQueueApi_ToCoNet.o)
                0x00089809                _psAppQApiReadMcpsIndT
 .text.psAppQApiReadMlmeIndT
                0x00089815        0xc /cygdrive/c/TWESDK/Wks_ToCoNet/Samp_Monitor_2/../../Wks_libToCoNet/libToCoNet/lib/libToCoNet_JN5164.a(AppQueueApi_ToCoNet.o)
                0x00089815                _psAppQApiReadMlmeIndT
 .text.bFifoPush
                0x00089821       0x28 /cygdrive/c/TWESDK/Wks_ToCoNet/Samp_Monitor_2/../../Wks_libToCoNet/libToCoNet/lib/libToCoNet_JN5164.a(AppQueueApi_ToCoNet.o)
 .text.vAppQApiPostMcps
                0x00089849       0x1e /cygdrive/c/TWESDK/Wks_ToCoNet/Samp_Monitor_2/../../Wks_libToCoNet/libToCoNet/lib/libToCoNet_JN5164.a(AppQueueApi_ToCoNet.o)
 .text.vAppQApiPostMlme
                0x00089867       0x22 /cygdrive/c/TWESDK/Wks_ToCoNet/Samp_Monitor_2/../../Wks_libToCoNet/libToCoNet/lib/libToCoNet_JN5164.a(AppQueueApi_ToCoNet.o)
 .text.vAppQApiReturnHwIndBufferT
                0x00089889        0xe /cygdrive/c/TWESDK/Wks_ToCoNet/Samp_Monitor_2/../../Wks_libToCoNet/libToCoNet/lib/libToCoNet_JN5164.a(AppQueueApi_ToCoNet.o)
                0x00089889                _vAppQApiReturnHwIndBufferT
 .text.vAppQApiReturnMcpsIndBufferT
                0x00089897        0xe /cygdrive/c/TWESDK/Wks_ToCoNet/Samp_Monitor_2/../../Wks_libToCoNet/libToCoNet/lib/libToCoNet_JN5164.a(AppQueueApi_ToCoNet.o)
                0x00089897                _vAppQApiReturnMcpsIndBufferT
 .text.vAppQApiReturnMlmeIndBufferT
                0x000898a5        0xe /cygdrive/c/TWESDK/Wks_ToCoNet/Samp_Monitor_2/../../Wks_libToCoNet/libToCoNet/lib/libToCoNet_JN5164.a(AppQueueApi_ToCoNet.o)
                0x000898a5                _vAppQApiReturnMlmeIndBufferT
 .text.u32AppQApiInitT
                0x000898b3      0x18f /cygdrive/c/TWESDK/Wks_ToCoNet/Samp_Monitor_2/../../Wks_libToCoNet/libToCoNet/lib/libToCoNet_JN5164.a(AppQueueApi_ToCoNet.o)
                0x000898b3                _u32AppQApiInitT
 .text.vAppQApiPostHwIntT
                0x00089a42       0x6e /cygdrive/c/TWESDK/Wks_ToCoNet/Samp_Monitor_2/../../Wks_libToCoNet/libToCoNet/lib/libToCoNet_JN5164.a(AppQueueApi_ToCoNet.o)
 .text.u32AppQApiInitNetwork
                0x00089ab0       0x22 /cygdrive/c/TWESDK/Wks_ToCoNet/Samp_Monitor_2/../../Wks_libToCoNet/libToCoNet/lib/libToCoNet_JN5164.a(AppQueueApi_ToCoNet.o)
                0x00089ab0                _u32AppQApiInitNetwork
 .text._ToCoNet_bRfChChannel
                0x00089ad2       0xaa /cygdrive/c/TWESDK/Wks_ToCoNet/Samp_Monitor_2/../../Wks_libToCoNet/libToCoNet/lib/libToCoNetExt_JN5164.a(AppStart.o)
                0x00089ad2                __ToCoNet_bRfChChannel
 .text.AppWarmStart
                0x00089b7c       0x9d /cygdrive/c/TWESDK/Wks_ToCoNet/Samp_Monitor_2/../../Wks_libToCoNet/libToCoNet/lib/libToCoNetExt_JN5164.a(AppStart.o)
                0x00089b7c                _AppWarmStart
 .text._ToCoNet_vMacInit
                0x00089c19       0x2c /cygdrive/c/TWESDK/Wks_ToCoNet/Samp_Monitor_2/../../Wks_libToCoNet/libToCoNet/lib/libToCoNetExt_JN5164.a(AppStart.o)
                0x00089c19                __ToCoNet_vMacInit
 .text._ToCoNet_vRfConfig
                0x00089c45       0xe3 /cygdrive/c/TWESDK/Wks_ToCoNet/Samp_Monitor_2/../../Wks_libToCoNet/libToCoNet/lib/libToCoNetExt_JN5164.a(AppStart.o)
                0x00089c45                __ToCoNet_vRfConfig
 .text.AppColdStart
                0x00089d28      0x4d7 /cygdrive/c/TWESDK/Wks_ToCoNet/Samp_Monitor_2/../../Wks_libToCoNet/libToCoNet/lib/libToCoNetExt_JN5164.a(AppStart.o)
                0x00089d28                _AppColdStart
 .text.ToCoNet_u32GetSerialOnBoot
                0x0008a1ff       0x37 /cygdrive/c/TWESDK/Wks_ToCoNet/Samp_Monitor_2/../../Wks_libToCoNet/libToCoNet/lib/libToCoNetExt_JN5164.a(getMacAddr.o)
                0x0008a1ff                _ToCoNet_u32GetSerialOnBoot
 .text.Mac_bRxQueueReg
                0x0008a236       0x34 /cygdrive/c/TWESDK/Wks_ToCoNet/Samp_Monitor_2/../../Wks_libToCoNet/libToCoNet/lib/libToCoNetExt_JN5164.a(mac.o)
                0x0008a236                _Mac_bRxQueueReg
 .text.Mac_vSetHighDataRate
                0x0008a26a        0x3 /cygdrive/c/TWESDK/Wks_ToCoNet/Samp_Monitor_2/../../Wks_libToCoNet/libToCoNet/lib/libToCoNetExt_JN5164.a(mac.o)
                0x0008a26a                _Mac_vSetHighDataRate
 .text.Mac_vSetCCA
                0x0008a26d       0x32 /cygdrive/c/TWESDK/Wks_ToCoNet/Samp_Monitor_2/../../Wks_libToCoNet/libToCoNet/lib/libToCoNetExt_JN5164.a(mac.o)
                0x0008a26d                _Mac_vSetCCA
 .text.Mac_vSetRetry
                0x0008a29f       0x1e /cygdrive/c/TWESDK/Wks_ToCoNet/Samp_Monitor_2/../../Wks_libToCoNet/libToCoNet/lib/libToCoNetExt_JN5164.a(mac.o)
                0x0008a29f                _Mac_vSetRetry
 .text.Mac_vReset
                0x0008a2bd       0x20 /cygdrive/c/TWESDK/Wks_ToCoNet/Samp_Monitor_2/../../Wks_libToCoNet/libToCoNet/lib/libToCoNetExt_JN5164.a(mac.o)
                0x0008a2bd                _Mac_vReset
 .text.bDecodeAES
                0x0008a2dd       0xc6 /cygdrive/c/TWESDK/Wks_ToCoNet/Samp_Monitor_2/../../Wks_libToCoNet/libToCoNet/lib/libToCoNetExt_JN5164.a(mac.o)
                0x0008a2dd                _bDecodeAES
 .text.bEncodeAES
                0x0008a3a3       0xbb /cygdrive/c/TWESDK/Wks_ToCoNet/Samp_Monitor_2/../../Wks_libToCoNet/libToCoNet/lib/libToCoNetExt_JN5164.a(mac.o)
                0x0008a3a3                _bEncodeAES
 .text.Mac_vHandleMcpsDataInd
                0x0008a45e      0x2a0 /cygdrive/c/TWESDK/Wks_ToCoNet/Samp_Monitor_2/../../Wks_libToCoNet/libToCoNet/lib/libToCoNetExt_JN5164.a(mac.o)
                0x0008a45e                _Mac_vHandleMcpsDataInd
 .text.Mac_bSecureInit
                0x0008a6fe        0xc /cygdrive/c/TWESDK/Wks_ToCoNet/Samp_Monitor_2/../../Wks_libToCoNet/libToCoNet/lib/libToCoNetExt_JN5164.a(mac.o)
                0x0008a6fe                _Mac_bSecureInit
 .text.Mac_vInit
                0x0008a70a       0x41 /cygdrive/c/TWESDK/Wks_ToCoNet/Samp_Monitor_2/../../Wks_libToCoNet/libToCoNet/lib/libToCoNetExt_JN5164.a(mac.o)
                0x0008a70a                _Mac_vInit
 .text.Mac_bTransmit
                0x0008a74b      0x1ee /cygdrive/c/TWESDK/Wks_ToCoNet/Samp_Monitor_2/../../Wks_libToCoNet/libToCoNet/lib/libToCoNetExt_JN5164.a(mac.o)
                0x0008a74b                _Mac_bTransmit
 .text.bAES_CCM_Encode
                0x0008a939       0x1e /cygdrive/c/TWESDK/Wks_ToCoNet/Samp_Monitor_2/../../Wks_libToCoNet/libToCoNet/lib/libToCoNetExt_JN5164.a(AES_CCM.o)
                0x0008a939                _bAES_CCM_Encode
 .text.bAES_CCM_Decode
                0x0008a957       0x1e /cygdrive/c/TWESDK/Wks_ToCoNet/Samp_Monitor_2/../../Wks_libToCoNet/libToCoNet/lib/libToCoNetExt_JN5164.a(AES_CCM.o)
                0x0008a957                _bAES_CCM_Decode
 .text.bAES_CCM_KeyReg
                0x0008a975       0x4a /cygdrive/c/TWESDK/Wks_ToCoNet/Samp_Monitor_2/../../Wks_libToCoNet/libToCoNet/lib/libToCoNetExt_JN5164.a(AES_CCM.o)
                0x0008a975                _bAES_CCM_KeyReg
 .text.bAES_CCM_DecodeKey
                0x0008a9bf       0x6b /cygdrive/c/TWESDK/Wks_ToCoNet/Samp_Monitor_2/../../Wks_libToCoNet/libToCoNet/lib/libToCoNetExt_JN5164.a(AES_CCM.o)
                0x0008a9bf                _bAES_CCM_DecodeKey
 .text.bAES_CCM_EncodeKey
                0x0008aa2a       0x5c /cygdrive/c/TWESDK/Wks_ToCoNet/Samp_Monitor_2/../../Wks_libToCoNet/libToCoNet/lib/libToCoNetExt_JN5164.a(AES_CCM.o)
                0x0008aa2a                _bAES_CCM_EncodeKey
 .text.EEP_6x_bRead
                0x0008aa86       0x48 /cygdrive/c/TWESDK/Wks_ToCoNet/Samp_Monitor_2/../../Wks_libToCoNet/libToCoNet/lib/libToCoNetExt_JN5164.a(eeprom_6x.o)
                0x0008aa86                _EEP_6x_bRead
 .text.EEP_6x_bWrite
                0x0008aace       0x7b /cygdrive/c/TWESDK/Wks_ToCoNet/Samp_Monitor_2/../../Wks_libToCoNet/libToCoNet/lib/libToCoNetExt_JN5164.a(eeprom_6x.o)
                0x0008aace                _EEP_6x_bWrite
 .text.vInstallNoAckHandler
                0x0008ab49       0x2a /cygdrive/c/TWESDK/Wks_ToCoNet/Samp_Monitor_2/../../Wks_libToCoNet/libToCoNet/lib/libToCoNetExt_JN5164.a(no_ack_handler.o)
                0x0008ab49                _vInstallNoAckHandler
 .text.vHandlerPatch
                0x0008ab73       0x38 /cygdrive/c/TWESDK/Wks_ToCoNet/Samp_Monitor_2/../../Wks_libToCoNet/libToCoNet/lib/libToCoNetExt_JN5164.a(no_ack_handler.o)
 .text.bAHI_ReadIndexSectorPage
                0x0008abab       0x4a /cygdrive/c/TWESDK/Wks_ToCoNet/Samp_Monitor_2/../../Wks_libToCoNet/libToCoNet/lib/libToCoNetExt_JN5164.a(AHI_FlashIndexSector.o)
                0x0008abab                _bAHI_ReadIndexSectorPage
 .text.bAHI_ReadUserData
                0x0008abf5       0x2a /cygdrive/c/TWESDK/Wks_ToCoNet/Samp_Monitor_2/../../Wks_libToCoNet/libToCoNet/lib/libToCoNetExt_JN5164.a(AHI_FlashIndexSector.o)
                0x0008abf5                _bAHI_ReadUserData
 .text.bAHI_ReadIndexSectorBit
                0x0008ac1f       0x39 /cygdrive/c/TWESDK/Wks_ToCoNet/Samp_Monitor_2/../../Wks_libToCoNet/libToCoNet/lib/libToCoNetExt_JN5164.a(AHI_FlashIndexSector.o)
                0x0008ac1f                _bAHI_ReadIndexSectorBit
 .text.u32AHI_ReadIndexSectorBits
                0x0008ac58       0x37 /cygdrive/c/TWESDK/Wks_ToCoNet/Samp_Monitor_2/../../Wks_libToCoNet/libToCoNet/lib/libToCoNetExt_JN5164.a(AHI_FlashIndexSector.o)
                0x0008ac58                _u32AHI_ReadIndexSectorBits
 .text.bAHI_ReadCustomerSettings
                0x0008ac8f       0x9b /cygdrive/c/TWESDK/Wks_ToCoNet/Samp_Monitor_2/../../Wks_libToCoNet/libToCoNet/lib/libToCoNetExt_JN5164.a(AHI_FlashIndexSector.o)
                0x0008ac8f                _bAHI_ReadCustomerSettings
 .text.bAHI_ReadMACID
                0x0008ad2a       0x46 /cygdrive/c/TWESDK/Wks_ToCoNet/Samp_Monitor_2/../../Wks_libToCoNet/libToCoNet/lib/libToCoNetExt_JN5164.a(AHI_FlashIndexSector.o)
                0x0008ad2a                _bAHI_ReadMACID
 .text.bPDM_InitialiseEEPROM
                0x0008ad70       0x4d /cygdrive/c/TWESDK/Wks_ToCoNet/Samp_Monitor_2/../../Wks_libToCoNet/libToCoNet/lib/libToCoNetExt_JN5164.a(PDM_EEPROM.o)
                0x0008ad70                _bPDM_InitialiseEEPROM
 .text.vPDM_WriteEEPROMfixSegmentData
                0x0008adbd       0x3e /cygdrive/c/TWESDK/Wks_ToCoNet/Samp_Monitor_2/../../Wks_libToCoNet/libToCoNet/lib/libToCoNetExt_JN5164.a(PDM_EEPROM.o)
                0x0008adbd                _vPDM_WriteEEPROMfixSegmentData
 .text.SERIAL_bTxQueueEmpty
                0x0008adfb       0x18 /cygdrive/c/TWESDK/Wks_ToCoNet/Samp_Monitor_2/../../Wks_libToCoNet/libToCoNet/lib/libToCoNetUtils_JN5164.a(serial.o)
                0x0008adfb                _SERIAL_bTxQueueEmpty
 .text.SERIAL_bRxQueueEmpty
                0x0008ae13       0x18 /cygdrive/c/TWESDK/Wks_ToCoNet/Samp_Monitor_2/../../Wks_libToCoNet/libToCoNet/lib/libToCoNetUtils_JN5164.a(serial.o)
                0x0008ae13                _SERIAL_bRxQueueEmpty
 .text.SERIAL_vTxReady
                0x0008ae2b       0x36 /cygdrive/c/TWESDK/Wks_ToCoNet/Samp_Monitor_2/../../Wks_libToCoNet/libToCoNet/lib/libToCoNetUtils_JN5164.a(serial.o)
                0x0008ae2b                _SERIAL_vTxReady
 .text.SERIAL_i16RxChar
                0x0008ae61       0x4c /cygdrive/c/TWESDK/Wks_ToCoNet/Samp_Monitor_2/../../Wks_libToCoNet/libToCoNet/lib/libToCoNetUtils_JN5164.a(serial.o)
                0x0008ae61                _SERIAL_i16RxChar
 .text.SERIAL_bTxChar
                0x0008aead       0x73 /cygdrive/c/TWESDK/Wks_ToCoNet/Samp_Monitor_2/../../Wks_libToCoNet/libToCoNet/lib/libToCoNetUtils_JN5164.a(serial.o)
                0x0008aead                _SERIAL_bTxChar
 .text.SERIAL_vInitEx
                0x0008af20       0x90 /cygdrive/c/TWESDK/Wks_ToCoNet/Samp_Monitor_2/../../Wks_libToCoNet/libToCoNet/lib/libToCoNetUtils_JN5164.a(serial.o)
                0x0008af20                _SERIAL_vInitEx
 .text.SERIAL_vInit
                0x0008afb0        0x8 /cygdrive/c/TWESDK/Wks_ToCoNet/Samp_Monitor_2/../../Wks_libToCoNet/libToCoNet/lib/libToCoNetUtils_JN5164.a(serial.o)
                0x0008afb0                _SERIAL_vInit
 .text.vRxChar  0x0008afb8       0x3e /cygdrive/c/TWESDK/Wks_ToCoNet/Samp_Monitor_2/../../Wks_libToCoNet/libToCoNet/lib/libToCoNetUtils_JN5164.a(serial.o)
 .text.UART_vSetTxInterrupt
                0x0008aff6       0x1a /cygdrive/c/TWESDK/Wks_ToCoNet/Samp_Monitor_2/../../Wks_libToCoNet/libToCoNet/lib/libToCoNetUtils_JN5164.a(uart.o)
                0x0008aff6                _UART_vSetTxInterrupt
 .text.UART_bTxReady
                0x0008b010        0xf /cygdrive/c/TWESDK/Wks_ToCoNet/Samp_Monitor_2/../../Wks_libToCoNet/libToCoNet/lib/libToCoNetUtils_JN5164.a(uart.o)
                0x0008b010                _UART_bTxReady
 .text.UART_vTxChar
                0x0008b01f        0x6 /cygdrive/c/TWESDK/Wks_ToCoNet/Samp_Monitor_2/../../Wks_libToCoNet/libToCoNet/lib/libToCoNetUtils_JN5164.a(uart.o)
                0x0008b01f                _UART_vTxChar
 .text.UART_vRtsStartFlow
                0x0008b025       0x22 /cygdrive/c/TWESDK/Wks_ToCoNet/Samp_Monitor_2/../../Wks_libToCoNet/libToCoNet/lib/libToCoNetUtils_JN5164.a(uart.o)
                0x0008b025                _UART_vRtsStartFlow
 .text.UART_vRtsStopFlow
                0x0008b047       0x22 /cygdrive/c/TWESDK/Wks_ToCoNet/Samp_Monitor_2/../../Wks_libToCoNet/libToCoNet/lib/libToCoNetUtils_JN5164.a(uart.o)
                0x0008b047                _UART_vRtsStopFlow
 .text.UART_vInit
                0x0008b069      0x1c3 /cygdrive/c/TWESDK/Wks_ToCoNet/Samp_Monitor_2/../../Wks_libToCoNet/libToCoNet/lib/libToCoNetUtils_JN5164.a(uart.o)
                0x0008b069                _UART_vInit
 .text.UART_vHandleUartInterrupt
                0x0008b22c       0x8e /cygdrive/c/TWESDK/Wks_ToCoNet/Samp_Monitor_2/../../Wks_libToCoNet/libToCoNet/lib/libToCoNetUtils_JN5164.a(uart.o)
 .text.QUEUE__vInit
                0x0008b2ba       0x12 /cygdrive/c/TWESDK/Wks_ToCoNet/Samp_Monitor_2/../../Wks_libToCoNet/libToCoNet/lib/libToCoNetUtils_JN5164.a(ByteQueue.o)
                0x0008b2ba                _QUEUE__vInit
 .text.QUEUE__bEmpty
                0x0008b2cc        0xe /cygdrive/c/TWESDK/Wks_ToCoNet/Samp_Monitor_2/../../Wks_libToCoNet/libToCoNet/lib/libToCoNetUtils_JN5164.a(ByteQueue.o)
                0x0008b2cc                _QUEUE__bEmpty
 .text.QUEUE__bFull
                0x0008b2da       0x11 /cygdrive/c/TWESDK/Wks_ToCoNet/Samp_Monitor_2/../../Wks_libToCoNet/libToCoNet/lib/libToCoNetUtils_JN5164.a(ByteQueue.o)
                0x0008b2da                _QUEUE__bFull
 .text.QUEUE__u16Count
                0x0008b2eb        0x6 /cygdrive/c/TWESDK/Wks_ToCoNet/Samp_Monitor_2/../../Wks_libToCoNet/libToCoNet/lib/libToCoNetUtils_JN5164.a(ByteQueue.o)
                0x0008b2eb                _QUEUE__u16Count
 .text.QUEUE__vFlush
                0x0008b2f1       0x26 /cygdrive/c/TWESDK/Wks_ToCoNet/Samp_Monitor_2/../../Wks_libToCoNet/libToCoNet/lib/libToCoNetUtils_JN5164.a(ByteQueue.o)
                0x0008b2f1                _QUEUE__vFlush
 .text.QUEUE__u8RemoveItem
                0x0008b317       0x66 /cygdrive/c/TWESDK/Wks_ToCoNet/Samp_Monitor_2/../../Wks_libToCoNet/libToCoNet/lib/libToCoNetUtils_JN5164.a(ByteQueue.o)
                0x0008b317                _QUEUE__u8RemoveItem
 .text.QUEUE__vAddItem
                0x0008b37d       0x66 /cygdrive/c/TWESDK/Wks_ToCoNet/Samp_Monitor_2/../../Wks_libToCoNet/libToCoNet/lib/libToCoNetUtils_JN5164.a(ByteQueue.o)
                0x0008b37d                _QUEUE__vAddItem
 .text.u8CCITT8
                0x0008b3e3       0x23 /cygdrive/c/TWESDK/Wks_ToCoNet/Samp_Monitor_2/../../Wks_libToCoNet/libToCoNet/lib/libToCoNetUtils_JN5164.a(ccitt8.o)
                0x0008b3e3                _u8CCITT8
 .text.vPrintString
                0x0008b406       0x7d /cygdrive/c/TWESDK/Wks_ToCoNet/Samp_Monitor_2/../../Wks_libToCoNet/libToCoNet/lib/libToCoNetUtils_JN5164.a(fprintf.o)
 .text.vPrintInteger
                0x0008b483       0xac /cygdrive/c/TWESDK/Wks_ToCoNet/Samp_Monitor_2/../../Wks_libToCoNet/libToCoNet/lib/libToCoNetUtils_JN5164.a(fprintf.o)
 .text.vfPrintf
                0x0008b52f      0x1d4 /cygdrive/c/TWESDK/Wks_ToCoNet/Samp_Monitor_2/../../Wks_libToCoNet/libToCoNet/lib/libToCoNetUtils_JN5164.a(fprintf.o)
                0x0008b52f                _vfPrintf
 .text.SPRINTF_bPutChar
                0x0008b703       0x3b /cygdrive/c/TWESDK/Wks_ToCoNet/Samp_Monitor_2/../../Wks_libToCoNet/libToCoNet/lib/libToCoNetUtils_JN5164.a(sprintf.o)
 .text.SPRINTF_vInit128
                0x0008b73e       0x30 /cygdrive/c/TWESDK/Wks_ToCoNet/Samp_Monitor_2/../../Wks_libToCoNet/libToCoNet/lib/libToCoNetUtils_JN5164.a(sprintf.o)
                0x0008b73e                _SPRINTF_vInit128
 .text.u32string2hex
                0x0008b76e       0x5e /cygdrive/c/TWESDK/Wks_ToCoNet/Samp_Monitor_2/../../Wks_libToCoNet/libToCoNet/lib/libToCoNetUtils_JN5164.a(sprintf.o)
                0x0008b76e                _u32string2hex
 .text.u32string2dec
                0x0008b7cc       0x61 /cygdrive/c/TWESDK/Wks_ToCoNet/Samp_Monitor_2/../../Wks_libToCoNet/libToCoNet/lib/libToCoNetUtils_JN5164.a(sprintf.o)
                0x0008b7cc                _u32string2dec
 .text.vTimerChangeDutyCore
                0x0008b82d       0xa2 /cygdrive/c/TWESDK/Wks_ToCoNet/Samp_Monitor_2/../../Wks_libToCoNet/libToCoNet/lib/libToCoNetUtils_JN5164.a(utils.o)
                0x0008b82d                _vTimerChangeDutyCore
 .text.vTimerChangeDuty
                0x0008b8cf        0xe /cygdrive/c/TWESDK/Wks_ToCoNet/Samp_Monitor_2/../../Wks_libToCoNet/libToCoNet/lib/libToCoNetUtils_JN5164.a(utils.o)
                0x0008b8cf                _vTimerChangeDuty
 .text.vWait    0x0008b8dd       0x19 /cygdrive/c/TWESDK/Wks_ToCoNet/Samp_Monitor_2/../../Wks_libToCoNet/libToCoNet/lib/libToCoNetUtils_JN5164.a(utils.o)
                0x0008b8dd                _vWait
 .text.vTimerStop
                0x0008b8f6       0x39 /cygdrive/c/TWESDK/Wks_ToCoNet/Samp_Monitor_2/../../Wks_libToCoNet/libToCoNet/lib/libToCoNetUtils_JN5164.a(utils.o)
                0x0008b8f6                _vTimerStop
 .text.vTimerStart
                0x0008b92f       0xa7 /cygdrive/c/TWESDK/Wks_ToCoNet/Samp_Monitor_2/../../Wks_libToCoNet/libToCoNet/lib/libToCoNetUtils_JN5164.a(utils.o)
                0x0008b92f                _vTimerStart
 *fill*         0x0008b9d6        0x2 00
 .text.vTimerConfig
                0x0008b9d8      0x190 /cygdrive/c/TWESDK/Wks_ToCoNet/Samp_Monitor_2/../../Wks_libToCoNet/libToCoNet/lib/libToCoNetUtils_JN5164.a(utils.o)
                0x0008b9d8                _vTimerConfig
 .text.pvAppApiDefGetMacHandle
                0x0008bb68        0x9 /cygdrive/c/TWESDK/516x/Components/Library/libAppApi_JN516x.a(AppApi.o)
                0x0008bb68                _pvAppApiDefGetMacHandle
 .text.vAppApiDefSetPrbsSeed
                0x0008bb71       0x24 /cygdrive/c/TWESDK/516x/Components/Library/libAppApi_JN516x.a(AppApi.o)
                0x0008bb71                _vAppApiDefSetPrbsSeed
 .text.pvAppApiDefGetMacAddrLocation
                0x0008bb95        0x9 /cygdrive/c/TWESDK/516x/Components/Library/libAppApi_JN516x.a(AppApi.o)
                0x0008bb95                _pvAppApiDefGetMacAddrLocation
 .text.vAppApiDefSetInterrupts
                0x0008bb9e       0x3d /cygdrive/c/TWESDK/516x/Components/Library/libAppApi_JN516x.a(AppApi.o)
                0x0008bb9e                _vAppApiDefSetInterrupts
 .text.vAppApiDefPowerUp
                0x0008bbdb       0x26 /cygdrive/c/TWESDK/516x/Components/Library/libAppApi_JN516x.a(AppApi.o)
                0x0008bbdb                _vAppApiDefPowerUp
 .text.vAppApiDefStartStack
                0x0008bc01       0x51 /cygdrive/c/TWESDK/516x/Components/Library/libAppApi_JN516x.a(AppApi.o)
                0x0008bc01                _vAppApiDefStartStack
 .text.u32AppApiDefInit
                0x0008bc52       0x5a /cygdrive/c/TWESDK/516x/Components/Library/libAppApi_JN516x.a(AppApi.o)
                0x0008bc52                _u32AppApiDefInit
 .text.eAppApiDefPlmeGet
                0x0008bcac       0x33 /cygdrive/c/TWESDK/516x/Components/Library/libAppApi_JN516x.a(AppApi.o)
                0x0008bcac                _eAppApiDefPlmeGet
 .text.vAppApiDefMcpsRequest
                0x0008bcdf       0x32 /cygdrive/c/TWESDK/516x/Components/Library/libAppApi_JN516x.a(AppApi.o)
                0x0008bcdf                _vAppApiDefMcpsRequest
 .text.vAppApiDefMlmeRequest
                0x0008bd11       0x32 /cygdrive/c/TWESDK/516x/Components/Library/libAppApi_JN516x.a(AppApi.o)
                0x0008bd11                _vAppApiDefMlmeRequest
 .text.eAppApiDefPlmeSet
                0x0008bd43       0x33 /cygdrive/c/TWESDK/516x/Components/Library/libAppApi_JN516x.a(AppApi.o)
                0x0008bd43                _eAppApiDefPlmeSet
 .text.vAppApiDefSaveMacSettings
                0x0008bd76       0x5d /cygdrive/c/TWESDK/516x/Components/Library/libAppApi_JN516x.a(AppApiSleep.o)
                0x0008bd76                _vAppApiDefSaveMacSettings
 .text.vMAC_RestoreSettings
                0x0008bdd3       0xc8 /cygdrive/c/TWESDK/516x/Components/Library/libAppApi_JN516x.a(AppApiSleep.o)
                0x0008bdd3                _vMAC_RestoreSettings
 .text.vAppApiDefRestoreMacSettings
                0x0008be9b       0x25 /cygdrive/c/TWESDK/516x/Components/Library/libAppApi_JN516x.a(AppApiSleep.o)
                0x0008be9b                _vAppApiDefRestoreMacSettings
 .text.vSetTimer0
                0x0008bec0        0xf /cygdrive/c/TWESDK/516x/Components/Library/libMac_JN516x.a(mac_main.o)
                0x0008bec0                _vSetTimer0
 .text.u32GetTimer0
                0x0008becf        0x7 /cygdrive/c/TWESDK/516x/Components/Library/libMac_JN516x.a(mac_main.o)
                0x0008becf                _u32GetTimer0
 .text.MAC_vXcvPhyEvtHandler
                0x0008bed6       0x10 /cygdrive/c/TWESDK/516x/Components/Library/libMac_JN516x.a(mac_main.o)
                0x0008bed6                _MAC_vXcvPhyEvtHandler
 .text.MAC_vXcvBbcEvtHandler
                0x0008bee6       0x20 /cygdrive/c/TWESDK/516x/Components/Library/libMac_JN516x.a(mac_main.o)
                0x0008bee6                _MAC_vXcvBbcEvtHandler
 .text.mac_vInitTimer0
                0x0008bf06       0x20 /cygdrive/c/TWESDK/516x/Components/Library/libMac_JN516x.a(mac_main.o)
                0x0008bf06                _mac_vInitTimer0
 .text.MAC_pvCtor
                0x0008bf26       0x82 /cygdrive/c/TWESDK/516x/Components/Library/libMac_JN516x.a(mac_main.o)
                0x0008bf26                _MAC_pvCtor
 .text.MAC_vHandleMcpsReqRsp
                0x0008bfa8       0x2d /cygdrive/c/TWESDK/516x/Components/Library/libMac_JN516x.a(mac_mcps.o)
                0x0008bfa8                _MAC_vHandleMcpsReqRsp
 .text.vHandleTofRequest
                0x0008bfd5       0x12 /cygdrive/c/TWESDK/516x/Components/Library/libMac_JN516x.a(mac_mlme.o)
 *fill*         0x0008bfe7        0x1 00
 .text.MAC_vHandleMlmeReqRsp
                0x0008bfe8       0xb4 /cygdrive/c/TWESDK/516x/Components/Library/libMac_JN516x.a(mac_mlme.o)
                0x0008bfe8                _MAC_vHandleMlmeReqRsp
 .text.MAC_psPibGetHandle
                0x0008c09c        0x7 /cygdrive/c/TWESDK/516x/Components/Library/libMac_JN516x.a(mac_pib.o)
                0x0008c09c                _MAC_psPibGetHandle
 .text.MAC_vPibSetShortAddr
                0x0008c0a3        0xe /cygdrive/c/TWESDK/516x/Components/Library/libMac_JN516x.a(mac_pib.o)
                0x0008c0a3                _MAC_vPibSetShortAddr
 .text.MAC_vPibSetPanId
                0x0008c0b1       0x1b /cygdrive/c/TWESDK/516x/Components/Library/libMac_JN516x.a(mac_pib.o)
                0x0008c0b1                _MAC_vPibSetPanId
 .text.MAC_vPibSetMinBe
                0x0008c0cc       0x1e /cygdrive/c/TWESDK/516x/Components/Library/libMac_JN516x.a(mac_pib.o)
                0x0008c0cc                _MAC_vPibSetMinBe
 .text.MAC_vPibSetMaxCsmaBackoffs
                0x0008c0ea       0x21 /cygdrive/c/TWESDK/516x/Components/Library/libMac_JN516x.a(mac_pib.o)
                0x0008c0ea                _MAC_vPibSetMaxCsmaBackoffs
 .text.MAC_vSetExtAddr
                0x0008c10b       0x1f /cygdrive/c/TWESDK/516x/Components/Library/libMac_JN516x.a(mac_pib.o)
                0x0008c10b                _MAC_vSetExtAddr
 .text.MAC_vPibSetRxOnWhenIdle
                0x0008c12a       0x13 /cygdrive/c/TWESDK/516x/Components/Library/libMac_JN516x.a(mac_pib.o)
                0x0008c12a                _MAC_vPibSetRxOnWhenIdle
 .text.MAC_vPibSetPromiscuousMode
                0x0008c13d       0x40 /cygdrive/c/TWESDK/516x/Components/Library/libMac_JN516x.a(mac_pib.o)
                0x0008c13d                _MAC_vPibSetPromiscuousMode
 .text.mac_vPibCmpCoordExtAddr
                0x0008c17d       0x29 /cygdrive/c/TWESDK/516x/Components/Library/libMac_JN516x.a(mac_pib_mlme.o)
                0x0008c17d                _mac_vPibCmpCoordExtAddr
 .text.mac_vPibReset
                0x0008c1a6       0x87 /cygdrive/c/TWESDK/516x/Components/Library/libMac_JN516x.a(mac_pib_mlme.o)
                0x0008c1a6                _mac_vPibReset
 .text.mac_vPibSetDefaults
                0x0008c22d      0x12e /cygdrive/c/TWESDK/516x/Components/Library/libMac_JN516x.a(mac_pib_mlme.o)
                0x0008c22d                _mac_vPibSetDefaults
 .text.vPMICreset
                0x0008c35b        0xd /cygdrive/c/TWESDK/516x/Components/Library/libMac_JN516x.a(mac_pmic.o)
                0x0008c35b                _vPMICreset
 .text.vPMICpostFailedAssocDcfm
                0x0008c368       0x3d /cygdrive/c/TWESDK/516x/Components/Library/libMac_JN516x.a(mac_pmic.o)
                0x0008c368                _vPMICpostFailedAssocDcfm
 .text.vPMICassocReqTO_2
                0x0008c3a5       0x1d /cygdrive/c/TWESDK/516x/Components/Library/libMac_JN516x.a(mac_pmic.o)
 .text.vPMICassocReqFrameReceived
                0x0008c3c2       0x79 /cygdrive/c/TWESDK/516x/Components/Library/libMac_JN516x.a(mac_pmic.o)
                0x0008c3c2                _vPMICassocReqFrameReceived
 .text.vPMICdisassocReceived
                0x0008c43b       0x93 /cygdrive/c/TWESDK/516x/Components/Library/libMac_JN516x.a(mac_pmic.o)
                0x0008c43b                _vPMICdisassocReceived
 .text.vPMICassocRespFrameReceived
                0x0008c4ce       0x93 /cygdrive/c/TWESDK/516x/Components/Library/libMac_JN516x.a(mac_pmic.o)
                0x0008c4ce                _vPMICassocRespFrameReceived
 .text.vPMICassocReqTO_1
                0x0008c561       0x8c /cygdrive/c/TWESDK/516x/Components/Library/libMac_JN516x.a(mac_pmic.o)
 .text.vPMICdisassociateRequest
                0x0008c5ed       0xf4 /cygdrive/c/TWESDK/516x/Components/Library/libMac_JN516x.a(mac_pmic.o)
                0x0008c5ed                _vPMICdisassociateRequest
 .text.bPMICdisassocReqSent
                0x0008c6e1       0x83 /cygdrive/c/TWESDK/516x/Components/Library/libMac_JN516x.a(mac_pmic.o)
 .text.vPMICassociateResponse
                0x0008c764       0xd9 /cygdrive/c/TWESDK/516x/Components/Library/libMac_JN516x.a(mac_pmic.o)
                0x0008c764                _vPMICassociateResponse
 .text.bAssocRespSent
                0x0008c83d       0x1d /cygdrive/c/TWESDK/516x/Components/Library/libMac_JN516x.a(mac_pmic.o)
 .text.vPMICassociateRequest
                0x0008c85a       0xe6 /cygdrive/c/TWESDK/516x/Components/Library/libMac_JN516x.a(mac_pmic.o)
                0x0008c85a                _vPMICassociateRequest
 .text.bPMICassocReqPollSent
                0x0008c940       0x5b /cygdrive/c/TWESDK/516x/Components/Library/libMac_JN516x.a(mac_pmic.o)
 .text.bPMICassocReqSent
                0x0008c99b       0x8d /cygdrive/c/TWESDK/516x/Components/Library/libMac_JN516x.a(mac_pmic.o)
 .text.MAC_vRegisterMlmeDcfmIndCallbacks
                0x0008ca28        0xc /cygdrive/c/TWESDK/516x/Components/Library/libMac_JN516x.a(mac_ind.o)
                0x0008ca28                _MAC_vRegisterMlmeDcfmIndCallbacks
 .text.MAC_vRegisterMcpsDcfmIndCallbacks
                0x0008ca34        0xc /cygdrive/c/TWESDK/516x/Components/Library/libMac_JN516x.a(mac_ind.o)
                0x0008ca34                _MAC_vRegisterMcpsDcfmIndCallbacks
 .text.mac_psDcfmIndGetBuf
                0x0008ca40       0x23 /cygdrive/c/TWESDK/516x/Components/Library/libMac_JN516x.a(mac_ind.o)
                0x0008ca40                _mac_psDcfmIndGetBuf
 .text.mac_eDcfmIndPost
                0x0008ca63       0x21 /cygdrive/c/TWESDK/516x/Components/Library/libMac_JN516x.a(mac_ind.o)
                0x0008ca63                _mac_eDcfmIndPost
 .text.eScanHandleEvt
                0x0008ca84       0x2e /cygdrive/c/TWESDK/516x/Components/Library/libMac_JN516x.a(mac_scan.o)
                0x0008ca84                _eScanHandleEvt
 .text.vScanHandleTimer
                0x0008cab2        0x8 /cygdrive/c/TWESDK/516x/Components/Library/libMac_JN516x.a(mac_scan.o)
 .text.eGenlIllegal
                0x0008caba        0x7 /cygdrive/c/TWESDK/516x/Components/Library/libMac_JN516x.a(mac_scan.o)
 .text.eGenlDontCare
                0x0008cac1        0x5 /cygdrive/c/TWESDK/516x/Components/Library/libMac_JN516x.a(mac_scan.o)
 .text.eWEnDEdDone
                0x0008cac6       0x64 /cygdrive/c/TWESDK/516x/Components/Library/libMac_JN516x.a(mac_scan.o)
 .text.eWEnDTmrExpiry
                0x0008cb2a        0xb /cygdrive/c/TWESDK/516x/Components/Library/libMac_JN516x.a(mac_scan.o)
 .text.mac_eScanHandleXcvBbcEvt
                0x0008cb35        0xf /cygdrive/c/TWESDK/516x/Components/Library/libMac_JN516x.a(mac_scan.o)
                0x0008cb35                _mac_eScanHandleXcvBbcEvt
 .text.mac_eScanHandleXcvPhyEvt
                0x0008cb44       0x12 /cygdrive/c/TWESDK/516x/Components/Library/libMac_JN516x.a(mac_scan.o)
                0x0008cb44                _mac_eScanHandleXcvPhyEvt
 .text.vSetNextChannel
                0x0008cb56       0x4a /cygdrive/c/TWESDK/516x/Components/Library/libMac_JN516x.a(mac_scan.o)
 .text.mac_vScanHandleMlmeReq
                0x0008cba0       0x98 /cygdrive/c/TWESDK/516x/Components/Library/libMac_JN516x.a(mac_scan.o)
                0x0008cba0                _mac_vScanHandleMlmeReq
 .text.mac_eScanInit
                0x0008cc38       0x19 /cygdrive/c/TWESDK/516x/Components/Library/libMac_JN516x.a(mac_scan.o)
                0x0008cc38                _mac_eScanInit
 .text.vPostDcfm
                0x0008cc51       0xe9 /cygdrive/c/TWESDK/516x/Components/Library/libMac_JN516x.a(mac_scan.o)
 .text.eWCoRRxDone
                0x0008cd3a       0xb7 /cygdrive/c/TWESDK/516x/Components/Library/libMac_JN516x.a(mac_scan.o)
 .text.eGenTmrExpiry
                0x0008cdf1       0x4b /cygdrive/c/TWESDK/516x/Components/Library/libMac_JN516x.a(mac_scan.o)
 .text.eWEDTEdDone
                0x0008ce3c       0x1a /cygdrive/c/TWESDK/516x/Components/Library/libMac_JN516x.a(mac_scan.o)
 .text.eGenRxHdrDone
                0x0008ce56       0x13 /cygdrive/c/TWESDK/516x/Components/Library/libMac_JN516x.a(mac_scan.o)
 .text.eWONTTxDone
                0x0008ce69       0x35 /cygdrive/c/TWESDK/516x/Components/Library/libMac_JN516x.a(mac_scan.o)
 .text.eWBRTTxDone
                0x0008ce9e       0x21 /cygdrive/c/TWESDK/516x/Components/Library/libMac_JN516x.a(mac_scan.o)
 .text.eWBcnRxDone
                0x0008cebf      0x19e /cygdrive/c/TWESDK/516x/Components/Library/libMac_JN516x.a(mac_scan.o)
 .text.bSendMacCmd
                0x0008d05d       0x40 /cygdrive/c/TWESDK/516x/Components/Library/libMac_JN516x.a(mac_scan.o)
 .text.eWChCChanChgd
                0x0008d09d      0x170 /cygdrive/c/TWESDK/516x/Components/Library/libMac_JN516x.a(mac_scan.o)
 .text.mac_vLPBAdjustBeaconOffset
                0x0008d20d       0x5d /cygdrive/c/TWESDK/516x/Components/Library/libMac_JN516x.a(mac_lp.o)
                0x0008d20d                _mac_vLPBAdjustBeaconOffset
 .text.mac_u32LPBGetBeaconTimeout
                0x0008d26a        0x9 /cygdrive/c/TWESDK/516x/Components/Library/libMac_JN516x.a(mac_lp.o)
                0x0008d26a                _mac_u32LPBGetBeaconTimeout
 .text.MAC_u32ConvertFrom16uS
                0x0008d273       0x41 /cygdrive/c/TWESDK/516x/Components/Library/libMac_JN516x.a(mac_lp.o)
                0x0008d273                _MAC_u32ConvertFrom16uS
 .text.mac_vLPBSleep
                0x0008d2b4       0x55 /cygdrive/c/TWESDK/516x/Components/Library/libMac_JN516x.a(mac_lp.o)
                0x0008d2b4                _mac_vLPBSleep
 .text.mac_vLPBStopTimer
                0x0008d309        0xe /cygdrive/c/TWESDK/516x/Components/Library/libMac_JN516x.a(mac_lp.o)
                0x0008d309                _mac_vLPBStopTimer
 .text.mac_vLPBStartTimer
                0x0008d317       0x88 /cygdrive/c/TWESDK/516x/Components/Library/libMac_JN516x.a(mac_lp.o)
                0x0008d317                _mac_vLPBStartTimer
 .text.vMCPSframeReceived
                0x0008d39f       0x5a /cygdrive/c/TWESDK/516x/Components/Library/libMac_JN516x.a(MCPS.o)
                0x0008d39f                _vMCPSframeReceived
 .text.bSearchQueue
                0x0008d3f9       0x36 /cygdrive/c/TWESDK/516x/Components/Library/libMac_JN516x.a(MCPS.o)
 .text.vTAM_MCPSpurgeRequest
                0x0008d42f       0x64 /cygdrive/c/TWESDK/516x/Components/Library/libMac_JN516x.a(MCPS.o)
                0x0008d42f                _vTAM_MCPSpurgeRequest
 .text.bMCPSframeTXcomplete
                0x0008d493       0x5a /cygdrive/c/TWESDK/516x/Components/Library/libMac_JN516x.a(MCPS.o)
 .text.vTAM_MCPSdataRequest
                0x0008d4ed       0x46 /cygdrive/c/TWESDK/516x/Components/Library/libMac_JN516x.a(MCPS.o)
                0x0008d4ed                _vTAM_MCPSdataRequest
 .text.phy_ePibGet
                0x0008d533       0x34 /cygdrive/c/TWESDK/516x/Components/Library/libMac_JN516x.a(phy_pib.o)
                0x0008d533                _phy_ePibGet
 .text.u8GetPapValue
                0x0008d567       0x21 /cygdrive/c/TWESDK/516x/Components/Library/libMac_JN516x.a(phy_pib.o)
 .text.vPhySetChannel
                0x0008d588       0x77 /cygdrive/c/TWESDK/516x/Components/Library/libMac_JN516x.a(phy_pib.o)
                0x0008d588                _vPhySetChannel
 .text.phy_ePibSet
                0x0008d5ff       0x90 /cygdrive/c/TWESDK/516x/Components/Library/libMac_JN516x.a(phy_pib.o)
                0x0008d5ff                _phy_ePibSet
 .text.phy_vPibSetDefaults
                0x0008d68f       0x2c /cygdrive/c/TWESDK/516x/Components/Library/libMac_JN516x.a(phy_pib.o)
                0x0008d68f                _phy_vPibSetDefaults
 .text.bTAMinPAN
                0x0008d6bb       0x19 /cygdrive/c/TWESDK/516x/Components/Library/libMac_JN516x.a(TAM.o)
                0x0008d6bb                _bTAMinPAN
 .text.eTAMevent
                0x0008d6d4       0x1a /cygdrive/c/TWESDK/516x/Components/Library/libMac_JN516x.a(TAM.o)
                0x0008d6d4                _eTAMevent
 *fill*         0x0008d6ee        0x2 00
 .text.eTAMselect
                0x0008d6f0      0x154 /cygdrive/c/TWESDK/516x/Components/Library/libMac_JN516x.a(TAM.o)
                0x0008d6f0                _eTAMselect
 .text.vTAM_MLMEsyncRequest
                0x0008d844       0x17 /cygdrive/c/TWESDK/516x/Components/Library/libMac_JN516x.a(TAM.o)
                0x0008d844                _vTAM_MLMEsyncRequest
 .text.vTAM_MLMEstartRequest
                0x0008d85b       0x87 /cygdrive/c/TWESDK/516x/Components/Library/libMac_JN516x.a(TAM.o)
                0x0008d85b                _vTAM_MLMEstartRequest
 .text.vTAMreset
                0x0008d8e2      0x1f6 /cygdrive/c/TWESDK/516x/Components/Library/libMac_JN516x.a(TAM.o)
                0x0008d8e2                _vTAMreset
 .text.vTAMCOsetCoordinator
                0x0008dad8       0x29 /cygdrive/c/TWESDK/516x/Components/Library/libMac_JN516x.a(TAMCO.o)
                0x0008dad8                _vTAMCOsetCoordinator
 .text.vTAMCOupdatePendingList
                0x0008db01       0xbb /cygdrive/c/TWESDK/516x/Components/Library/libMac_JN516x.a(TAMCO.o)
                0x0008db01                _vTAMCOupdatePendingList
 .text.vTAMCOreqTXinCAP
                0x0008dbbc       0x2f /cygdrive/c/TWESDK/516x/Components/Library/libMac_JN516x.a(TAMCO.o)
                0x0008dbbc                _vTAMCOreqTXinCAP
 .text.vTrySendFromDirectNoBeacon
                0x0008dbeb       0x38 /cygdrive/c/TWESDK/516x/Components/Library/libMac_JN516x.a(TAMCO.o)
 .text.vTAMCOreqTXnoBeacon
                0x0008dc23       0x18 /cygdrive/c/TWESDK/516x/Components/Library/libMac_JN516x.a(TAMCO.o)
                0x0008dc23                _vTAMCOreqTXnoBeacon
 .text.vTAMCOframeRXnobeacon
                0x0008dc3b       0x18 /cygdrive/c/TWESDK/516x/Components/Library/libMac_JN516x.a(TAMCO.o)
                0x0008dc3b                _vTAMCOframeRXnobeacon
 .text.vTAMCOframeTXnobeacon
                0x0008dc53       0x1e /cygdrive/c/TWESDK/516x/Components/Library/libMac_JN516x.a(TAMCO.o)
                0x0008dc53                _vTAMCOframeTXnobeacon
 .text.vTrySendFromDirectCAP
                0x0008dc71       0x25 /cygdrive/c/TWESDK/516x/Components/Library/libMac_JN516x.a(TAMCO.o)
 .text.vTAMCOframeRXcap
                0x0008dc96       0x18 /cygdrive/c/TWESDK/516x/Components/Library/libMac_JN516x.a(TAMCO.o)
                0x0008dc96                _vTAMCOframeRXcap
 .text.vTAMCOframeRXgoingIdle
                0x0008dcae       0x1c /cygdrive/c/TWESDK/516x/Components/Library/libMac_JN516x.a(TAMCO.o)
                0x0008dcae                _vTAMCOframeRXgoingIdle
 .text.vTAMCOframeTXcap
                0x0008dcca       0x30 /cygdrive/c/TWESDK/516x/Components/Library/libMac_JN516x.a(TAMCO.o)
                0x0008dcca                _vTAMCOframeTXcap
 .text.vTAMCOframeTXgoingIdle
                0x0008dcfa       0x1b /cygdrive/c/TWESDK/516x/Components/Library/libMac_JN516x.a(TAMCO.o)
                0x0008dcfa                _vTAMCOframeTXgoingIdle
 .text.vTAMCOint2Fired
                0x0008dd15       0x22 /cygdrive/c/TWESDK/516x/Components/Library/libMac_JN516x.a(TAMCO.o)
                0x0008dd15                _vTAMCOint2Fired
 .text.vTAMCOframeTXbeacon
                0x0008dd37       0xc9 /cygdrive/c/TWESDK/516x/Components/Library/libMac_JN516x.a(TAMCO.o)
                0x0008dd37                _vTAMCOframeTXbeacon
 .text.vTAMCOint1Fired
                0x0008de00       0xef /cygdrive/c/TWESDK/516x/Components/Library/libMac_JN516x.a(TAMCO.o)
                0x0008de00                _vTAMCOint1Fired
 .text.vTAMCOint1FiredCAP
                0x0008deef       0x7f /cygdrive/c/TWESDK/516x/Components/Library/libMac_JN516x.a(TAMCO.o)
                0x0008deef                _vTAMCOint1FiredCAP
 .text.vTAMCOstartBeacon
                0x0008df6e       0x41 /cygdrive/c/TWESDK/516x/Components/Library/libMac_JN516x.a(TAMCO.o)
                0x0008df6e                _vTAMCOstartBeacon
 .text.vStartStoreValues
                0x0008dfaf       0xbc /cygdrive/c/TWESDK/516x/Components/Library/libMac_JN516x.a(TAMCO.o)
 .text.bStartCallback
                0x0008e06b       0x2f /cygdrive/c/TWESDK/516x/Components/Library/libMac_JN516x.a(TAMCO.o)
 .text.vTAMCO_MLMEstartRequest
                0x0008e09a      0x11e /cygdrive/c/TWESDK/516x/Components/Library/libMac_JN516x.a(TAMCO.o)
                0x0008e09a                _vTAMCO_MLMEstartRequest
 .text.vTAMCOframeStarting
                0x0008e1b8       0x1e /cygdrive/c/TWESDK/516x/Components/Library/libMac_JN516x.a(TAMCO.o)
                0x0008e1b8                _vTAMCOframeStarting
 .text.vTAMDEdetermineNullState
                0x0008e1d6       0x1d /cygdrive/c/TWESDK/516x/Components/Library/libMac_JN516x.a(TAMDE.o)
                0x0008e1d6                _vTAMDEdetermineNullState
 .text.vSetPHYfromMacValue
                0x0008e1f3       0x45 /cygdrive/c/TWESDK/516x/Components/Library/libMac_JN516x.a(TAMDE.o)
 .text.vTAMDEint1FiredWaitDR
                0x0008e238       0x20 /cygdrive/c/TWESDK/516x/Components/Library/libMac_JN516x.a(TAMDE.o)
                0x0008e238                _vTAMDEint1FiredWaitDR
 .text.vTAMDEstartSync
                0x0008e258       0x86 /cygdrive/c/TWESDK/516x/Components/Library/libMac_JN516x.a(TAMDE.o)
                0x0008e258                _vTAMDEstartSync
 .text.vTAMDE_MLMEsyncRequest
                0x0008e2de       0x30 /cygdrive/c/TWESDK/516x/Components/Library/libMac_JN516x.a(TAMDE.o)
                0x0008e2de                _vTAMDE_MLMEsyncRequest
 .text.vTrySendUnslotted
                0x0008e30e       0x23 /cygdrive/c/TWESDK/516x/Components/Library/libMac_JN516x.a(TAMDE.o)
 .text.vDeterminePowerState
                0x0008e331       0x98 /cygdrive/c/TWESDK/516x/Components/Library/libMac_JN516x.a(TAMDE.o)
 .text.vTAMDEreqTXnullTrackingCAP
                0x0008e3c9       0x1c /cygdrive/c/TWESDK/516x/Components/Library/libMac_JN516x.a(TAMDE.o)
                0x0008e3c9                _vTAMDEreqTXnullTrackingCAP
 .text.vTAMDEint2FiredTrackingDR
                0x0008e3e5       0x2b /cygdrive/c/TWESDK/516x/Components/Library/libMac_JN516x.a(TAMDE.o)
                0x0008e3e5                _vTAMDEint2FiredTrackingDR
 .text.vTAMDEframeTXDEnull
                0x0008e410       0x28 /cygdrive/c/TWESDK/516x/Components/Library/libMac_JN516x.a(TAMDE.o)
                0x0008e410                _vTAMDEframeTXDEnull
 .text.vTAMDEframeTXtrackingCAPgts
                0x0008e438       0x34 /cygdrive/c/TWESDK/516x/Components/Library/libMac_JN516x.a(TAMDE.o)
                0x0008e438                _vTAMDEframeTXtrackingCAPgts
 .text.vTAMDEframeRX
                0x0008e46c       0x30 /cygdrive/c/TWESDK/516x/Components/Library/libMac_JN516x.a(TAMDE.o)
                0x0008e46c                _vTAMDEframeRX
 .text.vTAMDEframePreSyncReq
                0x0008e49c       0x21 /cygdrive/c/TWESDK/516x/Components/Library/libMac_JN516x.a(TAMDE.o)
                0x0008e49c                _vTAMDEframePreSyncReq
 .text.bSendDataRequest
                0x0008e4bd      0x113 /cygdrive/c/TWESDK/516x/Components/Library/libMac_JN516x.a(TAMDE.o)
 .text.vTAMDEframeRXtrackingDR
                0x0008e5d0       0x47 /cygdrive/c/TWESDK/516x/Components/Library/libMac_JN516x.a(TAMDE.o)
                0x0008e5d0                _vTAMDEframeRXtrackingDR
 .text.vTAMDEint2FiredPollActive
                0x0008e617       0x34 /cygdrive/c/TWESDK/516x/Components/Library/libMac_JN516x.a(TAMDE.o)
                0x0008e617                _vTAMDEint2FiredPollActive
 .text.vTAMDEframeTXtrackingDR
                0x0008e64b       0x6b /cygdrive/c/TWESDK/516x/Components/Library/libMac_JN516x.a(TAMDE.o)
                0x0008e64b                _vTAMDEframeTXtrackingDR
 .text.vTAMDEint1FiredTracking
                0x0008e6b6       0x6f /cygdrive/c/TWESDK/516x/Components/Library/libMac_JN516x.a(TAMDE.o)
                0x0008e6b6                _vTAMDEint1FiredTracking
 .text.vTAMDEint1FiredTrackingCAPgts
                0x0008e725       0xca /cygdrive/c/TWESDK/516x/Components/Library/libMac_JN516x.a(TAMDE.o)
                0x0008e725                _vTAMDEint1FiredTrackingCAPgts
 .text.vTAMDEint1FiredTrackingBeacon
                0x0008e7ef       0xa7 /cygdrive/c/TWESDK/516x/Components/Library/libMac_JN516x.a(TAMDE.o)
                0x0008e7ef                _vTAMDEint1FiredTrackingBeacon
 .text.bProcessBeaconRX
                0x0008e896       0xe6 /cygdrive/c/TWESDK/516x/Components/Library/libMac_JN516x.a(TAMDE.o)
 .text.vTAMDEframeRXsyncReq
                0x0008e97c      0x26c /cygdrive/c/TWESDK/516x/Components/Library/libMac_JN516x.a(TAMDE.o)
                0x0008e97c                _vTAMDEframeRXsyncReq
 .text.vTAMDEint1FiredSyncReq
                0x0008ebe8       0x7b /cygdrive/c/TWESDK/516x/Components/Library/libMac_JN516x.a(TAMDE.o)
                0x0008ebe8                _vTAMDEint1FiredSyncReq
 .text.pvMEMget
                0x0008ec63       0x27 /cygdrive/c/TWESDK/516x/Components/Library/libMac_JN516x.a(TAM_MEM.o)
                0x0008ec63                _pvMEMget
 .text.vMEMreturn
                0x0008ec8a       0x6a /cygdrive/c/TWESDK/516x/Components/Library/libMac_JN516x.a(TAM_MEM.o)
                0x0008ec8a                _vMEMreturn
 .text.vMEMreset
                0x0008ecf4       0x70 /cygdrive/c/TWESDK/516x/Components/Library/libMac_JN516x.a(TAM_MEM.o)
                0x0008ecf4                _vMEMreset
 .text.vMLMErxEnableConfirm
                0x0008ed64       0x37 /cygdrive/c/TWESDK/516x/Components/Library/libMac_JN516x.a(TAM_MLME.o)
                0x0008ed64                _vMLMErxEnableConfirm
 .text.vMLMEcommStatus
                0x0008ed9b       0x6e /cygdrive/c/TWESDK/516x/Components/Library/libMac_JN516x.a(TAM_MLME.o)
                0x0008ed9b                _vMLMEcommStatus
 .text.vMLMEcommStatusFromFrame
                0x0008ee09       0x47 /cygdrive/c/TWESDK/516x/Components/Library/libMac_JN516x.a(TAM_MLME.o)
                0x0008ee09                _vMLMEcommStatusFromFrame
 .text.vMLMEsyncLoss
                0x0008ee50       0x38 /cygdrive/c/TWESDK/516x/Components/Library/libMac_JN516x.a(TAM_MLME.o)
                0x0008ee50                _vMLMEsyncLoss
 .text.vMLMEbeaconNotify
                0x0008ee88      0x17c /cygdrive/c/TWESDK/516x/Components/Library/libMac_JN516x.a(TAM_MLME.o)
                0x0008ee88                _vMLMEbeaconNotify
 .text.vTAHsetCutOff
                0x0008f004        0xa /cygdrive/c/TWESDK/516x/Components/Library/libMac_JN516x.a(TAM_TAH.o)
                0x0008f004                _vTAHsetCutOff
 .text.vTAHsetSyncLock
                0x0008f00e       0x18 /cygdrive/c/TWESDK/516x/Components/Library/libMac_JN516x.a(TAM_TAH.o)
                0x0008f00e                _vTAHsetSyncLock
 .text.vTAHsetPhyStateDirect
                0x0008f026       0x33 /cygdrive/c/TWESDK/516x/Components/Library/libMac_JN516x.a(TAM_TAH.o)
                0x0008f026                _vTAHsetPhyStateDirect
 .text.vTAHsetPhyState
                0x0008f059       0x35 /cygdrive/c/TWESDK/516x/Components/Library/libMac_JN516x.a(TAM_TAH.o)
                0x0008f059                _vTAHsetPhyState
 .text.vTAIdisableInterrupt
                0x0008f08e       0x10 /cygdrive/c/TWESDK/516x/Components/Library/libMac_JN516x.a(TAM_TAI.o)
                0x0008f08e                _vTAIdisableInterrupt
 .text.vTAIsetRxEnableTime
                0x0008f09e       0x1d /cygdrive/c/TWESDK/516x/Components/Library/libMac_JN516x.a(TAM_TAI.o)
                0x0008f09e                _vTAIsetRxEnableTime
 .text.vTAIsetCapTime
                0x0008f0bb       0x1d /cygdrive/c/TWESDK/516x/Components/Library/libMac_JN516x.a(TAM_TAI.o)
                0x0008f0bb                _vTAIsetCapTime
 .text.eTATreadTXstatus
                0x0008f0d8       0x46 /cygdrive/c/TWESDK/516x/Components/Library/libMac_JN516x.a(TAM_TAT.o)
                0x0008f0d8                _eTATreadTXstatus
 .text.vTATgetFrameAddress
                0x0008f11e       0x20 /cygdrive/c/TWESDK/516x/Components/Library/libMac_JN516x.a(TAM_TAT.o)
                0x0008f11e                _vTATgetFrameAddress
 .text.vTATgetFramePayload
                0x0008f13e       0x1d /cygdrive/c/TWESDK/516x/Components/Library/libMac_JN516x.a(TAM_TAT.o)
                0x0008f13e                _vTATgetFramePayload
 .text.vTATsetBLE
                0x0008f15b       0x3e /cygdrive/c/TWESDK/516x/Components/Library/libMac_JN516x.a(TAM_TAT.o)