Archive member included because of file (symbol)

/cygdrive/c/TWESDK/Wks_ToCoNet/Samp_Monitor/../../Wks_libToCoNet/libToCoNet/lib/libToCoNet_JN5164.a(ToCoNet_event.o)
                              objs_JN5164_ToCoStick/Parent.o (_PRSEV_u8Register)
/cygdrive/c/TWESDK/Wks_ToCoNet/Samp_Monitor/../../Wks_libToCoNet/libToCoNet/lib/libToCoNet_JN5164.a(ToCoNet_main.o)
                              objs_JN5164_ToCoStick/Parent.o (_ToCoNet_vDebugInit)
/cygdrive/c/TWESDK/Wks_ToCoNet/Samp_Monitor/../../Wks_libToCoNet/libToCoNet/lib/libToCoNet_JN5164.a(ToCoNet_utils.o)
                              objs_JN5164_ToCoStick/Interactive.o (_ToCoNet_u32GetVersion)
/cygdrive/c/TWESDK/Wks_ToCoNet/Samp_Monitor/../../Wks_libToCoNet/libToCoNet/lib/libToCoNet_JN5164.a(ToCoNet_mod_Tx.o)
                              objs_JN5164_ToCoStick/Parent.o (_ToCoNet_vReg_mod_Tx_Standard)
/cygdrive/c/TWESDK/Wks_ToCoNet/Samp_Monitor/../../Wks_libToCoNet/libToCoNet/lib/libToCoNet_JN5164.a(ToCoNet_mod_NbScan.o)
                              objs_JN5164_ToCoStick/Parent.o (_ToCoNet_vReg_mod_NbScan)
/cygdrive/c/TWESDK/Wks_ToCoNet/Samp_Monitor/../../Wks_libToCoNet/libToCoNet/lib/libToCoNet_JN5164.a(ToCoNet_mod_NbScan_Slave.o)
                              objs_JN5164_ToCoStick/Parent.o (_ToCoNet_vReg_mod_NbScan_Slave)
/cygdrive/c/TWESDK/Wks_ToCoNet/Samp_Monitor/../../Wks_libToCoNet/libToCoNet/lib/libToCoNet_JN5164.a(ToCoNet_mod_TxRxQueue.o)
                              objs_JN5164_ToCoStick/Parent.o (_ToCoNet_vReg_mod_TxRxQueueMid)
/cygdrive/c/TWESDK/Wks_ToCoNet/Samp_Monitor/../../Wks_libToCoNet/libToCoNet/lib/libToCoNet_JN5164.a(ToCoNet_mod_Nwk_Common.o)
                              /cygdrive/c/TWESDK/Wks_ToCoNet/Samp_Monitor/../../Wks_libToCoNet/libToCoNet/lib/libToCoNet_JN5164.a(ToCoNet_main.o) (_ToCoNet_vRxProc_App)
/cygdrive/c/TWESDK/Wks_ToCoNet/Samp_Monitor/../../Wks_libToCoNet/libToCoNet/lib/libToCoNet_JN5164.a(ToCoNet_mod_Nwk_LayerTree.o)
                              objs_JN5164_ToCoStick/Parent.o (_ToCoNet_NwkLyTr_psConfig)
/cygdrive/c/TWESDK/Wks_ToCoNet/Samp_Monitor/../../Wks_libToCoNet/libToCoNet/lib/libToCoNet_JN5164.a(ToCoNet_mod_Channel_Mgr.o)
                              /cygdrive/c/TWESDK/Wks_ToCoNet/Samp_Monitor/../../Wks_libToCoNet/libToCoNet/lib/libToCoNet_JN5164.a(ToCoNet_main.o) (_ToCoNet_ChMgr_bCh_Reconfig)
/cygdrive/c/TWESDK/Wks_ToCoNet/Samp_Monitor/../../Wks_libToCoNet/libToCoNet/lib/libToCoNet_JN5164.a(ToCoNet_mod_Nwk_MessagePool.o)
                              objs_JN5164_ToCoStick/Parent.o (_ToCoNet_vReg_mod_Nwk_MessagePool)
/cygdrive/c/TWESDK/Wks_ToCoNet/Samp_Monitor/../../Wks_libToCoNet/libToCoNet/lib/libToCoNet_JN5164.a(ToCoNet_mod_DuplicateChecker.o)
                              objs_JN5164_ToCoStick/Parent.o (_ToCoNet_vReg_mod_DupChk)
/cygdrive/c/TWESDK/Wks_ToCoNet/Samp_Monitor/../../Wks_libToCoNet/libToCoNet/lib/libToCoNet_JN5164.a(Version.o)
                              /cygdrive/c/TWESDK/Wks_ToCoNet/Samp_Monitor/../../Wks_libToCoNet/libToCoNet/lib/libToCoNet_JN5164.a(ToCoNet_utils.o) (_au8ToCoNetVersionInfo)
/cygdrive/c/TWESDK/Wks_ToCoNet/Samp_Monitor/../../Wks_libToCoNet/libToCoNet/lib/libToCoNet_JN5164.a(AppQueueApi_ToCoNet.o)
                              /cygdrive/c/TWESDK/Wks_ToCoNet/Samp_Monitor/../../Wks_libToCoNet/libToCoNet/lib/libToCoNet_JN5164.a(ToCoNet_main.o) (_psAppQApiReadHwIndT)
/cygdrive/c/TWESDK/Wks_ToCoNet/Samp_Monitor/../../Wks_libToCoNet/libToCoNet/lib/libToCoNetExt_JN5164.a(AppStart.o)
                              /cygdrive/c/TWESDK/Wks_ToCoNet/Samp_Monitor/../../Wks_libToCoNet/libToCoNet/lib/libToCoNet_JN5164.a(ToCoNet_mod_Channel_Mgr.o) (__ToCoNet_bRfChChannel)
/cygdrive/c/TWESDK/Wks_ToCoNet/Samp_Monitor/../../Wks_libToCoNet/libToCoNet/lib/libToCoNetExt_JN5164.a(getMacAddr.o)
                              /cygdrive/c/TWESDK/Wks_ToCoNet/Samp_Monitor/../../Wks_libToCoNet/libToCoNet/lib/libToCoNet_JN5164.a(ToCoNet_main.o) (_ToCoNet_u32GetSerialOnBoot)
/cygdrive/c/TWESDK/Wks_ToCoNet/Samp_Monitor/../../Wks_libToCoNet/libToCoNet/lib/libToCoNetExt_JN5164.a(mac.o)
                              /cygdrive/c/TWESDK/Wks_ToCoNet/Samp_Monitor/../../Wks_libToCoNet/libToCoNet/lib/libToCoNet_JN5164.a(ToCoNet_main.o) (_Mac_bRxQueueReg)
/cygdrive/c/TWESDK/Wks_ToCoNet/Samp_Monitor/../../Wks_libToCoNet/libToCoNet/lib/libToCoNetExt_JN5164.a(AES_CCM.o)
                              /cygdrive/c/TWESDK/Wks_ToCoNet/Samp_Monitor/../../Wks_libToCoNet/libToCoNet/lib/libToCoNetExt_JN5164.a(mac.o) (_bAES_CCM_Encode)
/cygdrive/c/TWESDK/Wks_ToCoNet/Samp_Monitor/../../Wks_libToCoNet/libToCoNet/lib/libToCoNetExt_JN5164.a(eeprom_6x.o)
                              objs_JN5164_ToCoStick/flash.o (_EEP_6x_bRead)
/cygdrive/c/TWESDK/Wks_ToCoNet/Samp_Monitor/../../Wks_libToCoNet/libToCoNet/lib/libToCoNetExt_JN5164.a(no_ack_handler.o)
                              /cygdrive/c/TWESDK/Wks_ToCoNet/Samp_Monitor/../../Wks_libToCoNet/libToCoNet/lib/libToCoNetExt_JN5164.a(AppStart.o) (_vInstallNoAckHandler)
[...]
Memory Configuration

Name             Origin             Length             Attributes
flash            0x00080000         0x00028000
ram              0x0400004c         0x00007fb4
*default*        0x00000000         0xffffffff

Linker script and memory map

LOAD objs_JN5164_ToCoStick/Parent.o
LOAD objs_JN5164_ToCoStick/common.o
LOAD objs_JN5164_ToCoStick/flash.o
LOAD objs_JN5164_ToCoStick/AddrKeyAry.o
LOAD objs_JN5164_ToCoStick/input_string.o
LOAD objs_JN5164_ToCoStick/Interactive.o
LOAD objs_JN5164_ToCoStick/sercmd_ascii.o
LOAD objs_JN5164_ToCoStick/sercmd_chat.o
LOAD objs_JN5164_ToCoStick/sercmd_plus3.o
LOAD objs_JN5164_ToCoStick/sercmd_binary.o
LOAD objs_JN5164_ToCoStick/LcdDraw.o
LOAD objs_JN5164_ToCoStick/LcdDriver.o
LOAD objs_JN5164_ToCoStick/LcdExtras.o
LOAD objs_JN5164_ToCoStick/LcdFont.o
LOAD objs_JN5164_ToCoStick/LcdPrint.o
LOAD /cygdrive/c/TWESDK/Wks_ToCoNet/Samp_Monitor/../../Wks_libToCoNet/libToCoNet/lib/libToCoNet_JN5164.a
LOAD /cygdrive/c/TWESDK/Wks_ToCoNet/Samp_Monitor/../../Wks_libToCoNet/libToCoNet/lib/libToCoNetExt_JN5164.a
LOAD /cygdrive/c/TWESDK/Wks_ToCoNet/Samp_Monitor/../../Wks_libToCoNet/libToCoNet/lib/libToCoNetUtils_JN5164.a
START GROUP
LOAD /cygdrive/c/TWESDK/516x/Components/Library/libAppApi_JN516x.a
LOAD /cygdrive/c/TWESDK/516x/Components/Library/libMac_JN516x.a
LOAD /cygdrive/c/TWESDK/516x/Components/Library/libTof_JN516x.a
LOAD /cygdrive/c/TWESDK/516x/Components/Library/libXcv_JN516x.a
LOAD /cygdrive/c/TWESDK/516x/Components/Library/libAES_CCM_SW_PATCH_JN516x.a
LOAD /cygdrive/c/TWESDK/516x/Components/Library/libAes_JN516x.a
LOAD /cygdrive/c/TWESDK/516x/Components/Library/libTimerServer_JN516x.a
LOAD /cygdrive/c/TWESDK/516x/Components/Library/libHardwareApi_JN516x.a
LOAD /cygdrive/c/TWESDK/516x/Components/Library/libMicroSpecific_JN516x.a
LOAD /cygdrive/c/TWESDK/516x/Components/Library/libBoot_JN516x.a
LOAD /cygdrive/c/TWESDK/516x/Components/Library/libMaths_JN516x.a
LOAD /cygdrive/c/TWESDK/Wks_ToCoNet/Samp_Monitor/../../Wks_libToCoNet/libToCoNet/lib/libToCoNet_JN5164.a
LOAD /cygdrive/c/TWESDK/Wks_ToCoNet/Samp_Monitor/../../Wks_libToCoNet/libToCoNet/lib/libToCoNetExt_JN5164.a
LOAD /cygdrive/c/TWESDK/Wks_ToCoNet/Samp_Monitor/../../Wks_libToCoNet/libToCoNet/lib/libToCoNetUtils_JN5164.a
END GROUP
LOAD /cygdrive/c/TWESDK/Tools/ba-elf-ba2/bin/../lib/gcc/ba-elf/4.1.2/ba2/libgcc.a
LOAD /cygdrive/c/TWESDK/Tools/ba-elf-ba2/bin/../lib/gcc/ba-elf/4.1.2/../../../../ba-elf/lib/ba2/libc.a
LOAD /cygdrive/c/TWESDK/Tools/ba-elf-ba2/bin/../lib/gcc/ba-elf/4.1.2/ba2/libgcc.a
                0x00001000                _stack_size = 0x1000
                0x00080038                __exception_vsr_table = 0x80038
                0x04000000                _pSPIflashFncTable = 0x4000000
                0x00001000                _stack_size = 0x1000
                0x00000044                restore_state = 0x44
                0x0000004a                _bZSPIWaitWIPClear = 0x4a
                0x00000050                _u16ZSPIflashRDID = 0x50
                0x00000056                _u8SelectFlashChipType = 0x56
                0x0000005c                _memcpy = 0x5c
                0x00000066                _vBootFlashProg = 0x66
                [0x00000d16]                _minimum_heap_size = DEFINED (_minimum_heap_size)?_minimum_heap_size:0xd16
                0x00000000                _SwConfig = (DEFINED (g_bSWConf_Debug) | (DEFINED (g_bSWConf_AltDebugPort) << 0x1))

.version        0x0007fffc        0x4
                0x0007fffc        0x4 LONG 0x4030008

.bir            0x00080000       0x10
                0x00080000                _flash_start = <code 342> (.)
                0x00080000                _flash_beg = <code 342> (.)
                0x00080000        0x4 LONG 0x12345678
                0x00080004        0x4 LONG 0x11223344
                0x00080008        0x4 LONG 0x55667788
                0x0008000c        0x1 BYTE 0x8
                0x0008000d        0x1 BYTE 0x1
                0x0008000e        0x2 SHORT 0x0

.flashheader    0x00080010       0x28
                0x00080010        0x4 LONG 0x0
                0x00080014        0x4 LONG 0x0
                0x00080018        0x4 LONG 0x0
                0x0008001c        0x2 SHORT 0x0
                0x0008001e        0x2 SHORT 0x0 <code 342> (_SwConfig)
                0x00080020                _enc_start = <code 342> (.)
                0x00080020        0x4 LONG 0x11cd8 <code 342> (_image_len)
                0x00000000                _enc_offset = (_enc_start & 0xf)
                [0x00000020]                _enc_start = (_enc_start - _flash_beg)
                0x00080024        0x4 LONG 0x91cac <code 342> (_flash_data_start)
                0x00080028        0x2 SHORT 0x13 ((<code 342> (_ram_data_start) / 0x4) & 0xffff)
                0x0008002a        0x2 SHORT 0xb ((<code 342> (_ram_data_len) / 0x4) & 0xffff)
                0x0008002c        0x2 SHORT 0x1e ((<code 342> (_bss_start) / 0x4) & 0xffff)
                0x0008002e        0x2 SHORT 0xb1a ((<code 342> (_bss_len) / 0x4) & 0xffff)
                0x00080030        0x4 LONG 0x87f38 <code 342> (_AppWarmStart)
                0x00080034        0x4 LONG 0x880e4 <code 342> (_AppColdStart)
                0x00000044                PROVIDE (_vException_BusError, restore_state)
                0x00000044                PROVIDE (_vException_UnalignedAccess, restore_state)
                0x00000044                PROVIDE (_vException_IllegalInstruction, restore_state)
                0x00000044                PROVIDE (_vException_SysCall, restore_state)
                0x00000044                PROVIDE (_vException_Trap, restore_state)
                0x00000044                PROVIDE (_vException_StackOverflow, restore_state)
                0x00080038                . = <code 342> (__exception_vsr_table)

.vsr_table      0x00080038       0x18
                0x00080038        0x4 LONG 0x44 <code 342> (_vException_BusError)
                0x0008003c        0x4 LONG 0x44 <code 342> (_vException_UnalignedAccess)
                0x00080040        0x4 LONG 0x44 <code 342> (_vException_IllegalInstruction)
                0x00080044        0x4 LONG 0x44 <code 342> (_vException_SysCall)
                0x00080048        0x4 LONG 0x44 <code 342> (_vException_Trap)
                0x0008004c        0x4 LONG 0x44 <code 342> (_vException_StackOverflow)

.vsr_handlers   0x00080050       0xab
 *(.vsr_handlers)
 .vsr_handlers  0x00080050       0xab /cygdrive/c/TWESDK/516x/Components/Library/libBoot_JN516x.a(ExceptionHandler.o)
                0x00080050                __exception_external_interrupt
                0x000800f9                __default_vsr_dummy

.rodata         0x000800fc      0xd1d
 *(.rodata*)
 .rodata.str1.1
                0x000800fc      0x30f objs_JN5164_ToCoStick/Parent.o
                                0x314 (size before relaxing)
 .rodata.au8EncKey
                0x0008040b       0x10 objs_JN5164_ToCoStick/common.o
                0x0008040b                _au8EncKey
 .rodata.str1.1
                0x0008041b      0x4ee objs_JN5164_ToCoStick/Interactive.o
                                0x505 (size before relaxing)
 .rodata.au8name_stop.5281
                0x00080909        0x2 objs_JN5164_ToCoStick/Interactive.o
 .rodata.au8name_parity.5280
                0x0008090b        0x3 objs_JN5164_ToCoStick/Interactive.o
 .rodata.au8name_bit.5279
                0x0008090e        0x2 objs_JN5164_ToCoStick/Interactive.o
 .rodata.au8tbl.2209
                0x00080910       0x11 objs_JN5164_ToCoStick/sercmd_ascii.o
 .rodata.u8tbl.2152
                0x00080921       0x17 objs_JN5164_ToCoStick/sercmd_ascii.o
 .rodata.str1.1
                0x00080938       0x11 /cygdrive/c/TWESDK/Wks_ToCoNet/Samp_Monitor/../../Wks_libToCoNet/libToCoNet/lib/libToCoNet_JN5164.a(ToCoNet_mod_Tx.o)
 *fill*         0x00080949        0x3 00
 .rodata.asStateFuncTbl
                0x0008094c       0x38 /cygdrive/c/TWESDK/Wks_ToCoNet/Samp_Monitor/../../Wks_libToCoNet/libToCoNet/lib/libToCoNet_JN5164.a(ToCoNet_mod_Tx.o)
 .rodata.asStateFuncTbl
                0x00080984       0x30 /cygdrive/c/TWESDK/Wks_ToCoNet/Samp_Monitor/../../Wks_libToCoNet/libToCoNet/lib/libToCoNet_JN5164.a(ToCoNet_mod_NbScan.o)
 .rodata.str1.1
                0x000809b4       0x47 /cygdrive/c/TWESDK/Wks_ToCoNet/Samp_Monitor/../../Wks_libToCoNet/libToCoNet/lib/libToCoNet_JN5164.a(ToCoNet_mod_Nwk_LayerTree.o)
 *fill*         0x000809fb        0x1 00
 .rodata.asStateFuncTbl.4920
                0x000809fc       0x38 /cygdrive/c/TWESDK/Wks_ToCoNet/Samp_Monitor/../../Wks_libToCoNet/libToCoNet/lib/libToCoNet_JN5164.a(ToCoNet_mod_Nwk_LayerTree.o)
 .rodata.asStateFuncTbl.4569
                0x00080a34       0x18 /cygdrive/c/TWESDK/Wks_ToCoNet/Samp_Monitor/../../Wks_libToCoNet/libToCoNet/lib/libToCoNet_JN5164.a(ToCoNet_mod_Nwk_MessagePool.o)
 .rodata.au8ToCoNetVersionInfo
                0x00080a4c        0xc /cygdrive/c/TWESDK/Wks_ToCoNet/Samp_Monitor/../../Wks_libToCoNet/libToCoNet/lib/libToCoNet_JN5164.a(Version.o)
                0x00080a4c                _au8ToCoNetVersionInfo
 .rodata.str1.1
                0x00080a58       0x11 /cygdrive/c/TWESDK/Wks_ToCoNet/Samp_Monitor/../../Wks_libToCoNet/libToCoNet/lib/libToCoNetExt_JN5164.a(AppStart.o)
 .rodata        0x00080a69       0x11 /cygdrive/c/TWESDK/Wks_ToCoNet/Samp_Monitor/../../Wks_libToCoNet/libToCoNet/lib/libToCoNetExt_JN5164.a(AppStart.o)
 .rodata.au8k.5340
                0x00080a7a       0x20 /cygdrive/c/TWESDK/Wks_ToCoNet/Samp_Monitor/../../Wks_libToCoNet/libToCoNet/lib/libToCoNetExt_JN5164.a(AppStart.o)
 .rodata.au8k.5378
                0x00080a9a       0x20 /cygdrive/c/TWESDK/Wks_ToCoNet/Samp_Monitor/../../Wks_libToCoNet/libToCoNet/lib/libToCoNetExt_JN5164.a(AppStart.o)
 .rodata.str1.1
                0x00080aba       0x11 /cygdrive/c/TWESDK/Wks_ToCoNet/Samp_Monitor/../../Wks_libToCoNet/libToCoNet/lib/libToCoNetExt_JN5164.a(mac.o)
 *fill*         0x00080acb        0x1 00
 .rodata.u32MacHigh_TOCOS
                0x00080acc        0x4 /cygdrive/c/TWESDK/Wks_ToCoNet/Samp_Monitor/../../Wks_libToCoNet/libToCoNet/lib/libToCoNetExt_JN5164.a(mac.o)
                0x00080acc                _u32MacHigh_TOCOS
 .rodata.u32MacLow_TOCOS
                0x00080ad0        0x4 /cygdrive/c/TWESDK/Wks_ToCoNet/Samp_Monitor/../../Wks_libToCoNet/libToCoNet/lib/libToCoNetExt_JN5164.a(mac.o)
                0x00080ad0                _u32MacLow_TOCOS
 .rodata.au8ToCoNetExtVersionInfo
                0x00080ad4        0xc /cygdrive/c/TWESDK/Wks_ToCoNet/Samp_Monitor/../../Wks_libToCoNet/libToCoNet/lib/libToCoNetExt_JN5164.a(Version.o)
                0x00080ad4                _au8ToCoNetExtVersionInfo
 .rodata.au8SpeedCodeToEepromClkDivisors
                0x00080ae0        0x8 /cygdrive/c/TWESDK/Wks_ToCoNet/Samp_Monitor/../../Wks_libToCoNet/libToCoNet/lib/libToCoNetExt_JN5164.a(PDM_EEPROM.o)
 .rodata.u8CRCTable
                0x00080ae8      0x100 /cygdrive/c/TWESDK/Wks_ToCoNet/Samp_Monitor/../../Wks_libToCoNet/libToCoNet/lib/libToCoNetUtils_JN5164.a(ccitt8.o)
 .rodata.str1.1
                0x00080be8        0x7 /cygdrive/c/TWESDK/Wks_ToCoNet/Samp_Monitor/../../Wks_libToCoNet/libToCoNet/lib/libToCoNetUtils_JN5164.a(fprintf.o)
 .rodata.au8ToCoNetUtilsVersionInfo
                0x00080bef        0xc /cygdrive/c/TWESDK/Wks_ToCoNet/Samp_Monitor/../../Wks_libToCoNet/libToCoNet/lib/libToCoNetUtils_JN5164.a(Version.o)
                0x00080bef                _au8ToCoNetUtilsVersionInfo
 *fill*         0x00080bfb        0x1 00
 .rodata.s_sPibInit
                0x00080bfc       0x18 /cygdrive/c/TWESDK/516x/Components/Library/libMac_JN516x.a(mac_pib_mlme.o)
 .rodata.aeXcvPhyEvtToScanEvt.4240
                0x00080c14       0x18 /cygdrive/c/TWESDK/516x/Components/Library/libMac_JN516x.a(mac_scan.o)
 .rodata.aeXcvBbcEvtToScanEvt.4230
                0x00080c2c        0xa /cygdrive/c/TWESDK/516x/Components/Library/libMac_JN516x.a(mac_scan.o)
 .rodata.s_atScanEvtST
                0x00080c36       0x31 /cygdrive/c/TWESDK/516x/Components/Library/libMac_JN516x.a(mac_scan.o)
 *fill*         0x00080c67        0x1 00
 .rodata.s_aprScanHandleEvt
                0x00080c68       0x30 /cygdrive/c/TWESDK/516x/Components/Library/libMac_JN516x.a(mac_scan.o)
 .rodata.psTAMcontext
                0x00080c98        0x4 /cygdrive/c/TWESDK/516x/Components/Library/libMac_JN516x.a(TAM.o)
                0x00080c98                _psTAMcontext
 .rodata.psTamMacContext
                0x00080c9c        0x4 /cygdrive/c/TWESDK/516x/Components/Library/libMac_JN516x.a(TAM.o)
                0x00080c9c                _psTamMacContext
 .rodata.psTamXcvContext
                0x00080ca0        0x4 /cygdrive/c/TWESDK/516x/Components/Library/libMac_JN516x.a(TAM.o)
                0x00080ca0                _psTamXcvContext
 .rodata.au8XcvToTAMevent.4757
                0x00080ca4        0xa /cygdrive/c/TWESDK/516x/Components/Library/libMac_JN516x.a(TAM.o)
 .rodata.au8HeaderSize.4215
                0x00080cae        0xe /cygdrive/c/TWESDK/516x/Components/Library/libMac_JN516x.a(TAMcommon.o)
 .rodata.apvActionCalls
                0x00080cbc       0x88 /cygdrive/c/TWESDK/516x/Components/Library/libMac_JN516x.a(TAMevent.o)
                0x00080cbc                _apvActionCalls
 .rodata.au8StateActions
                0x00080d44       0x8c /cygdrive/c/TWESDK/516x/Components/Library/libMac_JN516x.a(TAMevent.o)
                0x00080d44                _au8StateActions
 .rodata.au8SizeInc.4433
                0x00080dd0        0x9 /cygdrive/c/TWESDK/516x/Components/Library/libMac_JN516x.a(TAMsecurity.o)
 .rodata.au8MICLenLUT.3714
                0x00080dd9        0x4 /cygdrive/c/TWESDK/516x/Components/Library/libMac_JN516x.a(TAMsecurity.o)
 .rodata.au8FlashWaitStates32MXO
                0x00080ddd        0x8 /cygdrive/c/TWESDK/516x/Components/Library/libHardwareApi_JN516x.a(AHI_System.o)
 .rodata.au8FlashWaitStatesHSRCO
                0x00080de5        0x8 /cygdrive/c/TWESDK/516x/Components/Library/libHardwareApi_JN516x.a(AHI_System.o)
 *fill*         0x00080ded        0x3 00
 .rodata.au32TimerBaseAddress
                0x00080df0       0x14 /cygdrive/c/TWESDK/516x/Components/Library/libHardwareApi_JN516x.a(AHI_Timer.o)
 .rodata.au32UartAddrOffset
                0x00080e04        0x8 /cygdrive/c/TWESDK/516x/Components/Library/libHardwareApi_JN516x.a(AHI_Uart.o)
                0x00080e04                _au32UartAddrOffset
 .rodata.au8dataSizeTable
                0x00080e0c        0xd /cygdrive/c/TWESDK/516x/Components/Library/libAes_JN516x.a(AEScoprocessorAPI.o)
                0x00080e0c                _au8dataSizeTable

.text           0x00080e1c    0x10e90
 *(.text*)
 .text.cbToCoNet_vTxEvent
                0x00080e1c        0x3 objs_JN5164_ToCoStick/Parent.o
                0x00080e1c                _cbToCoNet_vTxEvent
 .text.cbToCoNet_u8HwInt
                0x00080e1f        0x5 objs_JN5164_ToCoStick/Parent.o
                0x00080e1f                _cbToCoNet_u8HwInt
 .text.vSerOutput_Uart
                0x00080e24      0x24e objs_JN5164_ToCoStick/Parent.o
                0x00080e24                _vSerOutput_Uart
 .text.vLED_Toggle
                0x00081072       0x59 objs_JN5164_ToCoStick/Parent.o
                0x00081072                _vLED_Toggle
 .text.cbToCoNet_vHwEvent
                0x000810cb       0x39 objs_JN5164_ToCoStick/Parent.o
                0x000810cb                _cbToCoNet_vHwEvent
 .text.vProcessSerialCmd
                0x00081104       0xa4 objs_JN5164_ToCoStick/Parent.o
                0x00081104                _vProcessSerialCmd
 .text.vSerOutput_Secondary
                0x000811a8       0x5f objs_JN5164_ToCoStick/Parent.o
                0x000811a8                _vSerOutput_Secondary
 .text.vSerOutput_SmplTag3
                0x00081207      0x619 objs_JN5164_ToCoStick/Parent.o
                0x00081207                _vSerOutput_SmplTag3
 .text.vSerOutput_Standard
                0x00081820      0x4eb objs_JN5164_ToCoStick/Parent.o
                0x00081820                _vSerOutput_Standard
 .text.vSerInitMessage
                0x00081d0b      0x112 objs_JN5164_ToCoStick/Parent.o
                0x00081d0b                _vSerInitMessage
 .text.cbToCoNet_vRxEvent
                0x00081e1d      0x133 objs_JN5164_ToCoStick/Parent.o
                0x00081e1d                _cbToCoNet_vRxEvent
 .text.cbToCoNet_vNwkEvent
                0x00081f50       0x16 objs_JN5164_ToCoStick/Parent.o
                0x00081f50                _cbToCoNet_vNwkEvent
 .text.vProcessEvCore
                0x00081f66      0x1de objs_JN5164_ToCoStick/Parent.o
 .text.cbToCoNet_vMain
                0x00082144        0x6 objs_JN5164_ToCoStick/Parent.o
                0x00082144                _cbToCoNet_vMain
 .text.vSerialInit
                0x0008214a       0x76 objs_JN5164_ToCoStick/Parent.o
 .text.cbAppColdStart
                0x000821c0      0x1bb objs_JN5164_ToCoStick/Parent.o
                0x000821c0                _cbAppColdStart
 .text.cbAppWarmStart
                0x0008237b        0x6 objs_JN5164_ToCoStick/Parent.o
                0x0008237b                _cbAppWarmStart
 .text.bRegAesKey
                0x00082381       0x3e objs_JN5164_ToCoStick/common.o
                0x00082381                _bRegAesKey
 .text.bFlash_Erase
                0x000823bf       0x38 objs_JN5164_ToCoStick/flash.o
                0x000823bf                _bFlash_Erase
 .text.bFlash_Write
                0x000823f7       0x35 objs_JN5164_ToCoStick/flash.o
                0x000823f7                _bFlash_Write
 .text.bFlash_Read
                0x0008242c       0x49 objs_JN5164_ToCoStick/flash.o
                0x0008242c                _bFlash_Read
 .text.ADDRKEYA_bFind
                0x00082475       0x49 objs_JN5164_ToCoStick/AddrKeyAry.o
                0x00082475                _ADDRKEYA_bFind
 .text.ADDRKEYA_vAdd
                0x000824be       0x73 objs_JN5164_ToCoStick/AddrKeyAry.o
                0x000824be                _ADDRKEYA_vAdd
 .text.ADDRKEYA_vInit
                0x00082531        0xb objs_JN5164_ToCoStick/AddrKeyAry.o
                0x00082531                _ADDRKEYA_vInit
 .text.INPSTR_vStart
                0x0008253c       0x14 objs_JN5164_ToCoStick/input_string.o
                0x0008253c                _INPSTR_vStart
 .text.INPSTR_u8InputByte
                0x00082550       0xd9 objs_JN5164_ToCoStick/input_string.o
                0x00082550                _INPSTR_u8InputByte
 .text.INPSTR_vInit
                0x00082629       0x18 objs_JN5164_ToCoStick/input_string.o
                0x00082629                _INPSTR_vInit
 .text.Interactive_bGetMode
                0x00082641        0x9 objs_JN5164_ToCoStick/Interactive.o
                0x00082641                _Interactive_bGetMode
 .text.Config_vSetDefaults
                0x0008264a       0x3d objs_JN5164_ToCoStick/Interactive.o
 .text.Config_bLoad
                0x00082687       0x40 objs_JN5164_ToCoStick/Interactive.o
                0x00082687                _Config_bLoad
 .text.vSerPrintUartOpt
                0x000826c7       0x57 objs_JN5164_ToCoStick/Interactive.o
 .text.vSerUpdateScreen
                0x0008271e      0x491 objs_JN5164_ToCoStick/Interactive.o
 .text.vProcessInputByte_Command
                0x00082baf      0x105 objs_JN5164_ToCoStick/Interactive.o
 .text.Interactive_vInit
                0x00082cb4       0xae objs_JN5164_ToCoStick/Interactive.o
                0x00082cb4                _Interactive_vInit
 *fill*         0x00082d62        0x2 00
 .text.vHandleSerialInput
                0x00082d64      0xec0 objs_JN5164_ToCoStick/Interactive.o
                0x00082d64                _vHandleSerialInput
 .text.SerCmdAscii_u8Parse
                0x00083c24      0x12e objs_JN5164_ToCoStick/sercmd_ascii.o
                0x00083c24                _SerCmdAscii_u8Parse
 .text.vPutByte
                0x00083d52       0x43 objs_JN5164_ToCoStick/sercmd_ascii.o
 .text.SerCmdAscii_Output
                0x00083d95       0x67 objs_JN5164_ToCoStick/sercmd_ascii.o
 .text.SerCmdAscii_vInit
                0x00083dfc       0x2f objs_JN5164_ToCoStick/sercmd_ascii.o
                0x00083dfc                _SerCmdAscii_vInit
 .text.SerCmdPlus3_u8Parse
                0x00083e2b       0xaa objs_JN5164_ToCoStick/sercmd_plus3.o
                0x00083e2b                _SerCmdPlus3_u8Parse
 *fill*         0x00083ed5        0x3 00
 .text.SerCmdBinary_u8Parse
                0x00083ed8      0x114 objs_JN5164_ToCoStick/sercmd_binary.o
 .text.SerCmdBinary_Output
                0x00083fec       0x82 objs_JN5164_ToCoStick/sercmd_binary.o
 .text.SerCmdBinary_vInit
                0x0008406e       0x2f objs_JN5164_ToCoStick/sercmd_binary.o
                0x0008406e                _SerCmdBinary_vInit
 .text.PRSEV_u8Register
                0x0008409d       0x32 /cygdrive/c/TWESDK/Wks_ToCoNet/Samp_Monitor/../../Wks_libToCoNet/libToCoNet/lib/libToCoNet_JN5164.a(ToCoNet_event.o)
                0x0008409d                _PRSEV_u8Register
 .text.PRSEV_peGetContext
                0x000840cf       0x2b /cygdrive/c/TWESDK/Wks_ToCoNet/Samp_Monitor/../../Wks_libToCoNet/libToCoNet/lib/libToCoNet_JN5164.a(ToCoNet_event.o)
                0x000840cf                _PRSEV_peGetContext
 .text.PRSEV_peGetContextH
                0x000840fa       0x14 /cygdrive/c/TWESDK/Wks_ToCoNet/Samp_Monitor/../../Wks_libToCoNet/libToCoNet/lib/libToCoNet_JN5164.a(ToCoNet_event.o)
                0x000840fa                _PRSEV_peGetContextH
 .text.PRSEV_vSetStateAll
                0x0008410e       0x3b /cygdrive/c/TWESDK/Wks_ToCoNet/Samp_Monitor/../../Wks_libToCoNet/libToCoNet/lib/libToCoNet_JN5164.a(ToCoNet_event.o)
                0x0008410e                _PRSEV_vSetStateAll
 .text.PRSEV_vSetState
                0x00084149       0x10 /cygdrive/c/TWESDK/Wks_ToCoNet/Samp_Monitor/../../Wks_libToCoNet/libToCoNet/lib/libToCoNet_JN5164.a(ToCoNet_event.o)
                0x00084149                _PRSEV_vSetState
 .text.PRSEV_vProcessEv_core
                0x00084159       0x8f /cygdrive/c/TWESDK/Wks_ToCoNet/Samp_Monitor/../../Wks_libToCoNet/libToCoNet/lib/libToCoNet_JN5164.a(ToCoNet_event.o)
 .text.PRSEV_vProcessEvPost
                0x000841e8       0x35 /cygdrive/c/TWESDK/Wks_ToCoNet/Samp_Monitor/../../Wks_libToCoNet/libToCoNet/lib/libToCoNet_JN5164.a(ToCoNet_event.o)
                0x000841e8                _PRSEV_vProcessEvPost
 .text._PRSEV_vProcessEv
                0x0008421d       0x16 /cygdrive/c/TWESDK/Wks_ToCoNet/Samp_Monitor/../../Wks_libToCoNet/libToCoNet/lib/libToCoNet_JN5164.a(ToCoNet_event.o)
                0x0008421d                __PRSEV_vProcessEv
 .text._PRSEV_vProcessEvSingle
                0x00084233       0x14 /cygdrive/c/TWESDK/Wks_ToCoNet/Samp_Monitor/../../Wks_libToCoNet/libToCoNet/lib/libToCoNet_JN5164.a(ToCoNet_event.o)
                0x00084233                __PRSEV_vProcessEvSingle
 .text._PRSEV_vProcessEvSingleH
                0x00084247       0x16 /cygdrive/c/TWESDK/Wks_ToCoNet/Samp_Monitor/../../Wks_libToCoNet/libToCoNet/lib/libToCoNet_JN5164.a(ToCoNet_event.o)
                0x00084247                __PRSEV_vProcessEvSingleH
 .text.PRSEV_eGetState
                0x0008425d       0x18 /cygdrive/c/TWESDK/Wks_ToCoNet/Samp_Monitor/../../Wks_libToCoNet/libToCoNet/lib/libToCoNet_JN5164.a(ToCoNet_event.o)
                0x0008425d                _PRSEV_eGetState
 .text.ToCoNet_Event_StateExec
                0x00084275       0x31 /cygdrive/c/TWESDK/Wks_ToCoNet/Samp_Monitor/../../Wks_libToCoNet/libToCoNet/lib/libToCoNet_JN5164.a(ToCoNet_event.o)
                0x00084275                _ToCoNet_Event_StateExec
 .text.PRSEV_vInit
                0x000842a6       0x4d /cygdrive/c/TWESDK/Wks_ToCoNet/Samp_Monitor/../../Wks_libToCoNet/libToCoNet/lib/libToCoNet_JN5164.a(ToCoNet_event.o)
                0x000842a6                _PRSEV_vInit
 .text.ToCoNet_vDebugInit
                0x000842f3        0x9 /cygdrive/c/TWESDK/Wks_ToCoNet/Samp_Monitor/../../Wks_libToCoNet/libToCoNet/lib/libToCoNet_JN5164.a(ToCoNet_main.o)
                0x000842f3                _ToCoNet_vDebugInit
 .text.ToCoNet_vDebugLevel
                0x000842fc        0x9 /cygdrive/c/TWESDK/Wks_ToCoNet/Samp_Monitor/../../Wks_libToCoNet/libToCoNet/lib/libToCoNet_JN5164.a(ToCoNet_main.o)
                0x000842fc                _ToCoNet_vDebugLevel
 .text._ToCoNet_bRaisePanic
                0x00084305       0x3b /cygdrive/c/TWESDK/Wks_ToCoNet/Samp_Monitor/../../Wks_libToCoNet/libToCoNet/lib/libToCoNet_JN5164.a(ToCoNet_main.o)
                0x00084305                __ToCoNet_bRaisePanic
 .text.ToCoNet_bRegisterAesKey
                0x00084340       0x1a /cygdrive/c/TWESDK/Wks_ToCoNet/Samp_Monitor/../../Wks_libToCoNet/libToCoNet/lib/libToCoNet_JN5164.a(ToCoNet_main.o)
                0x00084340                _ToCoNet_bRegisterAesKey
 .text.ToCoNet_vMain
                0x0008435a      0x26c /cygdrive/c/TWESDK/Wks_ToCoNet/Samp_Monitor/../../Wks_libToCoNet/libToCoNet/lib/libToCoNet_JN5164.a(ToCoNet_main.o)
                0x0008435a                _ToCoNet_vMain
 .text.vProcessEvCoreMac
                0x000845c6       0x7a /cygdrive/c/TWESDK/Wks_ToCoNet/Samp_Monitor/../../Wks_libToCoNet/libToCoNet/lib/libToCoNet_JN5164.a(ToCoNet_main.o)
                0x000845c6                _vProcessEvCoreMac
 .text.ToCoNet_vStart
                0x00084640      0x3e2 /cygdrive/c/TWESDK/Wks_ToCoNet/Samp_Monitor/../../Wks_libToCoNet/libToCoNet/lib/libToCoNet_JN5164.a(ToCoNet_main.o)
                0x00084640                _ToCoNet_vStart
 .text.ToCoNet_vInit
                0x00084a22      0x135 /cygdrive/c/TWESDK/Wks_ToCoNet/Samp_Monitor/../../Wks_libToCoNet/libToCoNet/lib/libToCoNet_JN5164.a(ToCoNet_main.o)
                0x00084a22                _ToCoNet_vInit
 .text.u8HwEventHandler
                0x00084b57       0x27 /cygdrive/c/TWESDK/Wks_ToCoNet/Samp_Monitor/../../Wks_libToCoNet/libToCoNet/lib/libToCoNet_JN5164.a(ToCoNet_main.o)
 .text.ToCoNet_u32GetVersion
                0x00084b7e       0x21 /cygdrive/c/TWESDK/Wks_ToCoNet/Samp_Monitor/../../Wks_libToCoNet/libToCoNet/lib/libToCoNet_JN5164.a(ToCoNet_utils.o)
                0x00084b7e                _ToCoNet_u32GetVersion
 .text.ToCoNet_u32GetVersion_LibEx
                0x00084b9f       0x21 /cygdrive/c/TWESDK/Wks_ToCoNet/Samp_Monitor/../../Wks_libToCoNet/libToCoNet/lib/libToCoNet_JN5164.a(ToCoNet_utils.o)
                0x00084b9f                _ToCoNet_u32GetVersion_LibEx
 .text.ToCoNet_u32GetVersion_LibUtils
                0x00084bc0       0x21 /cygdrive/c/TWESDK/Wks_ToCoNet/Samp_Monitor/../../Wks_libToCoNet/libToCoNet/lib/libToCoNet_JN5164.a(ToCoNet_utils.o)
                0x00084bc0                _ToCoNet_u32GetVersion_LibUtils
 .text.ToCoNet_u16GetPanId
                0x00084be1        0x9 /cygdrive/c/TWESDK/Wks_ToCoNet/Samp_Monitor/../../Wks_libToCoNet/libToCoNet/lib/libToCoNet_JN5164.a(ToCoNet_utils.o)
                0x00084be1                _ToCoNet_u16GetPanId
 .text.ToCoNet_u32GetSerial
                0x00084bea        0x9 /cygdrive/c/TWESDK/Wks_ToCoNet/Samp_Monitor/../../Wks_libToCoNet/libToCoNet/lib/libToCoNet_JN5164.a(ToCoNet_utils.o)
                0x00084bea                _ToCoNet_u32GetSerial
 .text.ToCoNet_u32GetRand
                0x00084bf3       0x65 /cygdrive/c/TWESDK/Wks_ToCoNet/Samp_Monitor/../../Wks_libToCoNet/libToCoNet/lib/libToCoNet_JN5164.a(ToCoNet_utils.o)
                0x00084bf3                _ToCoNet_u32GetRand
 .text.ToCoNet_vReg_mod_Tx_Standard
                0x00084c58       0x1d /cygdrive/c/TWESDK/Wks_ToCoNet/Samp_Monitor/../../Wks_libToCoNet/libToCoNet/lib/libToCoNet_JN5164.a(ToCoNet_mod_Tx.o)
                0x00084c58                _ToCoNet_vReg_mod_Tx_Standard
 .text.vProcessEvCoreTx
                0x00084c75       0x67 /cygdrive/c/TWESDK/Wks_ToCoNet/Samp_Monitor/../../Wks_libToCoNet/libToCoNet/lib/libToCoNet_JN5164.a(ToCoNet_mod_Tx.o)
 .text.vHnd_E_STATE_FINISH_TX_SUCCESS
                0x00084cdc       0x9b /cygdrive/c/TWESDK/Wks_ToCoNet/Samp_Monitor/../../Wks_libToCoNet/libToCoNet/lib/libToCoNet_JN5164.a(ToCoNet_mod_Tx.o)
 .text.vHnd_E_STATE_WAIT_TX
                0x00084d77       0x71 /cygdrive/c/TWESDK/Wks_ToCoNet/Samp_Monitor/../../Wks_libToCoNet/libToCoNet/lib/libToCoNet_JN5164.a(ToCoNet_mod_Tx.o)
 .text.vHnd_E_STATE_PREPARE_TX
                0x00084de8      0x160 /cygdrive/c/TWESDK/Wks_ToCoNet/Samp_Monitor/../../Wks_libToCoNet/libToCoNet/lib/libToCoNet_JN5164.a(ToCoNet_mod_Tx.o)
 .text.vHnd_E_STATE_IDLE
                0x00084f48       0x49 /cygdrive/c/TWESDK/Wks_ToCoNet/Samp_Monitor/../../Wks_libToCoNet/libToCoNet/lib/libToCoNet_JN5164.a(ToCoNet_mod_Tx.o)
 .text.vHnd_E_STATE_RUNNING
                0x00084f91      0x202 /cygdrive/c/TWESDK/Wks_ToCoNet/Samp_Monitor/../../Wks_libToCoNet/libToCoNet/lib/libToCoNet_JN5164.a(ToCoNet_mod_Tx.o)
 .text.vHnd_E_STATE_FINISH_TX_FAIL
                0x00085193       0xc2 /cygdrive/c/TWESDK/Wks_ToCoNet/Samp_Monitor/../../Wks_libToCoNet/libToCoNet/lib/libToCoNet_JN5164.a(ToCoNet_mod_Tx.o)
 .text.ToCoNet_vReg_mod_NbScan
                0x00085255       0x20 /cygdrive/c/TWESDK/Wks_ToCoNet/Samp_Monitor/../../Wks_libToCoNet/libToCoNet/lib/libToCoNet_JN5164.a(ToCoNet_mod_NbScan.o)
                0x00085255                _ToCoNet_vReg_mod_NbScan
 .text.iNbScCompare
                0x00085275       0x25 /cygdrive/c/TWESDK/Wks_ToCoNet/Samp_Monitor/../../Wks_libToCoNet/libToCoNet/lib/libToCoNet_JN5164.a(ToCoNet_mod_NbScan.o)
 .text.vSetEnt  0x0008529a       0x4e /cygdrive/c/TWESDK/Wks_ToCoNet/Samp_Monitor/../../Wks_libToCoNet/libToCoNet/lib/libToCoNet_JN5164.a(ToCoNet_mod_NbScan.o)
 .text.ToCoNet_bNeighbourScanStartCore
                0x000852e8       0x96 /cygdrive/c/TWESDK/Wks_ToCoNet/Samp_Monitor/../../Wks_libToCoNet/libToCoNet/lib/libToCoNet_JN5164.a(ToCoNet_mod_NbScan.o)
 .text.ToCoNet_NbScan_bStartToFindRole
                0x0008537e       0x37 /cygdrive/c/TWESDK/Wks_ToCoNet/Samp_Monitor/../../Wks_libToCoNet/libToCoNet/lib/libToCoNet_JN5164.a(ToCoNet_mod_NbScan.o)
                0x0008537e                _ToCoNet_NbScan_bStartToFindRole
 .text.ToCoNet_NbScan_bStartToFindAddrCb
                0x000853b5       0x52 /cygdrive/c/TWESDK/Wks_ToCoNet/Samp_Monitor/../../Wks_libToCoNet/libToCoNet/lib/libToCoNet_JN5164.a(ToCoNet_mod_NbScan.o)
                0x000853b5                _ToCoNet_NbScan_bStartToFindAddrCb
 .text.vProcessEvModNeighbourScan
                0x00085407       0x4d /cygdrive/c/TWESDK/Wks_ToCoNet/Samp_Monitor/../../Wks_libToCoNet/libToCoNet/lib/libToCoNet_JN5164.a(ToCoNet_mod_NbScan.o)
 .text.vHnd_E_STATE_IDLE
                0x00085454       0x2f /cygdrive/c/TWESDK/Wks_ToCoNet/Samp_Monitor/../../Wks_libToCoNet/libToCoNet/lib/libToCoNet_JN5164.a(ToCoNet_mod_NbScan.o)
 .text.vHnd_E_STATE_FINISHED
                0x00085483       0xa5 /cygdrive/c/TWESDK/Wks_ToCoNet/Samp_Monitor/../../Wks_libToCoNet/libToCoNet/lib/libToCoNet_JN5164.a(ToCoNet_mod_NbScan.o)
 .text.vHnd_E_STATE_WAIT_COMMAND
                0x00085528      0x347 /cygdrive/c/TWESDK/Wks_ToCoNet/Samp_Monitor/../../Wks_libToCoNet/libToCoNet/lib/libToCoNet_JN5164.a(ToCoNet_mod_NbScan.o)
 .text.vHnd_E_STATE_SCANNING
                0x0008586f       0xa2 /cygdrive/c/TWESDK/Wks_ToCoNet/Samp_Monitor/../../Wks_libToCoNet/libToCoNet/lib/libToCoNet_JN5164.a(ToCoNet_mod_NbScan.o)
 .text.vHnd_E_STATE_SCANNING_INIT
                0x00085911       0x6e /cygdrive/c/TWESDK/Wks_ToCoNet/Samp_Monitor/../../Wks_libToCoNet/libToCoNet/lib/libToCoNet_JN5164.a(ToCoNet_mod_NbScan.o)
 .text.RepondList_bFind
                0x0008597f       0x4b /cygdrive/c/TWESDK/Wks_ToCoNet/Samp_Monitor/../../Wks_libToCoNet/libToCoNet/lib/libToCoNet_JN5164.a(ToCoNet_mod_NbScan_Slave.o)
 .text.ToCoNet_vReg_mod_NbScan_Slave
                0x000859ca       0x45 /cygdrive/c/TWESDK/Wks_ToCoNet/Samp_Monitor/../../Wks_libToCoNet/libToCoNet/lib/libToCoNet_JN5164.a(ToCoNet_mod_NbScan_Slave.o)
                0x000859ca                _ToCoNet_vReg_mod_NbScan_Slave
 .text.vTransmit
                0x00085a0f      0x177 /cygdrive/c/TWESDK/Wks_ToCoNet/Samp_Monitor/../../Wks_libToCoNet/libToCoNet/lib/libToCoNet_JN5164.a(ToCoNet_mod_NbScan_Slave.o)
 .text.vProcessEvModNeighbourScanSlave
                0x00085b86      0x164 /cygdrive/c/TWESDK/Wks_ToCoNet/Samp_Monitor/../../Wks_libToCoNet/libToCoNet/lib/libToCoNet_JN5164.a(ToCoNet_mod_NbScan_Slave.o)
 .text.ToCoNet_vReg_mod_TxRxQueueMid
                0x00085cea       0x84 /cygdrive/c/TWESDK/Wks_ToCoNet/Samp_Monitor/../../Wks_libToCoNet/libToCoNet/lib/libToCoNet_JN5164.a(ToCoNet_mod_TxRxQueue.o)
                0x00085cea                _ToCoNet_vReg_mod_TxRxQueueMid
 .text.ToCoNet_vRxProc_App
                0x00085d6e       0x81 /cygdrive/c/TWESDK/Wks_ToCoNet/Samp_Monitor/../../Wks_libToCoNet/libToCoNet/lib/libToCoNet_JN5164.a(ToCoNet_mod_Nwk_Common.o)
                0x00085d6e                _ToCoNet_vRxProc_App
 .text.ToCoNet_vRxProc_Mod
                0x00085def       0x49 /cygdrive/c/TWESDK/Wks_ToCoNet/Samp_Monitor/../../Wks_libToCoNet/libToCoNet/lib/libToCoNet_JN5164.a(ToCoNet_mod_Nwk_Common.o)
                0x00085def                _ToCoNet_vRxProc_Mod
 .text.u32GenRouteCtlInfo
                0x00085e38       0x24 /cygdrive/c/TWESDK/Wks_ToCoNet/Samp_Monitor/../../Wks_libToCoNet/libToCoNet/lib/libToCoNet_JN5164.a(ToCoNet_mod_Nwk_LayerTree.o)
 .text.DupPkt_bAdd
                0x00085e5c       0x70 /cygdrive/c/TWESDK/Wks_ToCoNet/Samp_Monitor/../../Wks_libToCoNet/libToCoNet/lib/libToCoNet_JN5164.a(ToCoNet_mod_Nwk_LayerTree.o)
 .text.u8UpdateXOR
                0x00085ecc       0x16 /cygdrive/c/TWESDK/Wks_ToCoNet/Samp_Monitor/../../Wks_libToCoNet/libToCoNet/lib/libToCoNet_JN5164.a(ToCoNet_mod_Nwk_LayerTree.o)
 .text.vHnd_E_STATE_DISCONNECT
                0x00085ee2       0x27 /cygdrive/c/TWESDK/Wks_ToCoNet/Samp_Monitor/../../Wks_libToCoNet/libToCoNet/lib/libToCoNet_JN5164.a(ToCoNet_mod_Nwk_LayerTree.o)
 .text.vHnd_E_STATE_LOCATING
                0x00085f09      0x14a /cygdrive/c/TWESDK/Wks_ToCoNet/Samp_Monitor/../../Wks_libToCoNet/libToCoNet/lib/libToCoNet_JN5164.a(ToCoNet_mod_Nwk_LayerTree.o)
 .text.vHnd_E_STATE_SCANNING
                0x00086053      0x246 /cygdrive/c/TWESDK/Wks_ToCoNet/Samp_Monitor/../../Wks_libToCoNet/libToCoNet/lib/libToCoNet_JN5164.a(ToCoNet_mod_Nwk_LayerTree.o)
 .text.ToCoNet_NwkLyTr_psConfig
                0x00086299      0x219 /cygdrive/c/TWESDK/Wks_ToCoNet/Samp_Monitor/../../Wks_libToCoNet/libToCoNet/lib/libToCoNet_JN5164.a(ToCoNet_mod_Nwk_LayerTree.o)
                0x00086299                _ToCoNet_NwkLyTr_psConfig
 .text.ToCoNet_vReg_mod_Nwk_LayerTree
                0x000864b2       0x45 /cygdrive/c/TWESDK/Wks_ToCoNet/Samp_Monitor/../../Wks_libToCoNet/libToCoNet/lib/libToCoNet_JN5164.a(ToCoNet_mod_Nwk_LayerTree.o)
                0x000864b2                _ToCoNet_vReg_mod_Nwk_LayerTree
 .text.DupPkt_vInit
                0x000864f7       0x1b /cygdrive/c/TWESDK/Wks_ToCoNet/Samp_Monitor/../../Wks_libToCoNet/libToCoNet/lib/libToCoNet_JN5164.a(ToCoNet_mod_Nwk_LayerTree.o)
 .text.vHnd_E_STATE_RUNNING
                0x00086512       0xc2 /cygdrive/c/TWESDK/Wks_ToCoNet/Samp_Monitor/../../Wks_libToCoNet/libToCoNet/lib/libToCoNet_JN5164.a(ToCoNet_mod_Nwk_LayerTree.o)
 .text.bTxReq   0x000865d4      0x248 /cygdrive/c/TWESDK/Wks_ToCoNet/Samp_Monitor/../../Wks_libToCoNet/libToCoNet/lib/libToCoNet_JN5164.a(ToCoNet_mod_Nwk_LayerTree.o)
 .text.ToCoNet_bNwk_Pause_LayerTree
                0x0008681c       0x78 /cygdrive/c/TWESDK/Wks_ToCoNet/Samp_Monitor/../../Wks_libToCoNet/libToCoNet/lib/libToCoNet_JN5164.a(ToCoNet_mod_Nwk_LayerTree.o)
 .text.vProcessEvCoreNwkLayerTree
                0x00086894      0x5ce /cygdrive/c/TWESDK/Wks_ToCoNet/Samp_Monitor/../../Wks_libToCoNet/libToCoNet/lib/libToCoNet_JN5164.a(ToCoNet_mod_Nwk_LayerTree.o)
                0x00086894                _vProcessEvCoreNwkLayerTree
 .text.ToCoNet_bNwk_Start_LayerTree
                0x00086e62       0x8f /cygdrive/c/TWESDK/Wks_ToCoNet/Samp_Monitor/../../Wks_libToCoNet/libToCoNet/lib/libToCoNet_JN5164.a(ToCoNet_mod_Nwk_LayerTree.o)
 .text.ToCoNet_bNwk_Resume_LayerTree
                0x00086ef1       0x6f /cygdrive/c/TWESDK/Wks_ToCoNet/Samp_Monitor/../../Wks_libToCoNet/libToCoNet/lib/libToCoNet_JN5164.a(ToCoNet_mod_Nwk_LayerTree.o)
 .text.ToCoNet_bNwk_Init_LayerTree
                0x00086f60       0x3b /cygdrive/c/TWESDK/Wks_ToCoNet/Samp_Monitor/../../Wks_libToCoNet/libToCoNet/lib/libToCoNet_JN5164.a(ToCoNet_mod_Nwk_LayerTree.o)
 .text.ToCoNet_bNwk_Stop_LayerTree
                0x00086f9b       0x67 /cygdrive/c/TWESDK/Wks_ToCoNet/Samp_Monitor/../../Wks_libToCoNet/libToCoNet/lib/libToCoNet_JN5164.a(ToCoNet_mod_Nwk_LayerTree.o)
 .text.vHnd_E_STATE_PAUSE
                0x00087002       0x6a /cygdrive/c/TWESDK/Wks_ToCoNet/Samp_Monitor/../../Wks_libToCoNet/libToCoNet/lib/libToCoNet_JN5164.a(ToCoNet_mod_Nwk_LayerTree.o)
 .text.vHnd_E_STATE_IDLE
                0x0008706c      0x101 /cygdrive/c/TWESDK/Wks_ToCoNet/Samp_Monitor/../../Wks_libToCoNet/libToCoNet/lib/libToCoNet_JN5164.a(ToCoNet_mod_Nwk_LayerTree.o)
 .text.ToCoNet_ChMgr_bCh_Reconfig
                0x0008716d       0x68 /cygdrive/c/TWESDK/Wks_ToCoNet/Samp_Monitor/../../Wks_libToCoNet/libToCoNet/lib/libToCoNet_JN5164.a(ToCoNet_mod_Channel_Mgr.o)
                0x0008716d                _ToCoNet_ChMgr_bCh_Reconfig
 .text.ToCoNet_ChMgr_vCh_TxFin
                0x000871d5       0x30 /cygdrive/c/TWESDK/Wks_ToCoNet/Samp_Monitor/../../Wks_libToCoNet/libToCoNet/lib/libToCoNet_JN5164.a(ToCoNet_mod_Channel_Mgr.o)
                0x000871d5                _ToCoNet_ChMgr_vCh_TxFin
 .text.ToCoNet_ChMgr_vCh_Release
                0x00087205       0x24 /cygdrive/c/TWESDK/Wks_ToCoNet/Samp_Monitor/../../Wks_libToCoNet/libToCoNet/lib/libToCoNet_JN5164.a(ToCoNet_mod_Channel_Mgr.o)
                0x00087205                _ToCoNet_ChMgr_vCh_Release
 .text.ToCoNet_ChMgr_bCh_Hold
                0x00087229       0x36 /cygdrive/c/TWESDK/Wks_ToCoNet/Samp_Monitor/../../Wks_libToCoNet/libToCoNet/lib/libToCoNet_JN5164.a(ToCoNet_mod_Channel_Mgr.o)
                0x00087229                _ToCoNet_ChMgr_bCh_Hold
 .text.ToCoNet_ChMgr_bCh_Change
                0x0008725f       0x28 /cygdrive/c/TWESDK/Wks_ToCoNet/Samp_Monitor/../../Wks_libToCoNet/libToCoNet/lib/libToCoNet_JN5164.a(ToCoNet_mod_Channel_Mgr.o)
                0x0008725f                _ToCoNet_ChMgr_bCh_Change
 .text.ToCoNet_ChMgr_bCh_OnTx
                0x00087287       0x6d /cygdrive/c/TWESDK/Wks_ToCoNet/Samp_Monitor/../../Wks_libToCoNet/libToCoNet/lib/libToCoNet_JN5164.a(ToCoNet_mod_Channel_Mgr.o)
                0x00087287                _ToCoNet_ChMgr_bCh_OnTx
 .text.vHnd_E_STATE_RUNNING
                0x000872f4        0x3 /cygdrive/c/TWESDK/Wks_ToCoNet/Samp_Monitor/../../Wks_libToCoNet/libToCoNet/lib/libToCoNet_JN5164.a(ToCoNet_mod_Nwk_MessagePool.o)
 .text.ToCoNet_MsgPl_bRequest_w_Payload_to_Parenet
                0x000872f7       0xe7 /cygdrive/c/TWESDK/Wks_ToCoNet/Samp_Monitor/../../Wks_libToCoNet/libToCoNet/lib/libToCoNet_JN5164.a(ToCoNet_mod_Nwk_MessagePool.o)
                0x000872f7                _ToCoNet_MsgPl_bRequest_w_Payload_to_Parenet
 .text.ToCoNet_MsgPl_vConfig
                0x000873de       0x12 /cygdrive/c/TWESDK/Wks_ToCoNet/Samp_Monitor/../../Wks_libToCoNet/libToCoNet/lib/libToCoNet_JN5164.a(ToCoNet_mod_Nwk_MessagePool.o)
                0x000873de                _ToCoNet_MsgPl_vConfig
 .text.ToCoNet_vReg_mod_Nwk_MessagePool
                0x000873f0       0x3d /cygdrive/c/TWESDK/Wks_ToCoNet/Samp_Monitor/../../Wks_libToCoNet/libToCoNet/lib/libToCoNet_JN5164.a(ToCoNet_mod_Nwk_MessagePool.o)
                0x000873f0                _ToCoNet_vReg_mod_Nwk_MessagePool
 .text.vHnd_E_STATE_IDLE
                0x0008742d        0x8 /cygdrive/c/TWESDK/Wks_ToCoNet/Samp_Monitor/../../Wks_libToCoNet/libToCoNet/lib/libToCoNet_JN5164.a(ToCoNet_mod_Nwk_MessagePool.o)
 .text.ToCoNet_MsgPl_bSetMessage
                0x00087435      0x105 /cygdrive/c/TWESDK/Wks_ToCoNet/Samp_Monitor/../../Wks_libToCoNet/libToCoNet/lib/libToCoNet_JN5164.a(ToCoNet_mod_Nwk_MessagePool.o)
                0x00087435                _ToCoNet_MsgPl_bSetMessage
 .text.vProcessEvCoreMessagePool
                0x0008753a      0x267 /cygdrive/c/TWESDK/Wks_ToCoNet/Samp_Monitor/../../Wks_libToCoNet/libToCoNet/lib/libToCoNet_JN5164.a(ToCoNet_mod_Nwk_MessagePool.o)
 .text.ToCoNet_DupChk_bAdd_E
                0x000877a1       0x82 /cygdrive/c/TWESDK/Wks_ToCoNet/Samp_Monitor/../../Wks_libToCoNet/libToCoNet/lib/libToCoNet_JN5164.a(ToCoNet_mod_DuplicateChecker.o)
                0x000877a1                _ToCoNet_DupChk_bAdd_E
 .text.ToCoNet_DupChk_u8Clean_E
                0x00087823       0x44 /cygdrive/c/TWESDK/Wks_ToCoNet/Samp_Monitor/../../Wks_libToCoNet/libToCoNet/lib/libToCoNet_JN5164.a(ToCoNet_mod_DuplicateChecker.o)
                0x00087823                _ToCoNet_DupChk_u8Clean_E
 .text.ToCoNet_DupChk_vClean
                0x00087867       0x4e /cygdrive/c/TWESDK/Wks_ToCoNet/Samp_Monitor/../../Wks_libToCoNet/libToCoNet/lib/libToCoNet_JN5164.a(ToCoNet_mod_DuplicateChecker.o)
                0x00087867                _ToCoNet_DupChk_vClean
 .text.ToCoNet_DupChk_vInit_E
                0x000878b5       0x15 /cygdrive/c/TWESDK/Wks_ToCoNet/Samp_Monitor/../../Wks_libToCoNet/libToCoNet/lib/libToCoNet_JN5164.a(ToCoNet_mod_DuplicateChecker.o)
                0x000878b5                _ToCoNet_DupChk_vInit_E
 .text.ToCoNet_DupChk_bAdd
                0x000878ca      0x1e6 /cygdrive/c/TWESDK/Wks_ToCoNet/Samp_Monitor/../../Wks_libToCoNet/libToCoNet/lib/libToCoNet_JN5164.a(ToCoNet_mod_DuplicateChecker.o)
                0x000878ca                _ToCoNet_DupChk_bAdd
 .text._ToCoNet_DupChk_psInit
                0x00087ab0       0x8d /cygdrive/c/TWESDK/Wks_ToCoNet/Samp_Monitor/../../Wks_libToCoNet/libToCoNet/lib/libToCoNet_JN5164.a(ToCoNet_mod_DuplicateChecker.o)
                0x00087ab0                __ToCoNet_DupChk_psInit
 .text.ToCoNet_vReg_mod_DupChk
                0x00087b3d       0x2d /cygdrive/c/TWESDK/Wks_ToCoNet/Samp_Monitor/../../Wks_libToCoNet/libToCoNet/lib/libToCoNet_JN5164.a(ToCoNet_mod_DuplicateChecker.o)
                0x00087b3d                _ToCoNet_vReg_mod_DupChk
 .text.vFifoInit
                0x00087b6a       0x14 /cygdrive/c/TWESDK/Wks_ToCoNet/Samp_Monitor/../../Wks_libToCoNet/libToCoNet/lib/libToCoNet_JN5164.a(AppQueueApi_ToCoNet.o)
 .text.pvFifoPull
                0x00087b7e       0x23 /cygdrive/c/TWESDK/Wks_ToCoNet/Samp_Monitor/../../Wks_libToCoNet/libToCoNet/lib/libToCoNet_JN5164.a(AppQueueApi_ToCoNet.o)
 .text.psAppQApiGetMcpsBuffer
                0x00087ba1        0xc /cygdrive/c/TWESDK/Wks_ToCoNet/Samp_Monitor/../../Wks_libToCoNet/libToCoNet/lib/libToCoNet_JN5164.a(AppQueueApi_ToCoNet.o)
 .text.psAppQApiGetMlmeBuffer
                0x00087bad        0xc /cygdrive/c/TWESDK/Wks_ToCoNet/Samp_Monitor/../../Wks_libToCoNet/libToCoNet/lib/libToCoNet_JN5164.a(AppQueueApi_ToCoNet.o)
 .text.psAppQApiReadHwIndT
                0x00087bb9        0xc /cygdrive/c/TWESDK/Wks_ToCoNet/Samp_Monitor/../../Wks_libToCoNet/libToCoNet/lib/libToCoNet_JN5164.a(AppQueueApi_ToCoNet.o)
                0x00087bb9                _psAppQApiReadHwIndT
 .text.psAppQApiReadMcpsIndT
                0x00087bc5        0xc /cygdrive/c/TWESDK/Wks_ToCoNet/Samp_Monitor/../../Wks_libToCoNet/libToCoNet/lib/libToCoNet_JN5164.a(AppQueueApi_ToCoNet.o)
                0x00087bc5                _psAppQApiReadMcpsIndT
 .text.psAppQApiReadMlmeIndT
                0x00087bd1        0xc /cygdrive/c/TWESDK/Wks_ToCoNet/Samp_Monitor/../../Wks_libToCoNet/libToCoNet/lib/libToCoNet_JN5164.a(AppQueueApi_ToCoNet.o)
                0x00087bd1                _psAppQApiReadMlmeIndT
 .text.bFifoPush
                0x00087bdd       0x28 /cygdrive/c/TWESDK/Wks_ToCoNet/Samp_Monitor/../../Wks_libToCoNet/libToCoNet/lib/libToCoNet_JN5164.a(AppQueueApi_ToCoNet.o)
 .text.vAppQApiPostMcps
                0x00087c05       0x1e /cygdrive/c/TWESDK/Wks_ToCoNet/Samp_Monitor/../../Wks_libToCoNet/libToCoNet/lib/libToCoNet_JN5164.a(AppQueueApi_ToCoNet.o)
 .text.vAppQApiPostMlme
                0x00087c23       0x22 /cygdrive/c/TWESDK/Wks_ToCoNet/Samp_Monitor/../../Wks_libToCoNet/libToCoNet/lib/libToCoNet_JN5164.a(AppQueueApi_ToCoNet.o)
 .text.vAppQApiReturnHwIndBufferT
                0x00087c45        0xe /cygdrive/c/TWESDK/Wks_ToCoNet/Samp_Monitor/../../Wks_libToCoNet/libToCoNet/lib/libToCoNet_JN5164.a(AppQueueApi_ToCoNet.o)
                0x00087c45                _vAppQApiReturnHwIndBufferT
 .text.vAppQApiReturnMcpsIndBufferT
                0x00087c53        0xe /cygdrive/c/TWESDK/Wks_ToCoNet/Samp_Monitor/../../Wks_libToCoNet/libToCoNet/lib/libToCoNet_JN5164.a(AppQueueApi_ToCoNet.o)
                0x00087c53                _vAppQApiReturnMcpsIndBufferT
 .text.vAppQApiReturnMlmeIndBufferT
                0x00087c61        0xe /cygdrive/c/TWESDK/Wks_ToCoNet/Samp_Monitor/../../Wks_libToCoNet/libToCoNet/lib/libToCoNet_JN5164.a(AppQueueApi_ToCoNet.o)
                0x00087c61                _vAppQApiReturnMlmeIndBufferT
 .text.u32AppQApiInitT
                0x00087c6f      0x18f /cygdrive/c/TWESDK/Wks_ToCoNet/Samp_Monitor/../../Wks_libToCoNet/libToCoNet/lib/libToCoNet_JN5164.a(AppQueueApi_ToCoNet.o)
                0x00087c6f                _u32AppQApiInitT
 .text.vAppQApiPostHwIntT
                0x00087dfe       0x6e /cygdrive/c/TWESDK/Wks_ToCoNet/Samp_Monitor/../../Wks_libToCoNet/libToCoNet/lib/libToCoNet_JN5164.a(AppQueueApi_ToCoNet.o)
 .text.u32AppQApiInitNetwork
                0x00087e6c       0x22 /cygdrive/c/TWESDK/Wks_ToCoNet/Samp_Monitor/../../Wks_libToCoNet/libToCoNet/lib/libToCoNet_JN5164.a(AppQueueApi_ToCoNet.o)
                0x00087e6c                _u32AppQApiInitNetwork
 .text._ToCoNet_bRfChChannel
                0x00087e8e       0xaa /cygdrive/c/TWESDK/Wks_ToCoNet/Samp_Monitor/../../Wks_libToCoNet/libToCoNet/lib/libToCoNetExt_JN5164.a(AppStart.o)
                0x00087e8e                __ToCoNet_bRfChChannel
 .text.AppWarmStart
                0x00087f38       0x9d /cygdrive/c/TWESDK/Wks_ToCoNet/Samp_Monitor/../../Wks_libToCoNet/libToCoNet/lib/libToCoNetExt_JN5164.a(AppStart.o)
                0x00087f38                _AppWarmStart
 .text._ToCoNet_vMacInit
                0x00087fd5       0x2c /cygdrive/c/TWESDK/Wks_ToCoNet/Samp_Monitor/../../Wks_libToCoNet/libToCoNet/lib/libToCoNetExt_JN5164.a(AppStart.o)
                0x00087fd5                __ToCoNet_vMacInit
 .text._ToCoNet_vRfConfig
                0x00088001       0xe3 /cygdrive/c/TWESDK/Wks_ToCoNet/Samp_Monitor/../../Wks_libToCoNet/libToCoNet/lib/libToCoNetExt_JN5164.a(AppStart.o)
                0x00088001                __ToCoNet_vRfConfig
 .text.AppColdStart
                0x000880e4      0x4d7 /cygdrive/c/TWESDK/Wks_ToCoNet/Samp_Monitor/../../Wks_libToCoNet/libToCoNet/lib/libToCoNetExt_JN5164.a(AppStart.o)
                0x000880e4                _AppColdStart
 .text.ToCoNet_u32GetSerialOnBoot
                0x000885bb       0x37 /cygdrive/c/TWESDK/Wks_ToCoNet/Samp_Monitor/../../Wks_libToCoNet/libToCoNet/lib/libToCoNetExt_JN5164.a(getMacAddr.o)
                0x000885bb                _ToCoNet_u32GetSerialOnBoot
 .text.Mac_bRxQueueReg
                0x000885f2       0x34 /cygdrive/c/TWESDK/Wks_ToCoNet/Samp_Monitor/../../Wks_libToCoNet/libToCoNet/lib/libToCoNetExt_JN5164.a(mac.o)
                0x000885f2                _Mac_bRxQueueReg
 .text.Mac_vSetHighDataRate
                0x00088626        0x3 /cygdrive/c/TWESDK/Wks_ToCoNet/Samp_Monitor/../../Wks_libToCoNet/libToCoNet/lib/libToCoNetExt_JN5164.a(mac.o)
                0x00088626                _Mac_vSetHighDataRate
 .text.Mac_vSetCCA
                0x00088629       0x32 /cygdrive/c/TWESDK/Wks_ToCoNet/Samp_Monitor/../../Wks_libToCoNet/libToCoNet/lib/libToCoNetExt_JN5164.a(mac.o)
                0x00088629                _Mac_vSetCCA
 .text.Mac_vSetRetry
                0x0008865b       0x1e /cygdrive/c/TWESDK/Wks_ToCoNet/Samp_Monitor/../../Wks_libToCoNet/libToCoNet/lib/libToCoNetExt_JN5164.a(mac.o)
                0x0008865b                _Mac_vSetRetry
 .text.Mac_vReset
                0x00088679       0x20 /cygdrive/c/TWESDK/Wks_ToCoNet/Samp_Monitor/../../Wks_libToCoNet/libToCoNet/lib/libToCoNetExt_JN5164.a(mac.o)
                0x00088679                _Mac_vReset
 .text.bDecodeAES
                0x00088699       0xc6 /cygdrive/c/TWESDK/Wks_ToCoNet/Samp_Monitor/../../Wks_libToCoNet/libToCoNet/lib/libToCoNetExt_JN5164.a(mac.o)
                0x00088699                _bDecodeAES
 .text.bEncodeAES
                0x0008875f       0xbb /cygdrive/c/TWESDK/Wks_ToCoNet/Samp_Monitor/../../Wks_libToCoNet/libToCoNet/lib/libToCoNetExt_JN5164.a(mac.o)
                0x0008875f                _bEncodeAES
 .text.Mac_vHandleMcpsDataInd
                0x0008881a      0x2a0 /cygdrive/c/TWESDK/Wks_ToCoNet/Samp_Monitor/../../Wks_libToCoNet/libToCoNet/lib/libToCoNetExt_JN5164.a(mac.o)
                0x0008881a                _Mac_vHandleMcpsDataInd
 .text.Mac_bSecureInit
                0x00088aba        0xc /cygdrive/c/TWESDK/Wks_ToCoNet/Samp_Monitor/../../Wks_libToCoNet/libToCoNet/lib/libToCoNetExt_JN5164.a(mac.o)
                0x00088aba                _Mac_bSecureInit
 .text.Mac_vInit
                0x00088ac6       0x41 /cygdrive/c/TWESDK/Wks_ToCoNet/Samp_Monitor/../../Wks_libToCoNet/libToCoNet/lib/libToCoNetExt_JN5164.a(mac.o)
                0x00088ac6                _Mac_vInit
 .text.Mac_bTransmit
                0x00088b07      0x1ee /cygdrive/c/TWESDK/Wks_ToCoNet/Samp_Monitor/../../Wks_libToCoNet/libToCoNet/lib/libToCoNetExt_JN5164.a(mac.o)
                0x00088b07                _Mac_bTransmit
 .text.bAES_CCM_Encode
                0x00088cf5       0x1e /cygdrive/c/TWESDK/Wks_ToCoNet/Samp_Monitor/../../Wks_libToCoNet/libToCoNet/lib/libToCoNetExt_JN5164.a(AES_CCM.o)
                0x00088cf5                _bAES_CCM_Encode
 .text.bAES_CCM_Decode
                0x00088d13       0x1e /cygdrive/c/TWESDK/Wks_ToCoNet/Samp_Monitor/../../Wks_libToCoNet/libToCoNet/lib/libToCoNetExt_JN5164.a(AES_CCM.o)
                0x00088d13                _bAES_CCM_Decode
 .text.bAES_CCM_KeyReg
                0x00088d31       0x4a /cygdrive/c/TWESDK/Wks_ToCoNet/Samp_Monitor/../../Wks_libToCoNet/libToCoNet/lib/libToCoNetExt_JN5164.a(AES_CCM.o)
                0x00088d31                _bAES_CCM_KeyReg
 .text.bAES_CCM_DecodeKey
                0x00088d7b       0x6b /cygdrive/c/TWESDK/Wks_ToCoNet/Samp_Monitor/../../Wks_libToCoNet/libToCoNet/lib/libToCoNetExt_JN5164.a(AES_CCM.o)
                0x00088d7b                _bAES_CCM_DecodeKey
 .text.bAES_CCM_EncodeKey
                0x00088de6       0x5c /cygdrive/c/TWESDK/Wks_ToCoNet/Samp_Monitor/../../Wks_libToCoNet/libToCoNet/lib/libToCoNetExt_JN5164.a(AES_CCM.o)
                0x00088de6                _bAES_CCM_EncodeKey
 .text.EEP_6x_bRead
                0x00088e42       0x48 /cygdrive/c/TWESDK/Wks_ToCoNet/Samp_Monitor/../../Wks_libToCoNet/libToCoNet/lib/libToCoNetExt_JN5164.a(eeprom_6x.o)
                0x00088e42                _EEP_6x_bRead
 .text.EEP_6x_bWrite
                0x00088e8a       0x7b /cygdrive/c/TWESDK/Wks_ToCoNet/Samp_Monitor/../../Wks_libToCoNet/libToCoNet/lib/libToCoNetExt_JN5164.a(eeprom_6x.o)
                0x00088e8a                _EEP_6x_bWrite
 .text.vInstallNoAckHandler
                0x00088f05       0x2a /cygdrive/c/TWESDK/Wks_ToCoNet/Samp_Monitor/../../Wks_libToCoNet/libToCoNet/lib/libToCoNetExt_JN5164.a(no_ack_handler.o)
                0x00088f05                _vInstallNoAckHandler
 .text.vHandlerPatch
                0x00088f2f       0x38 /cygdrive/c/TWESDK/Wks_ToCoNet/Samp_Monitor/../../Wks_libToCoNet/libToCoNet/lib/libToCoNetExt_JN5164.a(no_ack_handler.o)
 .text.bAHI_ReadIndexSectorPage
                0x00088f67       0x4a /cygdrive/c/TWESDK/Wks_ToCoNet/Samp_Monitor/../../Wks_libToCoNet/libToCoNet/lib/libToCoNetExt_JN5164.a(AHI_FlashIndexSector.o)
                0x00088f67                _bAHI_ReadIndexSectorPage
 .text.bAHI_ReadUserData
                0x00088fb1       0x2a /cygdrive/c/TWESDK/Wks_ToCoNet/Samp_Monitor/../../Wks_libToCoNet/libToCoNet/lib/libToCoNetExt_JN5164.a(AHI_FlashIndexSector.o)
                0x00088fb1                _bAHI_ReadUserData
 .text.bAHI_ReadIndexSectorBit
                0x00088fdb       0x39 /cygdrive/c/TWESDK/Wks_ToCoNet/Samp_Monitor/../../Wks_libToCoNet/libToCoNet/lib/libToCoNetExt_JN5164.a(AHI_FlashIndexSector.o)
                0x00088fdb                _bAHI_ReadIndexSectorBit
 .text.u32AHI_ReadIndexSectorBits
                0x00089014       0x37 /cygdrive/c/TWESDK/Wks_ToCoNet/Samp_Monitor/../../Wks_libToCoNet/libToCoNet/lib/libToCoNetExt_JN5164.a(AHI_FlashIndexSector.o)
                0x00089014                _u32AHI_ReadIndexSectorBits
 .text.bAHI_ReadCustomerSettings
                0x0008904b       0x9b /cygdrive/c/TWESDK/Wks_ToCoNet/Samp_Monitor/../../Wks_libToCoNet/libToCoNet/lib/libToCoNetExt_JN5164.a(AHI_FlashIndexSector.o)
                0x0008904b                _bAHI_ReadCustomerSettings
 .text.bAHI_ReadMACID
                0x000890e6       0x46 /cygdrive/c/TWESDK/Wks_ToCoNet/Samp_Monitor/../../Wks_libToCoNet/libToCoNet/lib/libToCoNetExt_JN5164.a(AHI_FlashIndexSector.o)
                0x000890e6                _bAHI_ReadMACID
 .text.bPDM_InitialiseEEPROM
                0x0008912c       0x4d /cygdrive/c/TWESDK/Wks_ToCoNet/Samp_Monitor/../../Wks_libToCoNet/libToCoNet/lib/libToCoNetExt_JN5164.a(PDM_EEPROM.o)
                0x0008912c                _bPDM_InitialiseEEPROM
 .text.vPDM_WriteEEPROMfixSegmentData
                0x00089179       0x3e /cygdrive/c/TWESDK/Wks_ToCoNet/Samp_Monitor/../../Wks_libToCoNet/libToCoNet/lib/libToCoNetExt_JN5164.a(PDM_EEPROM.o)
                0x00089179                _vPDM_WriteEEPROMfixSegmentData
 .text.SERIAL_bRxQueueEmpty
                0x000891b7       0x18 /cygdrive/c/TWESDK/Wks_ToCoNet/Samp_Monitor/../../Wks_libToCoNet/libToCoNet/lib/libToCoNetUtils_JN5164.a(serial.o)
                0x000891b7                _SERIAL_bRxQueueEmpty
 .text.SERIAL_vTxReady
                0x000891cf       0x36 /cygdrive/c/TWESDK/Wks_ToCoNet/Samp_Monitor/../../Wks_libToCoNet/libToCoNet/lib/libToCoNetUtils_JN5164.a(serial.o)
                0x000891cf                _SERIAL_vTxReady
 .text.SERIAL_i16RxChar
                0x00089205       0x4c /cygdrive/c/TWESDK/Wks_ToCoNet/Samp_Monitor/../../Wks_libToCoNet/libToCoNet/lib/libToCoNetUtils_JN5164.a(serial.o)
                0x00089205                _SERIAL_i16RxChar
 .text.SERIAL_bTxChar
                0x00089251       0x73 /cygdrive/c/TWESDK/Wks_ToCoNet/Samp_Monitor/../../Wks_libToCoNet/libToCoNet/lib/libToCoNetUtils_JN5164.a(serial.o)
                0x00089251                _SERIAL_bTxChar
 .text.SERIAL_vInitEx
                0x000892c4       0x90 /cygdrive/c/TWESDK/Wks_ToCoNet/Samp_Monitor/../../Wks_libToCoNet/libToCoNet/lib/libToCoNetUtils_JN5164.a(serial.o)
                0x000892c4                _SERIAL_vInitEx
 .text.vRxChar  0x00089354       0x3e /cygdrive/c/TWESDK/Wks_ToCoNet/Samp_Monitor/../../Wks_libToCoNet/libToCoNet/lib/libToCoNetUtils_JN5164.a(serial.o)
 .text.UART_vSetTxInterrupt
                0x00089392       0x1a /cygdrive/c/TWESDK/Wks_ToCoNet/Samp_Monitor/../../Wks_libToCoNet/libToCoNet/lib/libToCoNetUtils_JN5164.a(uart.o)
                0x00089392                _UART_vSetTxInterrupt
 .text.UART_bTxReady
                0x000893ac        0xf /cygdrive/c/TWESDK/Wks_ToCoNet/Samp_Monitor/../../Wks_libToCoNet/libToCoNet/lib/libToCoNetUtils_JN5164.a(uart.o)
                0x000893ac                _UART_bTxReady
 .text.UART_vTxChar
                0x000893bb        0x6 /cygdrive/c/TWESDK/Wks_ToCoNet/Samp_Monitor/../../Wks_libToCoNet/libToCoNet/lib/libToCoNetUtils_JN5164.a(uart.o)
                0x000893bb                _UART_vTxChar
 .text.UART_vRtsStartFlow
                0x000893c1       0x22 /cygdrive/c/TWESDK/Wks_ToCoNet/Samp_Monitor/../../Wks_libToCoNet/libToCoNet/lib/libToCoNetUtils_JN5164.a(uart.o)
                0x000893c1                _UART_vRtsStartFlow
 .text.UART_vRtsStopFlow
                0x000893e3       0x22 /cygdrive/c/TWESDK/Wks_ToCoNet/Samp_Monitor/../../Wks_libToCoNet/libToCoNet/lib/libToCoNetUtils_JN5164.a(uart.o)
                0x000893e3                _UART_vRtsStopFlow
 .text.UART_vInit
                0x00089405      0x1c3 /cygdrive/c/TWESDK/Wks_ToCoNet/Samp_Monitor/../../Wks_libToCoNet/libToCoNet/lib/libToCoNetUtils_JN5164.a(uart.o)
                0x00089405                _UART_vInit
 .text.UART_vHandleUartInterrupt
                0x000895c8       0x8e /cygdrive/c/TWESDK/Wks_ToCoNet/Samp_Monitor/../../Wks_libToCoNet/libToCoNet/lib/libToCoNetUtils_JN5164.a(uart.o)
 .text.QUEUE__vInit
                0x00089656       0x12 /cygdrive/c/TWESDK/Wks_ToCoNet/Samp_Monitor/../../Wks_libToCoNet/libToCoNet/lib/libToCoNetUtils_JN5164.a(ByteQueue.o)
                0x00089656                _QUEUE__vInit
 .text.QUEUE__bEmpty
                0x00089668        0xe /cygdrive/c/TWESDK/Wks_ToCoNet/Samp_Monitor/../../Wks_libToCoNet/libToCoNet/lib/libToCoNetUtils_JN5164.a(ByteQueue.o)
                0x00089668                _QUEUE__bEmpty
 .text.QUEUE__bFull
                0x00089676       0x11 /cygdrive/c/TWESDK/Wks_ToCoNet/Samp_Monitor/../../Wks_libToCoNet/libToCoNet/lib/libToCoNetUtils_JN5164.a(ByteQueue.o)
                0x00089676                _QUEUE__bFull
 .text.QUEUE__u16Count
                0x00089687        0x6 /cygdrive/c/TWESDK/Wks_ToCoNet/Samp_Monitor/../../Wks_libToCoNet/libToCoNet/lib/libToCoNetUtils_JN5164.a(ByteQueue.o)
                0x00089687                _QUEUE__u16Count
 .text.QUEUE__vFlush
                0x0008968d       0x26 /cygdrive/c/TWESDK/Wks_ToCoNet/Samp_Monitor/../../Wks_libToCoNet/libToCoNet/lib/libToCoNetUtils_JN5164.a(ByteQueue.o)
                0x0008968d                _QUEUE__vFlush
 .text.QUEUE__u8RemoveItem
                0x000896b3       0x66 /cygdrive/c/TWESDK/Wks_ToCoNet/Samp_Monitor/../../Wks_libToCoNet/libToCoNet/lib/libToCoNetUtils_JN5164.a(ByteQueue.o)
                0x000896b3                _QUEUE__u8RemoveItem
 .text.QUEUE__vAddItem
                0x00089719       0x66 /cygdrive/c/TWESDK/Wks_ToCoNet/Samp_Monitor/../../Wks_libToCoNet/libToCoNet/lib/libToCoNetUtils_JN5164.a(ByteQueue.o)
                0x00089719                _QUEUE__vAddItem
 .text.u8CCITT8
                0x0008977f       0x23 /cygdrive/c/TWESDK/Wks_ToCoNet/Samp_Monitor/../../Wks_libToCoNet/libToCoNet/lib/libToCoNetUtils_JN5164.a(ccitt8.o)
                0x0008977f                _u8CCITT8
 .text.vPrintString
                0x000897a2       0x7d /cygdrive/c/TWESDK/Wks_ToCoNet/Samp_Monitor/../../Wks_libToCoNet/libToCoNet/lib/libToCoNetUtils_JN5164.a(fprintf.o)
 .text.vPrintInteger
                0x0008981f       0xac /cygdrive/c/TWESDK/Wks_ToCoNet/Samp_Monitor/../../Wks_libToCoNet/libToCoNet/lib/libToCoNetUtils_JN5164.a(fprintf.o)
 .text.vfPrintf
                0x000898cb      0x1d4 /cygdrive/c/TWESDK/Wks_ToCoNet/Samp_Monitor/../../Wks_libToCoNet/libToCoNet/lib/libToCoNetUtils_JN5164.a(fprintf.o)
                0x000898cb                _vfPrintf
 .text.SPRINTF_bPutChar
                0x00089a9f       0x3b /cygdrive/c/TWESDK/Wks_ToCoNet/Samp_Monitor/../../Wks_libToCoNet/libToCoNet/lib/libToCoNetUtils_JN5164.a(sprintf.o)
 .text.SPRINTF_vInit128
                0x00089ada       0x30 /cygdrive/c/TWESDK/Wks_ToCoNet/Samp_Monitor/../../Wks_libToCoNet/libToCoNet/lib/libToCoNetUtils_JN5164.a(sprintf.o)
                0x00089ada                _SPRINTF_vInit128
 .text.u32string2hex
                0x00089b0a       0x5e /cygdrive/c/TWESDK/Wks_ToCoNet/Samp_Monitor/../../Wks_libToCoNet/libToCoNet/lib/libToCoNetUtils_JN5164.a(sprintf.o)
                0x00089b0a                _u32string2hex
 .text.u32string2dec
                0x00089b68       0x61 /cygdrive/c/TWESDK/Wks_ToCoNet/Samp_Monitor/../../Wks_libToCoNet/libToCoNet/lib/libToCoNetUtils_JN5164.a(sprintf.o)
                0x00089b68                _u32string2dec
 .text.vWait    0x00089bc9       0x19 /cygdrive/c/TWESDK/Wks_ToCoNet/Samp_Monitor/../../Wks_libToCoNet/libToCoNet/lib/libToCoNetUtils_JN5164.a(utils.o)
                0x00089bc9                _vWait
 .text.vTimerStart
                0x00089be2       0xa7 /cygdrive/c/TWESDK/Wks_ToCoNet/Samp_Monitor/../../Wks_libToCoNet/libToCoNet/lib/libToCoNetUtils_JN5164.a(utils.o)
                0x00089be2                _vTimerStart
 *fill*         0x00089c89        0x3 00
 .text.vTimerConfig
                0x00089c8c      0x190 /cygdrive/c/TWESDK/Wks_ToCoNet/Samp_Monitor/../../Wks_libToCoNet/libToCoNet/lib/libToCoNetUtils_JN5164.a(utils.o)
                0x00089c8c                _vTimerConfig
 .text.pvAppApiDefGetMacHandle
                0x00089e1c        0x9 /cygdrive/c/TWESDK/516x/Components/Library/libAppApi_JN516x.a(AppApi.o)
                0x00089e1c                _pvAppApiDefGetMacHandle
 .text.vAppApiDefSetPrbsSeed
                0x00089e25       0x24 /cygdrive/c/TWESDK/516x/Components/Library/libAppApi_JN516x.a(AppApi.o)
                0x00089e25                _vAppApiDefSetPrbsSeed
 .text.pvAppApiDefGetMacAddrLocation
                0x00089e49        0x9 /cygdrive/c/TWESDK/516x/Components/Library/libAppApi_JN516x.a(AppApi.o)
                0x00089e49                _pvAppApiDefGetMacAddrLocation
 .text.vAppApiDefSetInterrupts
                0x00089e52       0x3d /cygdrive/c/TWESDK/516x/Components/Library/libAppApi_JN516x.a(AppApi.o)
                0x00089e52                _vAppApiDefSetInterrupts
 .text.vAppApiDefPowerUp
                0x00089e8f       0x26 /cygdrive/c/TWESDK/516x/Components/Library/libAppApi_JN516x.a(AppApi.o)
                0x00089e8f                _vAppApiDefPowerUp
 .text.vAppApiDefStartStack
                0x00089eb5       0x51 /cygdrive/c/TWESDK/516x/Components/Library/libAppApi_JN516x.a(AppApi.o)
                0x00089eb5                _vAppApiDefStartStack
 .text.u32AppApiDefInit
                0x00089f06       0x5a /cygdrive/c/TWESDK/516x/Components/Library/libAppApi_JN516x.a(AppApi.o)
                0x00089f06                _u32AppApiDefInit
 .text.eAppApiDefPlmeGet
                0x00089f60       0x33 /cygdrive/c/TWESDK/516x/Components/Library/libAppApi_JN516x.a(AppApi.o)
                0x00089f60                _eAppApiDefPlmeGet
 .text.vAppApiDefMcpsRequest
                0x00089f93       0x32 /cygdrive/c/TWESDK/516x/Components/Library/libAppApi_JN516x.a(AppApi.o)
                0x00089f93                _vAppApiDefMcpsRequest
 .text.vAppApiDefMlmeRequest
                0x00089fc5       0x32 /cygdrive/c/TWESDK/516x/Components/Library/libAppApi_JN516x.a(AppApi.o)
                0x00089fc5                _vAppApiDefMlmeRequest
 .text.eAppApiDefPlmeSet
                0x00089ff7       0x33 /cygdrive/c/TWESDK/516x/Components/Library/libAppApi_JN516x.a(AppApi.o)
                0x00089ff7                _eAppApiDefPlmeSet
 .text.vAppApiDefSaveMacSettings
                0x0008a02a       0x5d /cygdrive/c/TWESDK/516x/Components/Library/libAppApi_JN516x.a(AppApiSleep.o)
                0x0008a02a                _vAppApiDefSaveMacSettings
 .text.vMAC_RestoreSettings
                0x0008a087       0xc8 /cygdrive/c/TWESDK/516x/Components/Library/libAppApi_JN516x.a(AppApiSleep.o)
                0x0008a087                _vMAC_RestoreSettings
 .text.vAppApiDefRestoreMacSettings
                0x0008a14f       0x25 /cygdrive/c/TWESDK/516x/Components/Library/libAppApi_JN516x.a(AppApiSleep.o)
                0x0008a14f                _vAppApiDefRestoreMacSettings
 .text.vSetTimer0
                0x0008a174        0xf /cygdrive/c/TWESDK/516x/Components/Library/libMac_JN516x.a(mac_main.o)
                0x0008a174                _vSetTimer0
 .text.u32GetTimer0
                0x0008a183        0x7 /cygdrive/c/TWESDK/516x/Components/Library/libMac_JN516x.a(mac_main.o)
                0x0008a183                _u32GetTimer0
 .text.MAC_vXcvPhyEvtHandler
                0x0008a18a       0x10 /cygdrive/c/TWESDK/516x/Components/Library/libMac_JN516x.a(mac_main.o)
                0x0008a18a                _MAC_vXcvPhyEvtHandler
 .text.MAC_vXcvBbcEvtHandler
                0x0008a19a       0x20 /cygdrive/c/TWESDK/516x/Components/Library/libMac_JN516x.a(mac_main.o)
                0x0008a19a                _MAC_vXcvBbcEvtHandler
 .text.mac_vInitTimer0
                0x0008a1ba       0x20 /cygdrive/c/TWESDK/516x/Components/Library/libMac_JN516x.a(mac_main.o)
                0x0008a1ba                _mac_vInitTimer0
 .text.MAC_pvCtor
                0x0008a1da       0x82 /cygdrive/c/TWESDK/516x/Components/Library/libMac_JN516x.a(mac_main.o)
                0x0008a1da                _MAC_pvCtor
 .text.MAC_vHandleMcpsReqRsp
                0x0008a25c       0x2d /cygdrive/c/TWESDK/516x/Components/Library/libMac_JN516x.a(mac_mcps.o)
                0x0008a25c                _MAC_vHandleMcpsReqRsp
 .text.vHandleTofRequest
                0x0008a289       0x12 /cygdrive/c/TWESDK/516x/Components/Library/libMac_JN516x.a(mac_mlme.o)
 *fill*         0x0008a29b        0x1 00
 .text.MAC_vHandleMlmeReqRsp
                0x0008a29c       0xb4 /cygdrive/c/TWESDK/516x/Components/Library/libMac_JN516x.a(mac_mlme.o)
                0x0008a29c                _MAC_vHandleMlmeReqRsp
 .text.MAC_psPibGetHandle
                0x0008a350        0x7 /cygdrive/c/TWESDK/516x/Components/Library/libMac_JN516x.a(mac_pib.o)
                0x0008a350                _MAC_psPibGetHandle
 .text.MAC_vPibSetShortAddr
                0x0008a357        0xe /cygdrive/c/TWESDK/516x/Components/Library/libMac_JN516x.a(mac_pib.o)
                0x0008a357                _MAC_vPibSetShortAddr
 .text.MAC_vPibSetPanId
                0x0008a365       0x1b /cygdrive/c/TWESDK/516x/Components/Library/libMac_JN516x.a(mac_pib.o)
                0x0008a365                _MAC_vPibSetPanId
 .text.MAC_vPibSetMinBe
                0x0008a380       0x1e /cygdrive/c/TWESDK/516x/Components/Library/libMac_JN516x.a(mac_pib.o)
                0x0008a380                _MAC_vPibSetMinBe
 .text.MAC_vPibSetMaxCsmaBackoffs
                0x0008a39e       0x21 /cygdrive/c/TWESDK/516x/Components/Library/libMac_JN516x.a(mac_pib.o)
                0x0008a39e                _MAC_vPibSetMaxCsmaBackoffs
 .text.MAC_vSetExtAddr
                0x0008a3bf       0x1f /cygdrive/c/TWESDK/516x/Components/Library/libMac_JN516x.a(mac_pib.o)
                0x0008a3bf                _MAC_vSetExtAddr
 .text.MAC_vPibSetRxOnWhenIdle
                0x0008a3de       0x13 /cygdrive/c/TWESDK/516x/Components/Library/libMac_JN516x.a(mac_pib.o)
                0x0008a3de                _MAC_vPibSetRxOnWhenIdle
 .text.MAC_vPibSetPromiscuousMode
                0x0008a3f1       0x40 /cygdrive/c/TWESDK/516x/Components/Library/libMac_JN516x.a(mac_pib.o)
                0x0008a3f1                _MAC_vPibSetPromiscuousMode
 .text.mac_vPibCmpCoordExtAddr
                0x0008a431       0x29 /cygdrive/c/TWESDK/516x/Components/Library/libMac_JN516x.a(mac_pib_mlme.o)
                0x0008a431                _mac_vPibCmpCoordExtAddr
 .text.mac_vPibReset
                0x0008a45a       0x87 /cygdrive/c/TWESDK/516x/Components/Library/libMac_JN516x.a(mac_pib_mlme.o)
                0x0008a45a                _mac_vPibReset
 .text.mac_vPibSetDefaults
                0x0008a4e1      0x12e /cygdrive/c/TWESDK/516x/Components/Library/libMac_JN516x.a(mac_pib_mlme.o)
                0x0008a4e1                _mac_vPibSetDefaults
 .text.vPMICreset
                0x0008a60f        0xd /cygdrive/c/TWESDK/516x/Components/Library/libMac_JN516x.a(mac_pmic.o)
                0x0008a60f                _vPMICreset
 .text.vPMICpostFailedAssocDcfm
                0x0008a61c       0x3d /cygdrive/c/TWESDK/516x/Components/Library/libMac_JN516x.a(mac_pmic.o)
                0x0008a61c                _vPMICpostFailedAssocDcfm
 .text.vPMICassocReqTO_2
                0x0008a659       0x1d /cygdrive/c/TWESDK/516x/Components/Library/libMac_JN516x.a(mac_pmic.o)
 .text.vPMICassocReqFrameReceived
                0x0008a676       0x79 /cygdrive/c/TWESDK/516x/Components/Library/libMac_JN516x.a(mac_pmic.o)
                0x0008a676                _vPMICassocReqFrameReceived
 .text.vPMICdisassocReceived
                0x0008a6ef       0x93 /cygdrive/c/TWESDK/516x/Components/Library/libMac_JN516x.a(mac_pmic.o)
                0x0008a6ef                _vPMICdisassocReceived
 .text.vPMICassocRespFrameReceived
                0x0008a782       0x93 /cygdrive/c/TWESDK/516x/Components/Library/libMac_JN516x.a(mac_pmic.o)
                0x0008a782                _vPMICassocRespFrameReceived
 .text.vPMICassocReqTO_1
                0x0008a815       0x8c /cygdrive/c/TWESDK/516x/Components/Library/libMac_JN516x.a(mac_pmic.o)
 .text.vPMICdisassociateRequest
                0x0008a8a1       0xf4 /cygdrive/c/TWESDK/516x/Components/Library/libMac_JN516x.a(mac_pmic.o)
                0x0008a8a1                _vPMICdisassociateRequest
 .text.bPMICdisassocReqSent
                0x0008a995       0x83 /cygdrive/c/TWESDK/516x/Components/Library/libMac_JN516x.a(mac_pmic.o)
 .text.vPMICassociateResponse
                0x0008aa18       0xd9 /cygdrive/c/TWESDK/516x/Components/Library/libMac_JN516x.a(mac_pmic.o)
                0x0008aa18                _vPMICassociateResponse
 .text.bAssocRespSent
                0x0008aaf1       0x1d /cygdrive/c/TWESDK/516x/Components/Library/libMac_JN516x.a(mac_pmic.o)
 .text.vPMICassociateRequest
                0x0008ab0e       0xe6 /cygdrive/c/TWESDK/516x/Components/Library/libMac_JN516x.a(mac_pmic.o)
                0x0008ab0e                _vPMICassociateRequest
 .text.bPMICassocReqPollSent
                0x0008abf4       0x5b /cygdrive/c/TWESDK/516x/Components/Library/libMac_JN516x.a(mac_pmic.o)
 .text.bPMICassocReqSent
                0x0008ac4f       0x8d /cygdrive/c/TWESDK/516x/Components/Library/libMac_JN516x.a(mac_pmic.o)
 .text.MAC_vRegisterMlmeDcfmIndCallbacks
                0x0008acdc        0xc /cygdrive/c/TWESDK/516x/Components/Library/libMac_JN516x.a(mac_ind.o)
                0x0008acdc                _MAC_vRegisterMlmeDcfmIndCallbacks
 .text.MAC_vRegisterMcpsDcfmIndCallbacks
                0x0008ace8        0xc /cygdrive/c/TWESDK/516x/Components/Library/libMac_JN516x.a(mac_ind.o)
                0x0008ace8                _MAC_vRegisterMcpsDcfmIndCallbacks
 .text.mac_psDcfmIndGetBuf
                0x0008acf4       0x23 /cygdrive/c/TWESDK/516x/Components/Library/libMac_JN516x.a(mac_ind.o)
                0x0008acf4                _mac_psDcfmIndGetBuf
 .text.mac_eDcfmIndPost
                0x0008ad17       0x21 /cygdrive/c/TWESDK/516x/Components/Library/libMac_JN516x.a(mac_ind.o)
                0x0008ad17                _mac_eDcfmIndPost
 .text.eScanHandleEvt
                0x0008ad38       0x2e /cygdrive/c/TWESDK/516x/Components/Library/libMac_JN516x.a(mac_scan.o)
                0x0008ad38                _eScanHandleEvt
 .text.vScanHandleTimer
                0x0008ad66        0x8 /cygdrive/c/TWESDK/516x/Components/Library/libMac_JN516x.a(mac_scan.o)
 .text.eGenlIllegal
                0x0008ad6e        0x7 /cygdrive/c/TWESDK/516x/Components/Library/libMac_JN516x.a(mac_scan.o)
 .text.eGenlDontCare
                0x0008ad75        0x5 /cygdrive/c/TWESDK/516x/Components/Library/libMac_JN516x.a(mac_scan.o)
 .text.eWEnDEdDone
                0x0008ad7a       0x64 /cygdrive/c/TWESDK/516x/Components/Library/libMac_JN516x.a(mac_scan.o)
 .text.eWEnDTmrExpiry
                0x0008adde        0xb /cygdrive/c/TWESDK/516x/Components/Library/libMac_JN516x.a(mac_scan.o)
 .text.mac_eScanHandleXcvBbcEvt
                0x0008ade9        0xf /cygdrive/c/TWESDK/516x/Components/Library/libMac_JN516x.a(mac_scan.o)
                0x0008ade9                _mac_eScanHandleXcvBbcEvt
 .text.mac_eScanHandleXcvPhyEvt
                0x0008adf8       0x12 /cygdrive/c/TWESDK/516x/Components/Library/libMac_JN516x.a(mac_scan.o)
                0x0008adf8                _mac_eScanHandleXcvPhyEvt
 .text.vSetNextChannel
                0x0008ae0a       0x4a /cygdrive/c/TWESDK/516x/Components/Library/libMac_JN516x.a(mac_scan.o)
 .text.mac_vScanHandleMlmeReq
                0x0008ae54       0x98 /cygdrive/c/TWESDK/516x/Components/Library/libMac_JN516x.a(mac_scan.o)
                0x0008ae54                _mac_vScanHandleMlmeReq
 .text.mac_eScanInit
                0x0008aeec       0x19 /cygdrive/c/TWESDK/516x/Components/Library/libMac_JN516x.a(mac_scan.o)
                0x0008aeec                _mac_eScanInit
 .text.vPostDcfm
                0x0008af05       0xe9 /cygdrive/c/TWESDK/516x/Components/Library/libMac_JN516x.a(mac_scan.o)
 .text.eWCoRRxDone
                0x0008afee       0xb7 /cygdrive/c/TWESDK/516x/Components/Library/libMac_JN516x.a(mac_scan.o)
 .text.eGenTmrExpiry
                0x0008b0a5       0x4b /cygdrive/c/TWESDK/516x/Components/Library/libMac_JN516x.a(mac_scan.o)
 .text.eWEDTEdDone
                0x0008b0f0       0x1a /cygdrive/c/TWESDK/516x/Components/Library/libMac_JN516x.a(mac_scan.o)
 .text.eGenRxHdrDone
                0x0008b10a       0x13 /cygdrive/c/TWESDK/516x/Components/Library/libMac_JN516x.a(mac_scan.o)
 .text.eWONTTxDone
                0x0008b11d       0x35 /cygdrive/c/TWESDK/516x/Components/Library/libMac_JN516x.a(mac_scan.o)
 .text.eWBRTTxDone
                0x0008b152       0x21 /cygdrive/c/TWESDK/516x/Components/Library/libMac_JN516x.a(mac_scan.o)
 .text.eWBcnRxDone
                0x0008b173      0x19e /cygdrive/c/TWESDK/516x/Components/Library/libMac_JN516x.a(mac_scan.o)
 .text.bSendMacCmd
                0x0008b311       0x40 /cygdrive/c/TWESDK/516x/Components/Library/libMac_JN516x.a(mac_scan.o)
 .text.eWChCChanChgd
                0x0008b351      0x170 /cygdrive/c/TWESDK/516x/Components/Library/libMac_JN516x.a(mac_scan.o)
 .text.mac_vLPBAdjustBeaconOffset
                0x0008b4c1       0x5d /cygdrive/c/TWESDK/516x/Components/Library/libMac_JN516x.a(mac_lp.o)
                0x0008b4c1                _mac_vLPBAdjustBeaconOffset
 .text.mac_u32LPBGetBeaconTimeout
                0x0008b51e        0x9 /cygdrive/c/TWESDK/516x/Components/Library/libMac_JN516x.a(mac_lp.o)
                0x0008b51e                _mac_u32LPBGetBeaconTimeout
 .text.MAC_u32ConvertFrom16uS
                0x0008b527       0x41 /cygdrive/c/TWESDK/516x/Components/Library/libMac_JN516x.a(mac_lp.o)
                0x0008b527                _MAC_u32ConvertFrom16uS
 .text.mac_vLPBSleep
                0x0008b568       0x55 /cygdrive/c/TWESDK/516x/Components/Library/libMac_JN516x.a(mac_lp.o)
                0x0008b568                _mac_vLPBSleep
 .text.mac_vLPBStopTimer
                0x0008b5bd        0xe /cygdrive/c/TWESDK/516x/Components/Library/libMac_JN516x.a(mac_lp.o)
                0x0008b5bd                _mac_vLPBStopTimer
 .text.mac_vLPBStartTimer
                0x0008b5cb       0x88 /cygdrive/c/TWESDK/516x/Components/Library/libMac_JN516x.a(mac_lp.o)
                0x0008b5cb                _mac_vLPBStartTimer
 .text.vMCPSframeReceived
                0x0008b653       0x5a /cygdrive/c/TWESDK/516x/Components/Library/libMac_JN516x.a(MCPS.o)
                0x0008b653                _vMCPSframeReceived
 .text.bSearchQueue
                0x0008b6ad       0x36 /cygdrive/c/TWESDK/516x/Components/Library/libMac_JN516x.a(MCPS.o)
 .text.vTAM_MCPSpurgeRequest
                0x0008b6e3       0x64 /cygdrive/c/TWESDK/516x/Components/Library/libMac_JN516x.a(MCPS.o)
                0x0008b6e3                _vTAM_MCPSpurgeRequest
 .text.bMCPSframeTXcomplete
                0x0008b747       0x5a /cygdrive/c/TWESDK/516x/Components/Library/libMac_JN516x.a(MCPS.o)
 .text.vTAM_MCPSdataRequest
                0x0008b7a1       0x46 /cygdrive/c/TWESDK/516x/Components/Library/libMac_JN516x.a(MCPS.o)
                0x0008b7a1                _vTAM_MCPSdataRequest
 .text.phy_ePibGet
                0x0008b7e7       0x34 /cygdrive/c/TWESDK/516x/Components/Library/libMac_JN516x.a(phy_pib.o)
                0x0008b7e7                _phy_ePibGet
 .text.u8GetPapValue
                0x0008b81b       0x21 /cygdrive/c/TWESDK/516x/Components/Library/libMac_JN516x.a(phy_pib.o)
 .text.vPhySetChannel
                0x0008b83c       0x77 /cygdrive/c/TWESDK/516x/Components/Library/libMac_JN516x.a(phy_pib.o)
                0x0008b83c                _vPhySetChannel
 .text.phy_ePibSet
                0x0008b8b3       0x90 /cygdrive/c/TWESDK/516x/Components/Library/libMac_JN516x.a(phy_pib.o)
                0x0008b8b3                _phy_ePibSet
 .text.phy_vPibSetDefaults
                0x0008b943       0x2c /cygdrive/c/TWESDK/516x/Components/Library/libMac_JN516x.a(phy_pib.o)
                0x0008b943                _phy_vPibSetDefaults
 .text.bTAMinPAN
                0x0008b96f       0x19 /cygdrive/c/TWESDK/516x/Components/Library/libMac_JN516x.a(TAM.o)
                0x0008b96f                _bTAMinPAN
 .text.eTAMevent
                0x0008b988       0x1a /cygdrive/c/TWESDK/516x/Components/Library/libMac_JN516x.a(TAM.o)
                0x0008b988                _eTAMevent
 *fill*         0x0008b9a2        0x2 00
 .text.eTAMselect
                0x0008b9a4      0x154 /cygdrive/c/TWESDK/516x/Components/Library/libMac_JN516x.a(TAM.o)
                0x0008b9a4                _eTAMselect
 .text.vTAM_MLMEsyncRequest
                0x0008baf8       0x17 /cygdrive/c/TWESDK/516x/Components/Library/libMac_JN516x.a(TAM.o)
                0x0008baf8                _vTAM_MLMEsyncRequest
 .text.vTAM_MLMEstartRequest
                0x0008bb0f       0x87 /cygdrive/c/TWESDK/516x/Components/Library/libMac_JN516x.a(TAM.o)
                0x0008bb0f                _vTAM_MLMEstartRequest
 .text.vTAMreset
                0x0008bb96      0x1f6 /cygdrive/c/TWESDK/516x/Components/Library/libMac_JN516x.a(TAM.o)
                0x0008bb96                _vTAMreset
 .text.vTAMCOsetCoordinator
                0x0008bd8c       0x29 /cygdrive/c/TWESDK/516x/Components/Library/libMac_JN516x.a(TAMCO.o)
                0x0008bd8c                _vTAMCOsetCoordinator
 .text.vTAMCOupdatePendingList
                0x0008bdb5       0xbb /cygdrive/c/TWESDK/516x/Components/Library/libMac_JN516x.a(TAMCO.o)
                0x0008bdb5                _vTAMCOupdatePendingList
 .text.vTAMCOreqTXinCAP
                0x0008be70       0x2f /cygdrive/c/TWESDK/516x/Components/Library/libMac_JN516x.a(TAMCO.o)
                0x0008be70                _vTAMCOreqTXinCAP
 .text.vTrySendFromDirectNoBeacon
                0x0008be9f       0x38 /cygdrive/c/TWESDK/516x/Components/Library/libMac_JN516x.a(TAMCO.o)
 .text.vTAMCOreqTXnoBeacon
                0x0008bed7       0x18 /cygdrive/c/TWESDK/516x/Components/Library/libMac_JN516x.a(TAMCO.o)
                0x0008bed7                _vTAMCOreqTXnoBeacon
 .text.vTAMCOframeRXnobeacon
                0x0008beef       0x18 /cygdrive/c/TWESDK/516x/Components/Library/libMac_JN516x.a(TAMCO.o)
                0x0008beef                _vTAMCOframeRXnobeacon
 .text.vTAMCOframeTXnobeacon
                0x0008bf07       0x1e /cygdrive/c/TWESDK/516x/Components/Library/libMac_JN516x.a(TAMCO.o)
                0x0008bf07                _vTAMCOframeTXnobeacon
 .text.vTrySendFromDirectCAP
                0x0008bf25       0x25 /cygdrive/c/TWESDK/516x/Components/Library/libMac_JN516x.a(TAMCO.o)
 .text.vTAMCOframeRXcap
                0x0008bf4a       0x18 /cygdrive/c/TWESDK/516x/Components/Library/libMac_JN516x.a(TAMCO.o)
                0x0008bf4a                _vTAMCOframeRXcap
 .text.vTAMCOframeRXgoingIdle
                0x0008bf62       0x1c /cygdrive/c/TWESDK/516x/Components/Library/libMac_JN516x.a(TAMCO.o)
                0x0008bf62                _vTAMCOframeRXgoingIdle
 .text.vTAMCOframeTXcap
                0x0008bf7e       0x30 /cygdrive/c/TWESDK/516x/Components/Library/libMac_JN516x.a(TAMCO.o)
                0x0008bf7e                _vTAMCOframeTXcap
 .text.vTAMCOframeTXgoingIdle
                0x0008bfae       0x1b /cygdrive/c/TWESDK/516x/Components/Library/libMac_JN516x.a(TAMCO.o)
                0x0008bfae                _vTAMCOframeTXgoingIdle
 .text.vTAMCOint2Fired
                0x0008bfc9       0x22 /cygdrive/c/TWESDK/516x/Components/Library/libMac_JN516x.a(TAMCO.o)
                0x0008bfc9                _vTAMCOint2Fired
 .text.vTAMCOframeTXbeacon
                0x0008bfeb       0xc9 /cygdrive/c/TWESDK/516x/Components/Library/libMac_JN516x.a(TAMCO.o)
                0x0008bfeb                _vTAMCOframeTXbeacon
 .text.vTAMCOint1Fired
                0x0008c0b4       0xef /cygdrive/c/TWESDK/516x/Components/Library/libMac_JN516x.a(TAMCO.o)
                0x0008c0b4                _vTAMCOint1Fired
 .text.vTAMCOint1FiredCAP
                0x0008c1a3       0x7f /cygdrive/c/TWESDK/516x/Components/Library/libMac_JN516x.a(TAMCO.o)
                0x0008c1a3                _vTAMCOint1FiredCAP
 .text.vTAMCOstartBeacon
                0x0008c222       0x41 /cygdrive/c/TWESDK/516x/Components/Library/libMac_JN516x.a(TAMCO.o)
                0x0008c222                _vTAMCOstartBeacon
 .text.vStartStoreValues
                0x0008c263       0xbc /cygdrive/c/TWESDK/516x/Components/Library/libMac_JN516x.a(TAMCO.o)
 .text.bStartCallback
                0x0008c31f       0x2f /cygdrive/c/TWESDK/516x/Components/Library/libMac_JN516x.a(TAMCO.o)
 .text.vTAMCO_MLMEstartRequest
                0x0008c34e      0x11e /cygdrive/c/TWESDK/516x/Components/Library/libMac_JN516x.a(TAMCO.o)
                0x0008c34e                _vTAMCO_MLMEstartRequest
 .text.vTAMCOframeStarting
                0x0008c46c       0x1e /cygdrive/c/TWESDK/516x/Components/Library/libMac_JN516x.a(TAMCO.o)
                0x0008c46c                _vTAMCOframeStarting
 .text.vTAMDEdetermineNullState
                0x0008c48a       0x1d /cygdrive/c/TWESDK/516x/Components/Library/libMac_JN516x.a(TAMDE.o)
                0x0008c48a                _vTAMDEdetermineNullState
 .text.vSetPHYfromMacValue
                0x0008c4a7       0x45 /cygdrive/c/TWESDK/516x/Components/Library/libMac_JN516x.a(TAMDE.o)
 .text.vTAMDEint1FiredWaitDR
                0x0008c4ec       0x20 /cygdrive/c/TWESDK/516x/Components/Library/libMac_JN516x.a(TAMDE.o)
                0x0008c4ec                _vTAMDEint1FiredWaitDR
 .text.vTAMDEstartSync
                0x0008c50c       0x86 /cygdrive/c/TWESDK/516x/Components/Library/libMac_JN516x.a(TAMDE.o)
                0x0008c50c                _vTAMDEstartSync
 .text.vTAMDE_MLMEsyncRequest
                0x0008c592       0x30 /cygdrive/c/TWESDK/516x/Components/Library/libMac_JN516x.a(TAMDE.o)
                0x0008c592                _vTAMDE_MLMEsyncRequest
 .text.vTrySendUnslotted
                0x0008c5c2       0x23 /cygdrive/c/TWESDK/516x/Components/Library/libMac_JN516x.a(TAMDE.o)
 .text.vDeterminePowerState
                0x0008c5e5       0x98 /cygdrive/c/TWESDK/516x/Components/Library/libMac_JN516x.a(TAMDE.o)
 .text.vTAMDEreqTXnullTrackingCAP
                0x0008c67d       0x1c /cygdrive/c/TWESDK/516x/Components/Library/libMac_JN516x.a(TAMDE.o)
                0x0008c67d                _vTAMDEreqTXnullTrackingCAP
 .text.vTAMDEint2FiredTrackingDR
                0x0008c699       0x2b /cygdrive/c/TWESDK/516x/Components/Library/libMac_JN516x.a(TAMDE.o)
                0x0008c699                _vTAMDEint2FiredTrackingDR
 .text.vTAMDEframeTXDEnull
                0x0008c6c4       0x28 /cygdrive/c/TWESDK/516x/Components/Library/libMac_JN516x.a(TAMDE.o)
                0x0008c6c4                _vTAMDEframeTXDEnull
 .text.vTAMDEframeTXtrackingCAPgts
                0x0008c6ec       0x34 /cygdrive/c/TWESDK/516x/Components/Library/libMac_JN516x.a(TAMDE.o)
                0x0008c6ec                _vTAMDEframeTXtrackingCAPgts
 .text.vTAMDEframeRX
                0x0008c720       0x30 /cygdrive/c/TWESDK/516x/Components/Library/libMac_JN516x.a(TAMDE.o)
                0x0008c720                _vTAMDEframeRX
 .text.vTAMDEframePreSyncReq
                0x0008c750       0x21 /cygdrive/c/TWESDK/516x/Components/Library/libMac_JN516x.a(TAMDE.o)
                0x0008c750                _vTAMDEframePreSyncReq
 .text.bSendDataRequest
                0x0008c771      0x113 /cygdrive/c/TWESDK/516x/Components/Library/libMac_JN516x.a(TAMDE.o)
 .text.vTAMDEframeRXtrackingDR
                0x0008c884       0x47 /cygdrive/c/TWESDK/516x/Components/Library/libMac_JN516x.a(TAMDE.o)
                0x0008c884                _vTAMDEframeRXtrackingDR
 .text.vTAMDEint2FiredPollActive
                0x0008c8cb       0x34 /cygdrive/c/TWESDK/516x/Components/Library/libMac_JN516x.a(TAMDE.o)
                0x0008c8cb                _vTAMDEint2FiredPollActive
 .text.vTAMDEframeTXtrackingDR
                0x0008c8ff       0x6b /cygdrive/c/TWESDK/516x/Components/Library/libMac_JN516x.a(TAMDE.o)
                0x0008c8ff                _vTAMDEframeTXtrackingDR
 .text.vTAMDEint1FiredTracking
                0x0008c96a       0x6f /cygdrive/c/TWESDK/516x/Components/Library/libMac_JN516x.a(TAMDE.o)
                0x0008c96a                _vTAMDEint1FiredTracking
 .text.vTAMDEint1FiredTrackingCAPgts
                0x0008c9d9       0xca /cygdrive/c/TWESDK/516x/Components/Library/libMac_JN516x.a(TAMDE.o)
                0x0008c9d9                _vTAMDEint1FiredTrackingCAPgts
 .text.vTAMDEint1FiredTrackingBeacon
                0x0008caa3       0xa7 /cygdrive/c/TWESDK/516x/Components/Library/libMac_JN516x.a(TAMDE.o)
                0x0008caa3                _vTAMDEint1FiredTrackingBeacon
 .text.bProcessBeaconRX
                0x0008cb4a       0xe6 /cygdrive/c/TWESDK/516x/Components/Library/libMac_JN516x.a(TAMDE.o)
 .text.vTAMDEframeRXsyncReq
                0x0008cc30      0x26c /cygdrive/c/TWESDK/516x/Components/Library/libMac_JN516x.a(TAMDE.o)
                0x0008cc30                _vTAMDEframeRXsyncReq
 .text.vTAMDEint1FiredSyncReq
                0x0008ce9c       0x7b /cygdrive/c/TWESDK/516x/Components/Library/libMac_JN516x.a(TAMDE.o)
                0x0008ce9c                _vTAMDEint1FiredSyncReq
 .text.pvMEMget
                0x0008cf17       0x27 /cygdrive/c/TWESDK/516x/Components/Library/libMac_JN516x.a(TAM_MEM.o)
                0x0008cf17                _pvMEMget
 .text.vMEMreturn
                0x0008cf3e       0x6a /cygdrive/c/TWESDK/516x/Components/Library/libMac_JN516x.a(TAM_MEM.o)
                0x0008cf3e                _vMEMreturn
 .text.vMEMreset
                0x0008cfa8       0x70 /cygdrive/c/TWESDK/516x/Components/Library/libMac_JN516x.a(TAM_MEM.o)
                0x0008cfa8                _vMEMreset
 .text.vMLMErxEnableConfirm
                0x0008d018       0x37 /cygdrive/c/TWESDK/516x/Components/Library/libMac_JN516x.a(TAM_MLME.o)
                0x0008d018                _vMLMErxEnableConfirm
 .text.vMLMEcommStatus
                0x0008d04f       0x6e /cygdrive/c/TWESDK/516x/Components/Library/libMac_JN516x.a(TAM_MLME.o)
                0x0008d04f                _vMLMEcommStatus
 .text.vMLMEcommStatusFromFrame
                0x0008d0bd       0x47 /cygdrive/c/TWESDK/516x/Components/Library/libMac_JN516x.a(TAM_MLME.o)
                0x0008d0bd                _vMLMEcommStatusFromFrame
 .text.vMLMEsyncLoss
                0x0008d104       0x38 /cygdrive/c/TWESDK/516x/Components/Library/libMac_JN516x.a(TAM_MLME.o)
                0x0008d104                _vMLMEsyncLoss
 .text.vMLMEbeaconNotify
                0x0008d13c      0x17c /cygdrive/c/TWESDK/516x/Components/Library/libMac_JN516x.a(TAM_MLME.o)
                0x0008d13c                _vMLMEbeaconNotify
 .text.vTAHsetCutOff
                0x0008d2b8        0xa /cygdrive/c/TWESDK/516x/Components/Library/libMac_JN516x.a(TAM_TAH.o)
                0x0008d2b8                _vTAHsetCutOff
 .text.vTAHsetSyncLock
                0x0008d2c2       0x18 /cygdrive/c/TWESDK/516x/Components/Library/libMac_JN516x.a(TAM_TAH.o)
                0x0008d2c2                _vTAHsetSyncLock
 .text.vTAHsetPhyStateDirect
                0x0008d2da       0x33 /cygdrive/c/TWESDK/516x/Components/Library/libMac_JN516x.a(TAM_TAH.o)
                0x0008d2da                _vTAHsetPhyStateDirect
 .text.vTAHsetPhyState
                0x0008d30d       0x35 /cygdrive/c/TWESDK/516x/Components/Library/libMac_JN516x.a(TAM_TAH.o)
                0x0008d30d                _vTAHsetPhyState
 .text.vTAIdisableInterrupt
                0x0008d342       0x10 /cygdrive/c/TWESDK/516x/Components/Library/libMac_JN516x.a(TAM_TAI.o)
                0x0008d342                _vTAIdisableInterrupt
 .text.vTAIsetRxEnableTime
                0x0008d352       0x1d /cygdrive/c/TWESDK/516x/Components/Library/libMac_JN516x.a(TAM_TAI.o)
                0x0008d352                _vTAIsetRxEnableTime
 .text.vTAIsetCapTime
                0x0008d36f       0x1d /cygdrive/c/TWESDK/516x/Components/Library/libMac_JN516x.a(TAM_TAI.o)
                0x0008d36f                _vTAIsetCapTime
 .text.eTATreadTXstatus
                0x0008d38c       0x46 /cygdrive/c/TWESDK/516x/Components/Library/libMac_JN516x.a(TAM_TAT.o)
                0x0008d38c                _eTATreadTXstatus
 .text.vTATgetFrameAddress
                0x0008d3d2       0x20 /cygdrive/c/TWESDK/516x/Components/Library/libMac_JN516x.a(TAM_TAT.o)
                0x0008d3d2                _vTATgetFrameAddress
 .text.vTATgetFramePayload
                0x0008d3f2       0x1d /cygdrive/c/TWESDK/516x/Components/Library/libMac_JN516x.a(TAM_TAT.o)
                0x0008d3f2                _vTATgetFramePayload
 .text.vTATsetBLE
                0x0008d40f       0x3e /cygdrive/c/TWESDK/516x/Components/Library/libMac_JN516x.a(TAM_TAT.o)
                0x0008d40f                _vTATsetBLE
 .text.vTATwriteAclMaterialToHardware
                0x0008d44d       0x2c /cygdrive/c/TWESDK/516x/Components/Library/libMac_JN516x.a(TAM_TAT.o)
                0x0008d44d                _vTATwriteAclMaterialToHardware
 .text.bIsBbcSafeForTx
                0x0008d479       0x2d /cygdrive/c/TWESDK/516x/Components/Library/libMac_JN516x.a(TAM_TAT.o)
                0x0008d479                _bIsBbcSafeForTx
 .text.vTATstartReceiveAt
                0x0008d4a6       0x1e /cygdrive/c/TWESDK/516x/Components/Library/libMac_JN516x.a(TAM_TAT.o)
                0x0008d4a6                _vTATstartReceiveAt
 .text.vWriteFrame
                0x0008d4c4       0x7d /cygdrive/c/TWESDK/516x/Components/Library/libMac_JN516x.a(TAM_TAT.o)
 .text.bTATsendFrame
                0x0008d541       0x5a /cygdrive/c/TWESDK/516x/Components/Library/libMac_JN516x.a(TAM_TAT.o)
                0x0008d541                _bTATsendFrame
 .text.bTATsendFrameAt
                0x0008d59b       0x48 /cygdrive/c/TWESDK/516x/Components/Library/libMac_JN516x.a(TAM_TAT.o)
                0x0008d59b                _bTATsendFrameAt
 .text.bTACassessBeaconForPayload
                0x0008d5e3       0x4c /cygdrive/c/TWESDK/516x/Components/Library/libMac_JN516x.a(TAMcommon.o)
                0x0008d5e3                _bTACassessBeaconForPayload
 .text.bTACframeInProgress
                0x0008d62f       0x27 /cygdrive/c/TWESDK/516x/Components/Library/libMac_JN516x.a(TAMcommon.o)
                0x0008d62f                _bTACframeInProgress
 .text.vTACu16ToPayloadM
                0x0008d656        0xc /cygdrive/c/TWESDK/516x/Components/Library/libMac_JN516x.a(TAMcommon.o)
                0x0008d656                _vTACu16ToPayloadM
 .text.vTACu32ToPayloadM
                0x0008d662       0x18 /cygdrive/c/TWESDK/516x/Components/Library/libMac_JN516x.a(TAMcommon.o)
                0x0008d662                _vTACu32ToPayloadM
 .text.u16TACpayloadToU16M
                0x0008d67a        0xf /cygdrive/c/TWESDK/516x/Components/Library/libMac_JN516x.a(TAMcommon.o)
                0x0008d67a                _u16TACpayloadToU16M
 .text.u32TACpayloadToU32M
                0x0008d689       0x23 /cygdrive/c/TWESDK/516x/Components/Library/libMac_JN516x.a(TAMcommon.o)
                0x0008d689                _u32TACpayloadToU32M
 .text.u8TACgetHeaderSize
                0x0008d6ac       0x26 /cygdrive/c/TWESDK/516x/Components/Library/libMac_JN516x.a(TAMcommon.o)
                0x0008d6ac                _u8TACgetHeaderSize
 .text.vTACsetTxFrameDefaults
                0x0008d6d2       0x2a /cygdrive/c/TWESDK/516x/Components/Library/libMac_JN516x.a(TAMcommon.o)
                0x0008d6d2                _vTACsetTxFrameDefaults
 .text.vTACcheckPollResponse
                0x0008d6fc       0x37 /cygdrive/c/TWESDK/516x/Components/Library/libMac_JN516x.a(TAMcommon.o)
                0x0008d6fc                _vTACcheckPollResponse
 .text.bUpdateTime
                0x0008d733       0x46 /cygdrive/c/TWESDK/516x/Components/Library/libMac_JN516x.a(TAMcommon.o)
 .text.vTACbuildBeacon
                0x0008d779      0x257 /cygdrive/c/TWESDK/516x/Components/Library/libMac_JN516x.a(TAMcommon.o)
                0x0008d779                _vTACbuildBeacon
 .text.vTACsetFramePending
                0x0008d9d0       0x3f /cygdrive/c/TWESDK/516x/Components/Library/libMac_JN516x.a(TAMcommon.o)
                0x0008d9d0                _vTACsetFramePending
 .text.vTACsetPHYfromMacValue
                0x0008da0f       0x2b /cygdrive/c/TWESDK/516x/Components/Library/libMac_JN516x.a(TAMcommon.o)
                0x0008da0f                _vTACsetPHYfromMacValue
 .text.bTACcheckPANconflict
                0x0008da3a       0xa8 /cygdrive/c/TWESDK/516x/Components/Library/libMac_JN516x.a(TAMcommon.o)
                0x0008da3a                _bTACcheckPANconflict
 .text.bTACprocessUnexpectedBeacon
                0x0008dae2       0x6d /cygdrive/c/TWESDK/516x/Components/Library/libMac_JN516x.a(TAMcommon.o)
                0x0008dae2                _bTACprocessUnexpectedBeacon
 .text.bSendSyncLoss
                0x0008db4f       0x1e /cygdrive/c/TWESDK/516x/Components/Library/libMac_JN516x.a(TAMcommon.o)
 .text.vTACinformOriginator
                0x0008db6d       0x26 /cygdrive/c/TWESDK/516x/Components/Library/libMac_JN516x.a(TAMcommon.o)
                0x0008db6d                _vTACinformOriginator
 .text.vTACintRXheader
                0x0008db93       0x98 /cygdrive/c/TWESDK/516x/Components/Library/libMac_JN516x.a(TAMcommon.o)
                0x0008db93                _vTACintRXheader
 .text.bTACprocessFrameRXcomplete
                0x0008dc2b      0x231 /cygdrive/c/TWESDK/516x/Components/Library/libMac_JN516x.a(TAMcommon.o)
                0x0008dc2b                _bTACprocessFrameRXcomplete
 .text.eTACprocessFrameTXcomplete
                0x0008de5c      0x17c /cygdrive/c/TWESDK/516x/Components/Library/libMac_JN516x.a(TAMcommon.o)